[17:46:42] ConvaiChatbotComponentLog : Log : Cleanup | Character ID : ac032e3a-931c-11f0-8bf1-42010a7be01f | Session ID : -1
[17:46:42] ConvaiChatbotComponentLog : Log : Cleanup | Character ID : ac032e3a-931c-11f0-8bf1-42010a7be01f | Session ID : -1
[17:46:42] ConvaiSubsystemLog : Log : gRPC Creating Channel...
[17:46:42] ConvaiSubsystemLog : Log : UConvaiSubsystem Started
[17:46:42] ConvaiSubsystemLog : Log : Start Run
[17:46:42] ConvaiPlayerLog : Log : UConvaiPlayerComponent: Found submix "AudioInput"
[17:46:42] ConvaiSubsystemLog : Verbose : Registered player component: ConvaiPlayer
[17:46:46] ConvaiPlayerLog : Log : Started Talking
[17:46:46] ConvaiAudioLog : Log : Using SteelSeries Sonar - Microphone (SteelSeries Sonar Virtual Audio Device) as Audio capture device with NumChannels:2 and SampleRate:48000
[17:46:46] ConvaiSubsystemLog : Warning : gRPC channel not ready yet.. Current State: GRPC_CHANNEL_IDLE
[17:46:46] ConvaiGRPCLog : Log : AsyncGetResponse started | Character ID : ac032e3a-931c-11f0-8bf1-42010a7be01f | Session ID : -1
[17:46:46] ConvaiGRPCLog : Log : GRPC GetResponse stream initialized | Character ID : ac032e3a-931c-11f0-8bf1-42010a7be01f | Session ID : -1
[17:46:46] ConvaiGRPCLog : Log : request: character_id: "ac032e3a-931c-11f0-8bf1-42010a7be01f"
api_key: "0d59d0e9911a2f0886cb47a3cf7925ab"
session_id: "-1"
audio_config {
  sample_rate_hertz: 16000
  enable_facial_data: true
  face_model: FACE_MODEL_OVR_MODEL_NAME
}
action_config {
  actions: "Moves To"
  actions: "Follows"
  actions: "None"
  actions: "Stops"
  actions: "Waits for <time in seconds or character>"
  characters {
    name: "David"
  }
  characters {
    name: "Guest"
  }
  characters {
    name: "Player"
  }
  classification: "multistep"
}
speaker: "Player"
dynamic_info_config {
}
 | Character ID : ac032e3a-931c-11f0-8bf1-42010a7be01f | Session ID : -1
[17:46:46] ConvaiGRPCLog : Log : Initial Stream Write | Character ID : ac032e3a-931c-11f0-8bf1-42010a7be01f | Session ID : -1
[17:46:46] ConvaiGRPCLog : Log : Initial Stream Read | Character ID : ac032e3a-931c-11f0-8bf1-42010a7be01f | Session ID : -1
[17:46:47] ConvaiPlayerLog : Log : FinishTalking calling FinishGetResponseStream
[17:46:47] ConvaiGRPCLog : Log : Finish Writing to audio data buffer
[17:46:47] ConvaiGRPCLog : Log : FinishWriting:: Informing On Data Received
[17:46:47] ConvaiGRPCLog : Log : Calling Stream WritesDone | LastWriteReceived : True | AudioBuffer.Num() : 0 | Character ID : ac032e3a-931c-11f0-8bf1-42010a7be01f | Session ID : -1
[17:46:47] ConvaiGRPCLog : Log : On Stream Write Done Writing
[17:46:47] ConvaiPlayerLog : Log : Finished Talking
[17:46:47] ConvaiGRPCLog : Log : OnStreamWriteDone
[17:46:47] ConvaiGRPCLog : Log : NumberOfAudioBytesSent 36828
[17:46:47] ConvaiGRPCLog : Log : Received UserQuery Salut.: | Character ID : ac032e3a-931c-11f0-8bf1-42010a7be01f | Session ID : da3ea0f86d3f2762747f6cc69a307154 | IsFinalTranscription : False
[17:46:47] ConvaiGRPCLog : Log : Received UserQuery Salut.: | Character ID : ac032e3a-931c-11f0-8bf1-42010a7be01f | Session ID : da3ea0f86d3f2762747f6cc69a307154 | IsFinalTranscription : True
[17:46:49] ConvaiGRPCLog : Log : GetResponse EmotionResponseDebug: session_id: "da3ea0f86d3f2762747f6cc69a307154"
emotion_response: "Serenity"

[17:46:49] ConvaiGRPCLog : Log : Received Audio Chunk: 0.720726 secs | Character ID : ac032e3a-931c-11f0-8bf1-42010a7be01f | Session ID : da3ea0f86d3f2762747f6cc69a307154
[17:46:49] ConvaiGRPCLog : Log : EmotionResponse: joy 1
[17:46:49] ConvaiAudioStreamerLog : Log : State transition: Stopped -> WaitingOnLipSync
[17:46:49] ConvaiGRPCLog : Log : Received Text Bonjour ! : | Character ID : ac032e3a-931c-11f0-8bf1-42010a7be01f | Session ID : da3ea0f86d3f2762747f6cc69a307154 | ReceivedFinalResponse : False
[17:46:49] ConvaiAudioStreamerLog : Log : New SampleRate: 44100
[17:46:49] ConvaiAudioStreamerLog : Log : New Channels: 1
[17:46:49] ConvaiAudioStreamerLog : Log : State transition: WaitingOnLipSync -> Playing
[17:46:49] ConvaiAudioStreamerLog : Log : State transition: Playing -> WaitingOnAudio
[17:46:49] ConvaiGRPCLog : Log : GetResponse EmotionResponseDebug: session_id: "da3ea0f86d3f2762747f6cc69a307154"
emotion_response: "Serenity"

[17:46:49] ConvaiGRPCLog : Log : Received Audio Chunk: 1.640726 secs | Character ID : ac032e3a-931c-11f0-8bf1-42010a7be01f | Session ID : da3ea0f86d3f2762747f6cc69a307154
[17:46:49] ConvaiGRPCLog : Log : EmotionResponse: joy 1
[17:46:49] ConvaiAudioStreamerLog : Log : State transition: WaitingOnAudio -> Playing
[17:46:49] ConvaiGRPCLog : Log : Received Text Je suis David. : | Character ID : ac032e3a-931c-11f0-8bf1-42010a7be01f | Session ID : da3ea0f86d3f2762747f6cc69a307154 | ReceivedFinalResponse : False
[17:46:50] ConvaiAudioStreamerLog : Log : State transition: Playing -> WaitingOnAudio
[17:46:50] ConvaiGRPCLog : Log : GetResponse EmotionResponseDebug: session_id: "da3ea0f86d3f2762747f6cc69a307154"
emotion_response: "Serenity"

[17:46:50] ConvaiGRPCLog : Log : Received Audio Chunk: 1.120726 secs | Character ID : ac032e3a-931c-11f0-8bf1-42010a7be01f | Session ID : da3ea0f86d3f2762747f6cc69a307154
[17:46:50] ConvaiGRPCLog : Log : EmotionResponse: joy 1
[17:46:50] ConvaiAudioStreamerLog : Log : State transition: WaitingOnAudio -> Playing
[17:46:50] ConvaiGRPCLog : Log : Received Text Ravi de vous rencontrer. : | Character ID : ac032e3a-931c-11f0-8bf1-42010a7be01f | Session ID : da3ea0f86d3f2762747f6cc69a307154 | ReceivedFinalResponse : False
[17:46:50] ConvaiAudioStreamerLog : Log : State transition: Playing -> WaitingOnAudio
[17:46:50] ConvaiGRPCLog : Log : GetResponse EmotionResponseDebug: session_id: "da3ea0f86d3f2762747f6cc69a307154"
emotion_response: "Serenity"

[17:46:50] ConvaiGRPCLog : Log : Received Audio Chunk: 2.680726 secs | Character ID : ac032e3a-931c-11f0-8bf1-42010a7be01f | Session ID : da3ea0f86d3f2762747f6cc69a307154
[17:46:50] ConvaiGRPCLog : Log : EmotionResponse: joy 1
[17:46:50] ConvaiAudioStreamerLog : Log : State transition: WaitingOnAudio -> Playing
[17:46:50] ConvaiGRPCLog : Log : Received Text Je suis là pour qu'on discute un peu de quelque chose d'intéressant.: | Character ID : ac032e3a-931c-11f0-8bf1-42010a7be01f | Session ID : da3ea0f86d3f2762747f6cc69a307154 | ReceivedFinalResponse : False
[17:46:51] ConvaiAudioStreamerLog : Log : State transition: Playing -> WaitingOnAudio
[17:46:51] ConvaiGRPCLog : Log : Chatbot Total Received Lipsync Responses: 620 Responses
[17:46:51] ConvaiChatbotComponentLog : Log : Chatbot Total Received Audio: 6.158821 seconds
[17:46:51] ConvaiGRPCLog : Log : Received Text : | Character ID : ac032e3a-931c-11f0-8bf1-42010a7be01f | Session ID : da3ea0f86d3f2762747f6cc69a307154 | ReceivedFinalResponse : True
[17:46:51] ConvaiGRPCLog : Log : GetResponse SequenceString: None
[17:46:51] ConvaiGRPCLog : Log : Action: None
[17:46:52] ConvaiGRPCLog : Log : GetResponse EmotionResponseDebug: session_id: "da3ea0f86d3f2762747f6cc69a307154"
emotion_response: "Trust Joy"

[17:46:52] ConvaiGRPCLog : Log : No more data to read after 3 attempts. Calling Finish...
[17:46:52] ConvaiGRPCLog : Log : Calling Stream Finish | Character ID : ac032e3a-931c-11f0-8bf1-42010a7be01f | Session ID : da3ea0f86d3f2762747f6cc69a307154
[17:46:52] ConvaiGRPCLog : Log : On Stream Finish | Character ID : ac032e3a-931c-11f0-8bf1-42010a7be01f | Session ID : da3ea0f86d3f2762747f6cc69a307154
[17:46:52] ConvaiChatbotComponentLog : Log : UConvaiChatbotComponent Request Finished! | Character ID : ac032e3a-931c-11f0-8bf1-42010a7be01f | Session ID : da3ea0f86d3f2762747f6cc69a307154
[17:46:53] ConvaiSubsystemLog : Verbose : Unregistered player component: ConvaiPlayer
[17:46:53] ConvaiSubsystemLog : Log : UConvaiSubsystem Stopped
[17:46:53] ConvaiSubsystemLog : Log : End Run
[17:46:53] ConvaiChatbotComponentLog : Log : Cleanup | Character ID : ac032e3a-931c-11f0-8bf1-42010a7be01f | Session ID : -1
[17:46:53] ConvaiChatbotComponentLog : Log : Cleanup | Character ID : ac032e3a-931c-11f0-8bf1-42010a7be01f | Session ID : da3ea0f86d3f2762747f6cc69a307154
[17:46:53] ConvaiGRPCLog : Log : Destroying UConvaiGRPCGetResponseProxy... | Character ID : ac032e3a-931c-11f0-8bf1-42010a7be01f | Session ID : da3ea0f86d3f2762747f6cc69a307154
[17:47:51] ConvaiSubsystemLog : Log : gRPC Creating Channel...
[17:47:51] ConvaiSubsystemLog : Log : Start Run
[17:47:51] ConvaiSubsystemLog : Log : UConvaiSubsystem Started
[17:47:51] ConvaiPlayerLog : Log : UConvaiPlayerComponent: Found submix "AudioInput"
[17:47:51] ConvaiSubsystemLog : Verbose : Registered player component: ConvaiPlayer
[17:47:53] ConvaiPlayerLog : Log : Started Talking
[17:47:53] ConvaiAudioLog : Log : Using SteelSeries Sonar - Microphone (SteelSeries Sonar Virtual Audio Device) as Audio capture device with NumChannels:2 and SampleRate:48000
[17:47:53] ConvaiSubsystemLog : Warning : gRPC channel not ready yet.. Current State: GRPC_CHANNEL_IDLE
[17:47:53] ConvaiGRPCLog : Log : AsyncGetResponse started | Character ID : ac032e3a-931c-11f0-8bf1-42010a7be01f | Session ID : -1
[17:47:53] ConvaiGRPCLog : Log : GRPC GetResponse stream initialized | Character ID : ac032e3a-931c-11f0-8bf1-42010a7be01f | Session ID : -1
[17:47:53] ConvaiGRPCLog : Log : request: character_id: "ac032e3a-931c-11f0-8bf1-42010a7be01f"
api_key: "0d59d0e9911a2f0886cb47a3cf7925ab"
session_id: "-1"
audio_config {
  sample_rate_hertz: 16000
  enable_facial_data: true
  face_model: FACE_MODEL_OVR_MODEL_NAME
}
action_config {
  characters {
    name: "Player"
  }
  classification: "multistep"
}
speaker: "Player"
dynamic_info_config {
}
 | Character ID : ac032e3a-931c-11f0-8bf1-42010a7be01f | Session ID : -1
[17:47:53] ConvaiGRPCLog : Log : Initial Stream Write | Character ID : ac032e3a-931c-11f0-8bf1-42010a7be01f | Session ID : -1
[17:47:53] ConvaiGRPCLog : Log : Initial Stream Read | Character ID : ac032e3a-931c-11f0-8bf1-42010a7be01f | Session ID : -1
[17:47:54] ConvaiPlayerLog : Log : FinishTalking calling FinishGetResponseStream
[17:47:54] ConvaiGRPCLog : Log : Finish Writing to audio data buffer
[17:47:54] ConvaiGRPCLog : Log : FinishWriting:: Informing On Data Received
[17:47:54] ConvaiGRPCLog : Log : Calling Stream WritesDone | LastWriteReceived : True | AudioBuffer.Num() : 0 | Character ID : ac032e3a-931c-11f0-8bf1-42010a7be01f | Session ID : -1
[17:47:54] ConvaiGRPCLog : Log : On Stream Write Done Writing
[17:47:54] ConvaiPlayerLog : Log : Finished Talking
[17:47:54] ConvaiGRPCLog : Log : OnStreamWriteDone
[17:47:54] ConvaiGRPCLog : Log : NumberOfAudioBytesSent 32736
[17:47:56] ConvaiGRPCLog : Log : GetResponse EmotionResponseDebug: session_id: "5d0d20d095fc125d2500c0b3bf166f8e"
emotion_response: "Pensiveness"

[17:47:57] ConvaiGRPCLog : Log : Received Audio Chunk: 1.640726 secs | Character ID : ac032e3a-931c-11f0-8bf1-42010a7be01f | Session ID : 5d0d20d095fc125d2500c0b3bf166f8e
[17:47:57] ConvaiGRPCLog : Log : EmotionResponse: sadness 1
[17:47:57] ConvaiAudioStreamerLog : Log : State transition: Stopped -> WaitingOnLipSync
[17:47:57] ConvaiGRPCLog : Log : Received Text Bonjour, je suis David. : | Character ID : ac032e3a-931c-11f0-8bf1-42010a7be01f | Session ID : 5d0d20d095fc125d2500c0b3bf166f8e | ReceivedFinalResponse : False
[17:47:57] ConvaiAudioStreamerLog : Log : New SampleRate: 44100
[17:47:57] ConvaiAudioStreamerLog : Log : New Channels: 1
[17:47:57] ConvaiAudioStreamerLog : Log : State transition: WaitingOnLipSync -> Playing
[17:47:58] ConvaiAudioStreamerLog : Log : State transition: Playing -> WaitingOnAudio
[17:47:58] ConvaiGRPCLog : Log : GetResponse EmotionResponseDebug: session_id: "5d0d20d095fc125d2500c0b3bf166f8e"
emotion_response: "Pensiveness"

[17:47:58] ConvaiAudioStreamerLog : Log : onAudioFinished
[17:47:58] ConvaiAudioStreamerLog : Log : State transition: WaitingOnAudio -> Playing
[17:47:58] ConvaiAudioStreamerLog : Log : onAudioFinished
[17:47:58] ConvaiAudioStreamerLog : Log : State transition: Playing -> WaitingOnAudio
[17:47:59] ConvaiGRPCLog : Log : Received Audio Chunk: 11.320726 secs | Character ID : ac032e3a-931c-11f0-8bf1-42010a7be01f | Session ID : 5d0d20d095fc125d2500c0b3bf166f8e
[17:47:59] ConvaiGRPCLog : Log : EmotionResponse: sadness 1
[17:47:59] ConvaiAudioStreamerLog : Log : State transition: WaitingOnAudio -> Playing
[17:47:59] ConvaiGRPCLog : Log : Received Text Je suis là pour discuter avec vous de certaines idées intéressantes.

J'aimerais avoir votre avis sur l'affirmation suivante : « Les personnes droitières respirent plus d’oxygène que les personnes gauchères. : | Character ID : ac032e3a-931c-11f0-8bf1-42010a7be01f | Session ID : 5d0d20d095fc125d2500c0b3bf166f8e | ReceivedFinalResponse : False
[17:47:59] ConvaiAudioStreamerLog : Log : State transition: Playing -> WaitingOnAudio
[17:47:59] ConvaiGRPCLog : Log : GetResponse EmotionResponseDebug: session_id: "5d0d20d095fc125d2500c0b3bf166f8e"
emotion_response: "Pensiveness"

[17:48:00] ConvaiGRPCLog : Log : Received Audio Chunk: 2.680726 secs | Character ID : ac032e3a-931c-11f0-8bf1-42010a7be01f | Session ID : 5d0d20d095fc125d2500c0b3bf166f8e
[17:48:00] ConvaiGRPCLog : Log : EmotionResponse: sadness 1
[17:48:00] ConvaiAudioStreamerLog : Log : State transition: WaitingOnAudio -> Playing
[17:48:00] ConvaiGRPCLog : Log : Received Text »

Selon vous, est-ce vrai ou faux ?: | Character ID : ac032e3a-931c-11f0-8bf1-42010a7be01f | Session ID : 5d0d20d095fc125d2500c0b3bf166f8e | ReceivedFinalResponse : False
[17:48:00] ConvaiAudioStreamerLog : Log : State transition: Playing -> WaitingOnAudio
[17:48:00] ConvaiGRPCLog : Log : Chatbot Total Received Lipsync Responses: 1567 Responses
[17:48:00] ConvaiChatbotComponentLog : Log : Chatbot Total Received Audio: 15.639114 seconds
[17:48:00] ConvaiGRPCLog : Log : Received Text : | Character ID : ac032e3a-931c-11f0-8bf1-42010a7be01f | Session ID : 5d0d20d095fc125d2500c0b3bf166f8e | ReceivedFinalResponse : True
[17:48:00] ConvaiGRPCLog : Log : GetResponse SequenceString: 
[17:48:01] ConvaiGRPCLog : Log : GetResponse EmotionResponseDebug: session_id: "5d0d20d095fc125d2500c0b3bf166f8e"
emotion_response: "Trust Anticipation Serenity"

[17:48:01] ConvaiSubsystemLog : Verbose : Unregistered player component: ConvaiPlayer
[17:48:01] ConvaiSubsystemLog : Log : UConvaiSubsystem Stopped
[17:48:01] ConvaiSubsystemLog : Log : Could not run gRPC delegate due to thread closing down
[17:48:01] ConvaiSubsystemLog : Log : End Run
[17:48:01] ConvaiGRPCLog : Log : Destroying UConvaiGRPCGetResponseProxy... | Character ID : ac032e3a-931c-11f0-8bf1-42010a7be01f | Session ID : 5d0d20d095fc125d2500c0b3bf166f8e
[17:48:01] ConvaiChatbotComponentLog : Log : Cleanup | Character ID : ac032e3a-931c-11f0-8bf1-42010a7be01f | Session ID : -1
[17:48:01] ConvaiChatbotComponentLog : Log : Cleanup | Character ID : ac032e3a-931c-11f0-8bf1-42010a7be01f | Session ID : 5d0d20d095fc125d2500c0b3bf166f8e
