[17:25:06] ConvaiChatbotComponentLog : Log : Cleanup | Character ID : ac032e3a-931c-11f0-8bf1-42010a7be01f | Session ID : -1
[17:25:06] ConvaiChatbotComponentLog : Log : Cleanup | Character ID : ac032e3a-931c-11f0-8bf1-42010a7be01f | Session ID : -1
[17:25:06] ConvaiChatbotComponentLog : Log : Cleanup | Character ID : ac032e3a-931c-11f0-8bf1-42010a7be01f | Session ID : -1
[17:25:06] ConvaiChatbotComponentLog : Log : Cleanup | Character ID : ac032e3a-931c-11f0-8bf1-42010a7be01f | Session ID : -1
[17:27:44] ConvaiSubsystemLog : Log : gRPC Creating Channel...
[17:27:44] ConvaiSubsystemLog : Log : UConvaiSubsystem Started
[17:27:44] ConvaiSubsystemLog : Log : Start Run
[17:27:44] ConvaiPlayerLog : Log : UConvaiPlayerComponent: Found submix "AudioInput"
[17:27:44] ConvaiSubsystemLog : Verbose : Registered player component: ConvaiPlayer
[17:27:45] ConvaiSubsystemLog : Verbose : Unregistered player component: ConvaiPlayer
[17:27:45] ConvaiSubsystemLog : Log : UConvaiSubsystem Stopped
[17:27:45] ConvaiSubsystemLog : Log : End Run
[17:27:45] ConvaiChatbotComponentLog : Log : Cleanup | Character ID : ac032e3a-931c-11f0-8bf1-42010a7be01f | Session ID : -1
[17:27:45] ConvaiChatbotComponentLog : Log : Cleanup | Character ID : ac032e3a-931c-11f0-8bf1-42010a7be01f | Session ID : -1
[17:27:45] ConvaiChatbotComponentLog : Log : Cleanup | Character ID : ac032e3a-931c-11f0-8bf1-42010a7be01f | Session ID : -1
[17:27:45] ConvaiChatbotComponentLog : Log : Cleanup | Character ID : ac032e3a-931c-11f0-8bf1-42010a7be01f | Session ID : -1
[17:27:52] ConvaiSubsystemLog : Log : gRPC Creating Channel...
[17:27:52] ConvaiSubsystemLog : Log : UConvaiSubsystem Started
[17:27:52] ConvaiSubsystemLog : Log : Start Run
[17:27:52] ConvaiPlayerLog : Log : UConvaiPlayerComponent: Found submix "AudioInput"
[17:27:52] ConvaiSubsystemLog : Verbose : Registered player component: ConvaiPlayer
[17:28:00] ConvaiSubsystemLog : Warning : gRPC channel not ready yet.. Current State: GRPC_CHANNEL_IDLE
[17:28:00] ConvaiGRPCLog : Log : AsyncGetResponse started | Character ID : ac032e3a-931c-11f0-8bf1-42010a7be01f | Session ID : -1
[17:28:00] ConvaiGRPCLog : Log : GRPC GetResponse stream initialized | Character ID : ac032e3a-931c-11f0-8bf1-42010a7be01f | Session ID : -1
[17:28:00] ConvaiGRPCLog : Log : request: character_id: "ac032e3a-931c-11f0-8bf1-42010a7be01f"
api_key: "0d59d0e9911a2f0886cb47a3cf7925ab"
session_id: "-1"
audio_config {
  sample_rate_hertz: 16000
  enable_facial_data: true
  face_model: FACE_MODEL_OVR_MODEL_NAME
}
action_config {
  actions: "Moves To"
  actions: "Follows"
  actions: "None"
  actions: "Stops"
  actions: "Waits for <time in seconds or character>"
  characters {
    name: "Malia"
  }
  characters {
    name: "Guest"
  }
  characters {
    name: "Player"
  }
  classification: "multistep"
}
speaker: "Player"
dynamic_info_config {
}
 | Character ID : ac032e3a-931c-11f0-8bf1-42010a7be01f | Session ID : -1
[17:28:00] ConvaiGRPCLog : Log : Initial Stream Write | Character ID : ac032e3a-931c-11f0-8bf1-42010a7be01f | Session ID : -1
[17:28:00] ConvaiGRPCLog : Log : Initial Stream Read | Character ID : ac032e3a-931c-11f0-8bf1-42010a7be01f | Session ID : -1
[17:28:00] ConvaiGRPCLog : Log : Sent UserQuery yo: | Character ID : ac032e3a-931c-11f0-8bf1-42010a7be01f | Session ID : -1
[17:28:00] ConvaiGRPCLog : Log : Calling Stream WriteLast | Character ID : ac032e3a-931c-11f0-8bf1-42010a7be01f | Session ID : -1
[17:28:00] ConvaiGRPCLog : Log : OnStreamWriteDone
[17:28:00] ConvaiGRPCLog : Log : NumberOfAudioBytesSent 0
[17:28:03] ConvaiGRPCLog : Log : GetResponse EmotionResponseDebug: session_id: "26f07fd1eccba2374709472c8383045a"
emotion_response: "Serenity"

[17:28:03] ConvaiGRPCLog : Log : Received Audio Chunk: 0.755306 secs | Character ID : ac032e3a-931c-11f0-8bf1-42010a7be01f | Session ID : 26f07fd1eccba2374709472c8383045a
[17:28:03] ConvaiGRPCLog : Log : EmotionResponse: joy 1
[17:28:03] ConvaiAudioStreamerLog : Log : State transition: Stopped -> WaitingOnLipSync
[17:28:03] ConvaiGRPCLog : Log : Received Text Hi there! : | Character ID : ac032e3a-931c-11f0-8bf1-42010a7be01f | Session ID : 26f07fd1eccba2374709472c8383045a | ReceivedFinalResponse : False
[17:28:03] ConvaiAudioStreamerLog : Log : New SampleRate: 44100
[17:28:03] ConvaiAudioStreamerLog : Log : New Channels: 1
[17:28:03] ConvaiAudioStreamerLog : Log : State transition: WaitingOnLipSync -> Playing
[17:28:03] ConvaiAudioStreamerLog : Log : State transition: Playing -> WaitingOnAudio
[17:28:03] ConvaiGRPCLog : Log : GetResponse EmotionResponseDebug: session_id: "26f07fd1eccba2374709472c8383045a"
emotion_response: "Serenity"

[17:28:03] ConvaiGRPCLog : Log : Received Audio Chunk: 0.925510 secs | Character ID : ac032e3a-931c-11f0-8bf1-42010a7be01f | Session ID : 26f07fd1eccba2374709472c8383045a
[17:28:03] ConvaiGRPCLog : Log : EmotionResponse: joy 1
[17:28:03] ConvaiAudioStreamerLog : Log : State transition: WaitingOnAudio -> Playing
[17:28:03] ConvaiGRPCLog : Log : Received Text I'm Malia. : | Character ID : ac032e3a-931c-11f0-8bf1-42010a7be01f | Session ID : 26f07fd1eccba2374709472c8383045a | ReceivedFinalResponse : False
[17:28:03] ConvaiAudioStreamerLog : Log : State transition: Playing -> WaitingOnAudio
[17:28:03] ConvaiGRPCLog : Log : GetResponse EmotionResponseDebug: session_id: "26f07fd1eccba2374709472c8383045a"
emotion_response: "Serenity"

[17:28:04] ConvaiGRPCLog : Log : Received Audio Chunk: 1.170680 secs | Character ID : ac032e3a-931c-11f0-8bf1-42010a7be01f | Session ID : 26f07fd1eccba2374709472c8383045a
[17:28:04] ConvaiGRPCLog : Log : EmotionResponse: joy 1
[17:28:04] ConvaiAudioStreamerLog : Log : State transition: WaitingOnAudio -> Playing
[17:28:04] ConvaiGRPCLog : Log : Received Text I'm glad you're here.: | Character ID : ac032e3a-931c-11f0-8bf1-42010a7be01f | Session ID : 26f07fd1eccba2374709472c8383045a | ReceivedFinalResponse : False
[17:28:04] ConvaiAudioStreamerLog : Log : State transition: Playing -> WaitingOnAudio
[17:28:04] ConvaiGRPCLog : Log : Chatbot Total Received Lipsync Responses: 287 Responses
[17:28:04] ConvaiChatbotComponentLog : Log : Chatbot Total Received Audio: 2.848435 seconds
[17:28:04] ConvaiGRPCLog : Log : Received Text : | Character ID : ac032e3a-931c-11f0-8bf1-42010a7be01f | Session ID : 26f07fd1eccba2374709472c8383045a | ReceivedFinalResponse : True
[17:28:04] ConvaiGRPCLog : Log : GetResponse SequenceString: None
[17:28:04] ConvaiGRPCLog : Log : Action: None
[17:28:05] ConvaiGRPCLog : Log : GetResponse EmotionResponseDebug: session_id: "26f07fd1eccba2374709472c8383045a"
emotion_response: "Trust Serenity"

[17:28:06] ConvaiAudioStreamerLog : Log : onAudioFinished
[17:28:06] ConvaiAudioStreamerLog : Log : State transition: WaitingOnAudio -> Playing
[17:28:06] ConvaiAudioStreamerLog : Log : onAudioFinished
[17:28:06] ConvaiAudioStreamerLog : Log : State transition: Playing -> WaitingOnAudio
[17:28:06] ConvaiGRPCLog : Log : No more data to read after 3 attempts. Calling Finish...
[17:28:06] ConvaiGRPCLog : Log : Calling Stream Finish | Character ID : ac032e3a-931c-11f0-8bf1-42010a7be01f | Session ID : 26f07fd1eccba2374709472c8383045a
[17:28:06] ConvaiGRPCLog : Log : On Stream Finish | Character ID : ac032e3a-931c-11f0-8bf1-42010a7be01f | Session ID : 26f07fd1eccba2374709472c8383045a
[17:28:06] ConvaiChatbotComponentLog : Log : UConvaiChatbotComponent Request Finished! | Character ID : ac032e3a-931c-11f0-8bf1-42010a7be01f | Session ID : 26f07fd1eccba2374709472c8383045a
[17:28:08] ConvaiSubsystemLog : Verbose : Unregistered player component: ConvaiPlayer
[17:28:08] ConvaiSubsystemLog : Log : UConvaiSubsystem Stopped
[17:28:08] ConvaiSubsystemLog : Log : End Run
[17:28:08] ConvaiGRPCLog : Log : Destroying UConvaiGRPCGetResponseProxy... | Character ID : ac032e3a-931c-11f0-8bf1-42010a7be01f | Session ID : 26f07fd1eccba2374709472c8383045a
[17:28:08] ConvaiChatbotComponentLog : Log : Cleanup | Character ID : ac032e3a-931c-11f0-8bf1-42010a7be01f | Session ID : 26f07fd1eccba2374709472c8383045a
[17:28:21] ConvaiGRPCLog : Log : Destroying UConvaiGRPCGetResponseProxy... | Character ID :  | Session ID : 
[17:28:21] ConvaiGRPCFeedBackLog : Log : On Stream Finish | Interaction ID :  | Feedback Text :  | ThumbsUp: False
[17:28:21] ConvaiChatbotComponentLog : Log : Cleanup | Character ID :  | Session ID : -1
[17:28:21] ConvaiChatbotComponentLog : Log : Cleanup | Character ID :  | Session ID : -1
[17:28:21] ConvaiChatbotComponentLog : Log : Cleanup | Character ID : ac032e3a-931c-11f0-8bf1-42010a7be01f | Session ID : -1
[17:28:21] ConvaiChatbotComponentLog : Log : Cleanup | Character ID :  | Session ID : -1
