[20:40:22] ConvaiChatbotComponentLog : Log : Cleanup | Character ID : ac032e3a-931c-11f0-8bf1-42010a7be01f | Session ID : -1
[20:40:26] ConvaiChatbotComponentLog : Log : Cleanup | Character ID : ac032e3a-931c-11f0-8bf1-42010a7be01f | Session ID : -1
[20:40:26] ConvaiChatbotComponentLog : Log : Cleanup | Character ID : ac032e3a-931c-11f0-8bf1-42010a7be01f | Session ID : -1
[20:40:27] ConvaiChatbotComponentLog : Log : Cleanup | Character ID : ac032e3a-931c-11f0-8bf1-42010a7be01f | Session ID : -1
[20:41:15] ConvaiSubsystemLog : Log : gRPC Creating Channel...
[20:41:15] ConvaiSubsystemLog : Log : UConvaiSubsystem Started
[20:41:15] ConvaiSubsystemLog : Log : Start Run
[20:41:15] ConvaiPlayerLog : Log : UConvaiPlayerComponent: Found submix "AudioInput"
[20:41:15] ConvaiSubsystemLog : Verbose : Registered player component: ConvaiPlayer
[20:41:31] ConvaiSubsystemLog : Warning : gRPC channel not ready yet.. Current State: GRPC_CHANNEL_IDLE
[20:41:31] ConvaiGRPCLog : Log : AsyncGetResponse started | Character ID : ac032e3a-931c-11f0-8bf1-42010a7be01f | Session ID : -1
[20:41:32] ConvaiGRPCLog : Log : GRPC GetResponse stream initialized | Character ID : ac032e3a-931c-11f0-8bf1-42010a7be01f | Session ID : -1
[20:41:32] ConvaiGRPCLog : Log : request: character_id: "ac032e3a-931c-11f0-8bf1-42010a7be01f"
api_key: "0d59d0e9911a2f0886cb47a3cf7925ab"
session_id: "-1"
audio_config {
  sample_rate_hertz: 16000
  enable_facial_data: true
  face_model: FACE_MODEL_OVR_MODEL_NAME
}
action_config {
  actions: "Moves To"
  actions: "Follows"
  actions: "None"
  actions: "Stops"
  actions: "Waits for <time in seconds or character>"
  characters {
    name: "Malia"
  }
  characters {
    name: "Guest"
  }
  characters {
    name: "Player"
  }
  classification: "multistep"
}
speaker: "Player"
dynamic_info_config {
}
 | Character ID : ac032e3a-931c-11f0-8bf1-42010a7be01f | Session ID : -1
[20:41:32] ConvaiGRPCLog : Log : Initial Stream Write | Character ID : ac032e3a-931c-11f0-8bf1-42010a7be01f | Session ID : -1
[20:41:32] ConvaiGRPCLog : Log : Initial Stream Read | Character ID : ac032e3a-931c-11f0-8bf1-42010a7be01f | Session ID : -1
[20:41:32] ConvaiGRPCLog : Log : Sent UserQuery hello: | Character ID : ac032e3a-931c-11f0-8bf1-42010a7be01f | Session ID : -1
[20:41:32] ConvaiGRPCLog : Log : Calling Stream WriteLast | Character ID : ac032e3a-931c-11f0-8bf1-42010a7be01f | Session ID : -1
[20:41:32] ConvaiGRPCLog : Log : OnStreamWriteDone
[20:41:32] ConvaiGRPCLog : Log : NumberOfAudioBytesSent 0
[20:41:34] ConvaiGRPCLog : Log : GetResponse EmotionResponseDebug: session_id: "a945b9dc7ad218453024d9bb2ffafdaa"
emotion_response: "Serenity"

[20:41:35] ConvaiGRPCLog : Log : Received Audio Chunk: 0.872063 secs | Character ID : ac032e3a-931c-11f0-8bf1-42010a7be01f | Session ID : a945b9dc7ad218453024d9bb2ffafdaa
[20:41:35] ConvaiGRPCLog : Log : EmotionResponse: joy 1
[20:41:35] ConvaiAudioStreamerLog : Log : State transition: Stopped -> WaitingOnLipSync
[20:41:35] ConvaiGRPCLog : Log : Received Text Hello there! : | Character ID : ac032e3a-931c-11f0-8bf1-42010a7be01f | Session ID : a945b9dc7ad218453024d9bb2ffafdaa | ReceivedFinalResponse : False
[20:41:35] ConvaiAudioStreamerLog : Log : New SampleRate: 44100
[20:41:35] ConvaiAudioStreamerLog : Log : New Channels: 1
[20:41:35] ConvaiAudioStreamerLog : Log : State transition: WaitingOnLipSync -> Playing
[20:41:35] ConvaiAudioStreamerLog : Log : State transition: Playing -> WaitingOnAudio
[20:41:35] ConvaiGRPCLog : Log : GetResponse EmotionResponseDebug: session_id: "a945b9dc7ad218453024d9bb2ffafdaa"
emotion_response: "Serenity"

[20:41:35] ConvaiGRPCLog : Log : Received Audio Chunk: 0.925510 secs | Character ID : ac032e3a-931c-11f0-8bf1-42010a7be01f | Session ID : a945b9dc7ad218453024d9bb2ffafdaa
[20:41:35] ConvaiGRPCLog : Log : EmotionResponse: joy 1
[20:41:35] ConvaiAudioStreamerLog : Log : State transition: WaitingOnAudio -> Playing
[20:41:35] ConvaiGRPCLog : Log : Received Text I'm Malia. : | Character ID : ac032e3a-931c-11f0-8bf1-42010a7be01f | Session ID : a945b9dc7ad218453024d9bb2ffafdaa | ReceivedFinalResponse : False
[20:41:35] ConvaiAudioStreamerLog : Log : State transition: Playing -> WaitingOnAudio
[20:41:35] ConvaiGRPCLog : Log : GetResponse EmotionResponseDebug: session_id: "a945b9dc7ad218453024d9bb2ffafdaa"
emotion_response: "Serenity"

[20:41:36] ConvaiGRPCLog : Log : Received Audio Chunk: 8.096122 secs | Character ID : ac032e3a-931c-11f0-8bf1-42010a7be01f | Session ID : a945b9dc7ad218453024d9bb2ffafdaa
[20:41:36] ConvaiGRPCLog : Log : EmotionResponse: joy 1
[20:41:36] ConvaiAudioStreamerLog : Log : State transition: WaitingOnAudio -> Playing
[20:41:36] ConvaiGRPCLog : Log : Received Text I'm curious, what are your thoughts on this statement: "Right-handed people breathe more oxygen than left-handed people." True or false?: | Character ID : ac032e3a-931c-11f0-8bf1-42010a7be01f | Session ID : a945b9dc7ad218453024d9bb2ffafdaa | ReceivedFinalResponse : False
[20:41:36] ConvaiAudioStreamerLog : Log : State transition: Playing -> WaitingOnAudio
[20:41:36] ConvaiGRPCLog : Log : Chatbot Total Received Lipsync Responses: 991 Responses
[20:41:36] ConvaiChatbotComponentLog : Log : Chatbot Total Received Audio: 9.890635 seconds
[20:41:36] ConvaiGRPCLog : Log : Received Text : | Character ID : ac032e3a-931c-11f0-8bf1-42010a7be01f | Session ID : a945b9dc7ad218453024d9bb2ffafdaa | ReceivedFinalResponse : True
[20:41:36] ConvaiGRPCLog : Log : GetResponse SequenceString: None
[20:41:36] ConvaiGRPCLog : Log : Action: None
[20:41:37] ConvaiGRPCLog : Log : GetResponse EmotionResponseDebug: session_id: "a945b9dc7ad218453024d9bb2ffafdaa"
emotion_response: "Trust Anticipation Serenity"

[20:41:38] ConvaiGRPCLog : Log : No more data to read after 3 attempts. Calling Finish...
[20:41:38] ConvaiGRPCLog : Log : Calling Stream Finish | Character ID : ac032e3a-931c-11f0-8bf1-42010a7be01f | Session ID : a945b9dc7ad218453024d9bb2ffafdaa
[20:41:38] ConvaiGRPCLog : Log : On Stream Finish | Character ID : ac032e3a-931c-11f0-8bf1-42010a7be01f | Session ID : a945b9dc7ad218453024d9bb2ffafdaa
[20:41:38] ConvaiChatbotComponentLog : Log : UConvaiChatbotComponent Request Finished! | Character ID : ac032e3a-931c-11f0-8bf1-42010a7be01f | Session ID : a945b9dc7ad218453024d9bb2ffafdaa
[20:41:44] ConvaiAudioStreamerLog : Log : onAudioFinished
[20:41:44] ConvaiAudioStreamerLog : Log : State transition: WaitingOnAudio -> Playing
[20:41:44] ConvaiAudioStreamerLog : Log : onAudioFinished
[20:41:44] ConvaiAudioStreamerLog : Log : State transition: Playing -> WaitingOnAudio
[20:42:10] ConvaiSubsystemLog : Verbose : Unregistered player component: ConvaiPlayer
[20:42:10] ConvaiSubsystemLog : Log : UConvaiSubsystem Stopped
[20:42:10] ConvaiSubsystemLog : Log : End Run
[20:42:10] ConvaiGRPCLog : Log : Destroying UConvaiGRPCGetResponseProxy... | Character ID : ac032e3a-931c-11f0-8bf1-42010a7be01f | Session ID : a945b9dc7ad218453024d9bb2ffafdaa
[20:42:10] ConvaiChatbotComponentLog : Log : Cleanup | Character ID : ac032e3a-931c-11f0-8bf1-42010a7be01f | Session ID : a945b9dc7ad218453024d9bb2ffafdaa
[21:15:52] ConvaiGRPCLog : Log : Destroying UConvaiGRPCGetResponseProxy... | Character ID :  | Session ID : 
[21:15:52] ConvaiGRPCFeedBackLog : Log : On Stream Finish | Interaction ID :  | Feedback Text :  | ThumbsUp: False
[21:15:52] ConvaiChatbotComponentLog : Log : Cleanup | Character ID :  | Session ID : -1
[21:15:52] ConvaiChatbotComponentLog : Log : Cleanup | Character ID :  | Session ID : -1
[21:15:52] ConvaiChatbotComponentLog : Log : Cleanup | Character ID : ac032e3a-931c-11f0-8bf1-42010a7be01f | Session ID : -1
[21:15:52] ConvaiChatbotComponentLog : Log : Cleanup | Character ID :  | Session ID : -1
