[17:34:01] ConvaiChatbotComponentLog : Log : Cleanup | Character ID : ac032e3a-931c-11f0-8bf1-42010a7be01f | Session ID : -1
[17:34:01] ConvaiChatbotComponentLog : Log : Cleanup | Character ID : ac032e3a-931c-11f0-8bf1-42010a7be01f | Session ID : -1
[17:34:01] ConvaiChatbotComponentLog : Log : Cleanup | Character ID : ac032e3a-931c-11f0-8bf1-42010a7be01f | Session ID : -1
[17:34:01] ConvaiChatbotComponentLog : Log : Cleanup | Character ID : ac032e3a-931c-11f0-8bf1-42010a7be01f | Session ID : -1
[17:36:26] ConvaiChatbotComponentLog : Log : Cleanup | Character ID : ac032e3a-931c-11f0-8bf1-42010a7be01f | Session ID : -1
[17:36:26] ConvaiChatbotComponentLog : Log : Cleanup | Character ID : ac032e3a-931c-11f0-8bf1-42010a7be01f | Session ID : -1
[17:36:26] ConvaiChatbotComponentLog : Log : Cleanup | Character ID : ac032e3a-931c-11f0-8bf1-42010a7be01f | Session ID : -1
[17:36:26] ConvaiChatbotComponentLog : Log : Cleanup | Character ID : ac032e3a-931c-11f0-8bf1-42010a7be01f | Session ID : -1
[17:39:16] ConvaiChatbotComponentLog : Log : Cleanup | Character ID : ac032e3a-931c-11f0-8bf1-42010a7be01f | Session ID : -1
[17:39:16] ConvaiChatbotComponentLog : Log : Cleanup | Character ID : ac032e3a-931c-11f0-8bf1-42010a7be01f | Session ID : -1
[17:39:17] ConvaiChatbotComponentLog : Log : Cleanup | Character ID : ac032e3a-931c-11f0-8bf1-42010a7be01f | Session ID : -1
[17:40:23] ConvaiSubsystemLog : Log : gRPC Creating Channel...
[17:40:23] ConvaiSubsystemLog : Log : Start Run
[17:40:23] ConvaiSubsystemLog : Log : UConvaiSubsystem Started
[17:40:25] ConvaiSubsystemLog : Log : UConvaiSubsystem Stopped
[17:40:25] ConvaiSubsystemLog : Log : End Run
[17:40:25] ConvaiChatbotComponentLog : Log : Cleanup | Character ID : ac032e3a-931c-11f0-8bf1-42010a7be01f | Session ID : -1
[17:41:27] ConvaiSubsystemLog : Log : gRPC Creating Channel...
[17:41:27] ConvaiSubsystemLog : Log : Start Run
[17:41:27] ConvaiSubsystemLog : Log : UConvaiSubsystem Started
[17:41:31] ConvaiSubsystemLog : Log : UConvaiSubsystem Stopped
[17:41:31] ConvaiSubsystemLog : Log : End Run
[17:41:31] ConvaiChatbotComponentLog : Log : Cleanup | Character ID : ac032e3a-931c-11f0-8bf1-42010a7be01f | Session ID : -1
[17:42:52] ConvaiSubsystemLog : Log : gRPC Creating Channel...
[17:42:52] ConvaiSubsystemLog : Log : Start Run
[17:42:52] ConvaiSubsystemLog : Log : UConvaiSubsystem Started
[17:42:56] ConvaiSubsystemLog : Log : UConvaiSubsystem Stopped
[17:42:56] ConvaiSubsystemLog : Log : End Run
[17:42:56] ConvaiChatbotComponentLog : Log : Cleanup | Character ID : ac032e3a-931c-11f0-8bf1-42010a7be01f | Session ID : -1
[17:44:09] ConvaiSubsystemLog : Log : gRPC Creating Channel...
[17:44:09] ConvaiSubsystemLog : Log : Start Run
[17:44:09] ConvaiSubsystemLog : Log : UConvaiSubsystem Started
[17:44:14] ConvaiSubsystemLog : Log : UConvaiSubsystem Stopped
[17:44:14] ConvaiSubsystemLog : Log : End Run
[17:44:14] ConvaiChatbotComponentLog : Log : Cleanup | Character ID : ac032e3a-931c-11f0-8bf1-42010a7be01f | Session ID : -1
[17:48:13] ConvaiChatbotComponentLog : Log : Cleanup | Character ID : ac032e3a-931c-11f0-8bf1-42010a7be01f | Session ID : -1
[17:48:13] ConvaiChatbotComponentLog : Log : Cleanup | Character ID :  | Session ID : -1
[17:48:13] ConvaiChatbotComponentLog : Log : Cleanup | Character ID :  | Session ID : -1
[17:48:13] ConvaiChatbotComponentLog : Log : Cleanup | Character ID : ac032e3a-931c-11f0-8bf1-42010a7be01f | Session ID : -1
[17:48:13] ConvaiChatbotComponentLog : Log : Cleanup | Character ID :  | Session ID : -1
[17:48:13] ConvaiChatbotComponentLog : Log : Cleanup | Character ID :  | Session ID : -1
[17:48:13] ConvaiChatbotComponentLog : Log : Cleanup | Character ID : ac032e3a-931c-11f0-8bf1-42010a7be01f | Session ID : -1
[17:48:13] ConvaiChatbotComponentLog : Log : Cleanup | Character ID :  | Session ID : -1
[17:48:13] ConvaiChatbotComponentLog : Log : Cleanup | Character ID :  | Session ID : -1
[17:48:13] ConvaiChatbotComponentLog : Log : Cleanup | Character ID : ac032e3a-931c-11f0-8bf1-42010a7be01f | Session ID : -1
[17:48:13] ConvaiChatbotComponentLog : Log : Cleanup | Character ID :  | Session ID : -1
[17:48:13] ConvaiChatbotComponentLog : Log : Cleanup | Character ID :  | Session ID : -1
[17:48:13] ConvaiChatbotComponentLog : Log : Cleanup | Character ID : ac032e3a-931c-11f0-8bf1-42010a7be01f | Session ID : -1
[17:48:13] ConvaiChatbotComponentLog : Log : Cleanup | Character ID :  | Session ID : -1
[17:48:13] ConvaiChatbotComponentLog : Log : Cleanup | Character ID :  | Session ID : -1
[17:48:13] ConvaiChatbotComponentLog : Log : Cleanup | Character ID :  | Session ID : -1
[17:48:13] ConvaiChatbotComponentLog : Log : Cleanup | Character ID :  | Session ID : -1
[17:48:13] ConvaiChatbotComponentLog : Log : Cleanup | Character ID :  | Session ID : -1
[17:48:13] ConvaiChatbotComponentLog : Log : Cleanup | Character ID :  | Session ID : -1
[17:48:13] ConvaiChatbotComponentLog : Log : Cleanup | Character ID :  | Session ID : -1
[17:48:13] ConvaiChatbotComponentLog : Log : Cleanup | Character ID :  | Session ID : -1
[17:48:13] ConvaiChatbotComponentLog : Log : Cleanup | Character ID :  | Session ID : -1
[17:48:13] ConvaiChatbotComponentLog : Log : Cleanup | Character ID :  | Session ID : -1
[17:48:13] ConvaiChatbotComponentLog : Log : Cleanup | Character ID :  | Session ID : -1
[17:48:13] ConvaiChatbotComponentLog : Log : Cleanup | Character ID :  | Session ID : -1
[17:48:13] ConvaiChatbotComponentLog : Log : Cleanup | Character ID :  | Session ID : -1
[17:48:13] ConvaiChatbotComponentLog : Log : Cleanup | Character ID :  | Session ID : -1
[17:48:13] ConvaiChatbotComponentLog : Log : Cleanup | Character ID :  | Session ID : -1
[17:48:13] ConvaiChatbotComponentLog : Log : Cleanup | Character ID :  | Session ID : -1
[17:48:13] ConvaiChatbotComponentLog : Log : Cleanup | Character ID :  | Session ID : -1
[17:48:13] ConvaiChatbotComponentLog : Log : Cleanup | Character ID :  | Session ID : -1
[17:48:13] ConvaiChatbotComponentLog : Log : Cleanup | Character ID :  | Session ID : -1
[17:48:13] ConvaiChatbotComponentLog : Log : Cleanup | Character ID :  | Session ID : -1
[17:48:13] ConvaiChatbotComponentLog : Log : Cleanup | Character ID :  | Session ID : -1
[17:48:13] ConvaiChatbotComponentLog : Log : Cleanup | Character ID : ac032e3a-931c-11f0-8bf1-42010a7be01f | Session ID : -1
[17:48:13] ConvaiChatbotComponentLog : Log : Cleanup | Character ID :  | Session ID : -1
[17:48:13] ConvaiChatbotComponentLog : Log : Cleanup | Character ID :  | Session ID : -1
[17:48:13] ConvaiChatbotComponentLog : Log : Cleanup | Character ID : ac032e3a-931c-11f0-8bf1-42010a7be01f | Session ID : -1
[17:48:13] ConvaiChatbotComponentLog : Log : Cleanup | Character ID :  | Session ID : -1
[17:48:13] ConvaiChatbotComponentLog : Log : Cleanup | Character ID :  | Session ID : -1
[17:48:13] ConvaiChatbotComponentLog : Log : Cleanup | Character ID : ac032e3a-931c-11f0-8bf1-42010a7be01f | Session ID : -1
[17:48:13] ConvaiChatbotComponentLog : Log : Cleanup | Character ID :  | Session ID : -1
[17:48:13] ConvaiChatbotComponentLog : Log : Cleanup | Character ID : ac032e3a-931c-11f0-8bf1-42010a7be01f | Session ID : -1
[17:48:13] ConvaiChatbotComponentLog : Log : Cleanup | Character ID :  | Session ID : -1
[17:48:13] ConvaiChatbotComponentLog : Log : Cleanup | Character ID :  | Session ID : -1
[17:48:13] ConvaiChatbotComponentLog : Log : Cleanup | Character ID : ac032e3a-931c-11f0-8bf1-42010a7be01f | Session ID : -1
[17:48:13] ConvaiChatbotComponentLog : Log : Cleanup | Character ID :  | Session ID : -1
[17:48:13] ConvaiChatbotComponentLog : Log : Cleanup | Character ID :  | Session ID : -1
[17:48:13] ConvaiChatbotComponentLog : Log : Cleanup | Character ID : ac032e3a-931c-11f0-8bf1-42010a7be01f | Session ID : -1
[17:48:13] ConvaiChatbotComponentLog : Log : Cleanup | Character ID :  | Session ID : -1
[17:48:13] ConvaiChatbotComponentLog : Log : Cleanup | Character ID :  | Session ID : -1
[17:48:13] ConvaiChatbotComponentLog : Log : Cleanup | Character ID : ac032e3a-931c-11f0-8bf1-42010a7be01f | Session ID : -1
[17:48:13] ConvaiChatbotComponentLog : Log : Cleanup | Character ID :  | Session ID : -1
[17:48:13] ConvaiChatbotComponentLog : Log : Cleanup | Character ID :  | Session ID : -1
[17:48:13] ConvaiChatbotComponentLog : Log : Cleanup | Character ID : ac032e3a-931c-11f0-8bf1-42010a7be01f | Session ID : -1
[17:48:13] ConvaiChatbotComponentLog : Log : Cleanup | Character ID :  | Session ID : -1
[17:48:13] ConvaiChatbotComponentLog : Log : Cleanup | Character ID :  | Session ID : -1
[17:48:13] ConvaiChatbotComponentLog : Log : Cleanup | Character ID : ac032e3a-931c-11f0-8bf1-42010a7be01f | Session ID : -1
[17:48:13] ConvaiChatbotComponentLog : Log : Cleanup | Character ID :  | Session ID : -1
[17:48:13] ConvaiChatbotComponentLog : Log : Cleanup | Character ID :  | Session ID : -1
[17:48:13] ConvaiChatbotComponentLog : Log : Cleanup | Character ID : ac032e3a-931c-11f0-8bf1-42010a7be01f | Session ID : -1
[17:48:13] ConvaiChatbotComponentLog : Log : Cleanup | Character ID :  | Session ID : -1
[17:48:13] ConvaiChatbotComponentLog : Log : Cleanup | Character ID :  | Session ID : -1
[17:48:48] ConvaiChatbotComponentLog : Log : Cleanup | Character ID : ac032e3a-931c-11f0-8bf1-42010a7be01f | Session ID : -1
[17:48:48] ConvaiChatbotComponentLog : Log : Cleanup | Character ID :  | Session ID : -1
[17:48:48] ConvaiChatbotComponentLog : Log : Cleanup | Character ID : ac032e3a-931c-11f0-8bf1-42010a7be01f | Session ID : -1
[17:48:48] ConvaiChatbotComponentLog : Log : Cleanup | Character ID :  | Session ID : -1
[17:48:48] ConvaiChatbotComponentLog : Log : Cleanup | Character ID : ac032e3a-931c-11f0-8bf1-42010a7be01f | Session ID : -1
[17:48:48] ConvaiChatbotComponentLog : Log : Cleanup | Character ID :  | Session ID : -1
[17:48:48] ConvaiSubsystemLog : Log : gRPC Creating Channel...
[17:48:48] ConvaiSubsystemLog : Log : Start Run
[17:48:48] ConvaiSubsystemLog : Log : UConvaiSubsystem Started
[17:48:49] ConvaiSubsystemLog : Log : UConvaiSubsystem Stopped
[17:48:49] ConvaiSubsystemLog : Log : End Run
[17:48:49] ConvaiChatbotComponentLog : Log : Cleanup | Character ID : ac032e3a-931c-11f0-8bf1-42010a7be01f | Session ID : -1
[17:48:49] ConvaiChatbotComponentLog : Log : Cleanup | Character ID : ac032e3a-931c-11f0-8bf1-42010a7be01f | Session ID : -1
[17:48:49] ConvaiChatbotComponentLog : Log : Cleanup | Character ID : ac032e3a-931c-11f0-8bf1-42010a7be01f | Session ID : -1
[17:48:49] ConvaiChatbotComponentLog : Log : Cleanup | Character ID : ac032e3a-931c-11f0-8bf1-42010a7be01f | Session ID : -1
[17:48:49] ConvaiChatbotComponentLog : Log : Cleanup | Character ID : ac032e3a-931c-11f0-8bf1-42010a7be01f | Session ID : -1
[17:48:49] ConvaiChatbotComponentLog : Log : Cleanup | Character ID : ac032e3a-931c-11f0-8bf1-42010a7be01f | Session ID : -1
[17:48:49] ConvaiChatbotComponentLog : Log : Cleanup | Character ID : ac032e3a-931c-11f0-8bf1-42010a7be01f | Session ID : -1
[17:48:49] ConvaiChatbotComponentLog : Log : Cleanup | Character ID : ac032e3a-931c-11f0-8bf1-42010a7be01f | Session ID : -1
[17:48:49] ConvaiChatbotComponentLog : Log : Cleanup | Character ID : ac032e3a-931c-11f0-8bf1-42010a7be01f | Session ID : -1
[17:48:49] ConvaiChatbotComponentLog : Log : Cleanup | Character ID : ac032e3a-931c-11f0-8bf1-42010a7be01f | Session ID : -1
[17:48:49] ConvaiChatbotComponentLog : Log : Cleanup | Character ID : ac032e3a-931c-11f0-8bf1-42010a7be01f | Session ID : -1
[17:48:49] ConvaiChatbotComponentLog : Log : Cleanup | Character ID : ac032e3a-931c-11f0-8bf1-42010a7be01f | Session ID : -1
[17:48:49] ConvaiChatbotComponentLog : Log : Cleanup | Character ID : ac032e3a-931c-11f0-8bf1-42010a7be01f | Session ID : -1
[17:48:49] ConvaiChatbotComponentLog : Log : Cleanup | Character ID : ac032e3a-931c-11f0-8bf1-42010a7be01f | Session ID : -1
[17:48:49] ConvaiChatbotComponentLog : Log : Cleanup | Character ID : ac032e3a-931c-11f0-8bf1-42010a7be01f | Session ID : -1
[17:48:49] ConvaiChatbotComponentLog : Log : Cleanup | Character ID : ac032e3a-931c-11f0-8bf1-42010a7be01f | Session ID : -1
[17:48:49] ConvaiChatbotComponentLog : Log : Cleanup | Character ID : ac032e3a-931c-11f0-8bf1-42010a7be01f | Session ID : -1
[17:48:49] ConvaiChatbotComponentLog : Log : Cleanup | Character ID : ac032e3a-931c-11f0-8bf1-42010a7be01f | Session ID : -1
[17:48:49] ConvaiChatbotComponentLog : Log : Cleanup | Character ID : ac032e3a-931c-11f0-8bf1-42010a7be01f | Session ID : -1
[17:48:49] ConvaiChatbotComponentLog : Log : Cleanup | Character ID : ac032e3a-931c-11f0-8bf1-42010a7be01f | Session ID : -1
[17:48:49] ConvaiChatbotComponentLog : Log : Cleanup | Character ID : ac032e3a-931c-11f0-8bf1-42010a7be01f | Session ID : -1
[17:48:49] ConvaiChatbotComponentLog : Log : Cleanup | Character ID : ac032e3a-931c-11f0-8bf1-42010a7be01f | Session ID : -1
[17:48:49] ConvaiChatbotComponentLog : Log : Cleanup | Character ID : ac032e3a-931c-11f0-8bf1-42010a7be01f | Session ID : -1
[17:48:49] ConvaiChatbotComponentLog : Log : Cleanup | Character ID : ac032e3a-931c-11f0-8bf1-42010a7be01f | Session ID : -1
[17:48:49] ConvaiChatbotComponentLog : Log : Cleanup | Character ID : ac032e3a-931c-11f0-8bf1-42010a7be01f | Session ID : -1
[17:48:49] ConvaiChatbotComponentLog : Log : Cleanup | Character ID : ac032e3a-931c-11f0-8bf1-42010a7be01f | Session ID : -1
[17:48:49] ConvaiChatbotComponentLog : Log : Cleanup | Character ID : ac032e3a-931c-11f0-8bf1-42010a7be01f | Session ID : -1
[17:48:49] ConvaiChatbotComponentLog : Log : Cleanup | Character ID : ac032e3a-931c-11f0-8bf1-42010a7be01f | Session ID : -1
[17:48:49] ConvaiChatbotComponentLog : Log : Cleanup | Character ID : ac032e3a-931c-11f0-8bf1-42010a7be01f | Session ID : -1
[17:48:49] ConvaiChatbotComponentLog : Log : Cleanup | Character ID : ac032e3a-931c-11f0-8bf1-42010a7be01f | Session ID : -1
[17:48:49] ConvaiChatbotComponentLog : Log : Cleanup | Character ID : ac032e3a-931c-11f0-8bf1-42010a7be01f | Session ID : -1
[17:48:49] ConvaiChatbotComponentLog : Log : Cleanup | Character ID : ac032e3a-931c-11f0-8bf1-42010a7be01f | Session ID : -1
[17:48:49] ConvaiChatbotComponentLog : Log : Cleanup | Character ID : ac032e3a-931c-11f0-8bf1-42010a7be01f | Session ID : -1
[17:48:49] ConvaiChatbotComponentLog : Log : Cleanup | Character ID : ac032e3a-931c-11f0-8bf1-42010a7be01f | Session ID : -1
[17:48:49] ConvaiChatbotComponentLog : Log : Cleanup | Character ID : ac032e3a-931c-11f0-8bf1-42010a7be01f | Session ID : -1
[17:48:49] ConvaiChatbotComponentLog : Log : Cleanup | Character ID : ac032e3a-931c-11f0-8bf1-42010a7be01f | Session ID : -1
[17:48:49] ConvaiChatbotComponentLog : Log : Cleanup | Character ID : ac032e3a-931c-11f0-8bf1-42010a7be01f | Session ID : -1
[17:48:49] ConvaiChatbotComponentLog : Log : Cleanup | Character ID : ac032e3a-931c-11f0-8bf1-42010a7be01f | Session ID : -1
[17:48:49] ConvaiChatbotComponentLog : Log : Cleanup | Character ID : ac032e3a-931c-11f0-8bf1-42010a7be01f | Session ID : -1
[17:48:49] ConvaiChatbotComponentLog : Log : Cleanup | Character ID : ac032e3a-931c-11f0-8bf1-42010a7be01f | Session ID : -1
[17:48:49] ConvaiChatbotComponentLog : Log : Cleanup | Character ID : ac032e3a-931c-11f0-8bf1-42010a7be01f | Session ID : -1
[17:48:49] ConvaiChatbotComponentLog : Log : Cleanup | Character ID : ac032e3a-931c-11f0-8bf1-42010a7be01f | Session ID : -1
[17:48:49] ConvaiChatbotComponentLog : Log : Cleanup | Character ID : ac032e3a-931c-11f0-8bf1-42010a7be01f | Session ID : -1
[17:48:49] ConvaiChatbotComponentLog : Log : Cleanup | Character ID : ac032e3a-931c-11f0-8bf1-42010a7be01f | Session ID : -1
[17:48:49] ConvaiChatbotComponentLog : Log : Cleanup | Character ID : ac032e3a-931c-11f0-8bf1-42010a7be01f | Session ID : -1
[17:48:49] ConvaiChatbotComponentLog : Log : Cleanup | Character ID : ac032e3a-931c-11f0-8bf1-42010a7be01f | Session ID : -1
[17:48:49] ConvaiChatbotComponentLog : Log : Cleanup | Character ID : ac032e3a-931c-11f0-8bf1-42010a7be01f | Session ID : -1
[17:48:49] ConvaiChatbotComponentLog : Log : Cleanup | Character ID : ac032e3a-931c-11f0-8bf1-42010a7be01f | Session ID : -1
[17:48:49] ConvaiChatbotComponentLog : Log : Cleanup | Character ID : ac032e3a-931c-11f0-8bf1-42010a7be01f | Session ID : -1
[17:48:49] ConvaiChatbotComponentLog : Log : Cleanup | Character ID : ac032e3a-931c-11f0-8bf1-42010a7be01f | Session ID : -1
[17:48:49] ConvaiChatbotComponentLog : Log : Cleanup | Character ID : ac032e3a-931c-11f0-8bf1-42010a7be01f | Session ID : -1
[17:48:49] ConvaiChatbotComponentLog : Log : Cleanup | Character ID : ac032e3a-931c-11f0-8bf1-42010a7be01f | Session ID : -1
[17:48:49] ConvaiChatbotComponentLog : Log : Cleanup | Character ID : ac032e3a-931c-11f0-8bf1-42010a7be01f | Session ID : -1
[17:48:49] ConvaiChatbotComponentLog : Log : Cleanup | Character ID : ac032e3a-931c-11f0-8bf1-42010a7be01f | Session ID : -1
[17:48:49] ConvaiChatbotComponentLog : Log : Cleanup | Character ID : ac032e3a-931c-11f0-8bf1-42010a7be01f | Session ID : -1
[17:48:49] ConvaiChatbotComponentLog : Log : Cleanup | Character ID : ac032e3a-931c-11f0-8bf1-42010a7be01f | Session ID : -1
[17:48:49] ConvaiChatbotComponentLog : Log : Cleanup | Character ID : ac032e3a-931c-11f0-8bf1-42010a7be01f | Session ID : -1
[17:48:49] ConvaiChatbotComponentLog : Log : Cleanup | Character ID : ac032e3a-931c-11f0-8bf1-42010a7be01f | Session ID : -1
[17:48:49] ConvaiChatbotComponentLog : Log : Cleanup | Character ID : ac032e3a-931c-11f0-8bf1-42010a7be01f | Session ID : -1
[17:48:49] ConvaiChatbotComponentLog : Log : Cleanup | Character ID : ac032e3a-931c-11f0-8bf1-42010a7be01f | Session ID : -1
[17:48:49] ConvaiChatbotComponentLog : Log : Cleanup | Character ID : ac032e3a-931c-11f0-8bf1-42010a7be01f | Session ID : -1
[17:48:49] ConvaiChatbotComponentLog : Log : Cleanup | Character ID : ac032e3a-931c-11f0-8bf1-42010a7be01f | Session ID : -1
[17:48:49] ConvaiChatbotComponentLog : Log : Cleanup | Character ID : ac032e3a-931c-11f0-8bf1-42010a7be01f | Session ID : -1
[17:48:49] ConvaiChatbotComponentLog : Log : Cleanup | Character ID : ac032e3a-931c-11f0-8bf1-42010a7be01f | Session ID : -1
[17:48:49] ConvaiChatbotComponentLog : Log : Cleanup | Character ID : ac032e3a-931c-11f0-8bf1-42010a7be01f | Session ID : -1
[17:48:49] ConvaiChatbotComponentLog : Log : Cleanup | Character ID : ac032e3a-931c-11f0-8bf1-42010a7be01f | Session ID : -1
[17:48:49] ConvaiChatbotComponentLog : Log : Cleanup | Character ID : ac032e3a-931c-11f0-8bf1-42010a7be01f | Session ID : -1
[17:48:49] ConvaiChatbotComponentLog : Log : Cleanup | Character ID : ac032e3a-931c-11f0-8bf1-42010a7be01f | Session ID : -1
[17:48:49] ConvaiChatbotComponentLog : Log : Cleanup | Character ID : ac032e3a-931c-11f0-8bf1-42010a7be01f | Session ID : -1
[17:48:49] ConvaiChatbotComponentLog : Log : Cleanup | Character ID : ac032e3a-931c-11f0-8bf1-42010a7be01f | Session ID : -1
[17:48:49] ConvaiChatbotComponentLog : Log : Cleanup | Character ID :  | Session ID : -1
[17:48:49] ConvaiChatbotComponentLog : Log : Cleanup | Character ID : ac032e3a-931c-11f0-8bf1-42010a7be01f | Session ID : -1
[17:48:49] ConvaiChatbotComponentLog : Log : Cleanup | Character ID :  | Session ID : -1
[17:48:49] ConvaiChatbotComponentLog : Log : Cleanup | Character ID : ac032e3a-931c-11f0-8bf1-42010a7be01f | Session ID : -1
[17:48:49] ConvaiChatbotComponentLog : Log : Cleanup | Character ID :  | Session ID : -1
[17:48:49] ConvaiChatbotComponentLog : Log : Cleanup | Character ID : ac032e3a-931c-11f0-8bf1-42010a7be01f | Session ID : -1
[17:48:49] ConvaiChatbotComponentLog : Log : Cleanup | Character ID :  | Session ID : -1
[17:48:49] ConvaiChatbotComponentLog : Log : Cleanup | Character ID : ac032e3a-931c-11f0-8bf1-42010a7be01f | Session ID : -1
[17:48:49] ConvaiChatbotComponentLog : Log : Cleanup | Character ID : ac032e3a-931c-11f0-8bf1-42010a7be01f | Session ID : -1
[17:48:49] ConvaiChatbotComponentLog : Log : Cleanup | Character ID :  | Session ID : -1
[17:48:49] ConvaiChatbotComponentLog : Log : Cleanup | Character ID : ac032e3a-931c-11f0-8bf1-42010a7be01f | Session ID : -1
[17:48:49] ConvaiChatbotComponentLog : Log : Cleanup | Character ID :  | Session ID : -1
[17:48:49] ConvaiChatbotComponentLog : Log : Cleanup | Character ID : ac032e3a-931c-11f0-8bf1-42010a7be01f | Session ID : -1
[17:48:49] ConvaiChatbotComponentLog : Log : Cleanup | Character ID :  | Session ID : -1
[17:48:49] ConvaiChatbotComponentLog : Log : Cleanup | Character ID : ac032e3a-931c-11f0-8bf1-42010a7be01f | Session ID : -1
[17:48:49] ConvaiChatbotComponentLog : Log : Cleanup | Character ID :  | Session ID : -1
[17:48:49] ConvaiChatbotComponentLog : Log : Cleanup | Character ID : ac032e3a-931c-11f0-8bf1-42010a7be01f | Session ID : -1
[17:48:49] ConvaiChatbotComponentLog : Log : Cleanup | Character ID :  | Session ID : -1
[17:48:49] ConvaiChatbotComponentLog : Log : Cleanup | Character ID : ac032e3a-931c-11f0-8bf1-42010a7be01f | Session ID : -1
[17:48:49] ConvaiChatbotComponentLog : Log : Cleanup | Character ID :  | Session ID : -1
[17:48:49] ConvaiChatbotComponentLog : Log : Cleanup | Character ID : ac032e3a-931c-11f0-8bf1-42010a7be01f | Session ID : -1
[17:48:49] ConvaiChatbotComponentLog : Log : Cleanup | Character ID :  | Session ID : -1
[17:48:49] ConvaiChatbotComponentLog : Log : Cleanup | Character ID : ac032e3a-931c-11f0-8bf1-42010a7be01f | Session ID : -1
[17:48:49] ConvaiChatbotComponentLog : Log : Cleanup | Character ID :  | Session ID : -1
[17:48:49] ConvaiChatbotComponentLog : Log : Cleanup | Character ID : ac032e3a-931c-11f0-8bf1-42010a7be01f | Session ID : -1
[17:48:49] ConvaiChatbotComponentLog : Log : Cleanup | Character ID :  | Session ID : -1
[17:48:49] ConvaiChatbotComponentLog : Log : Cleanup | Character ID : ac032e3a-931c-11f0-8bf1-42010a7be01f | Session ID : -1
[17:48:49] ConvaiChatbotComponentLog : Log : Cleanup | Character ID :  | Session ID : -1
[17:48:49] ConvaiChatbotComponentLog : Log : Cleanup | Character ID : ac032e3a-931c-11f0-8bf1-42010a7be01f | Session ID : -1
[17:48:49] ConvaiChatbotComponentLog : Log : Cleanup | Character ID :  | Session ID : -1
[17:48:49] ConvaiChatbotComponentLog : Log : Cleanup | Character ID : ac032e3a-931c-11f0-8bf1-42010a7be01f | Session ID : -1
[17:48:49] ConvaiChatbotComponentLog : Log : Cleanup | Character ID :  | Session ID : -1
[17:48:49] ConvaiChatbotComponentLog : Log : Cleanup | Character ID : ac032e3a-931c-11f0-8bf1-42010a7be01f | Session ID : -1
[17:48:49] ConvaiChatbotComponentLog : Log : Cleanup | Character ID :  | Session ID : -1
[17:48:49] ConvaiChatbotComponentLog : Log : Cleanup | Character ID :  | Session ID : -1
[17:48:49] ConvaiChatbotComponentLog : Log : Cleanup | Character ID : ac032e3a-931c-11f0-8bf1-42010a7be01f | Session ID : -1
[17:48:49] ConvaiChatbotComponentLog : Log : Cleanup | Character ID :  | Session ID : -1
[17:48:49] ConvaiChatbotComponentLog : Log : Cleanup | Character ID : ac032e3a-931c-11f0-8bf1-42010a7be01f | Session ID : -1
[17:48:49] ConvaiChatbotComponentLog : Log : Cleanup | Character ID : ac032e3a-931c-11f0-8bf1-42010a7be01f | Session ID : -1
[17:48:49] ConvaiChatbotComponentLog : Log : Cleanup | Character ID :  | Session ID : -1
[17:48:49] ConvaiChatbotComponentLog : Log : Cleanup | Character ID : ac032e3a-931c-11f0-8bf1-42010a7be01f | Session ID : -1
[17:48:49] ConvaiChatbotComponentLog : Log : Cleanup | Character ID :  | Session ID : -1
[17:48:49] ConvaiChatbotComponentLog : Log : Cleanup | Character ID : ac032e3a-931c-11f0-8bf1-42010a7be01f | Session ID : -1
[17:48:49] ConvaiChatbotComponentLog : Log : Cleanup | Character ID :  | Session ID : -1
[17:48:49] ConvaiChatbotComponentLog : Log : Cleanup | Character ID : ac032e3a-931c-11f0-8bf1-42010a7be01f | Session ID : -1
[17:48:49] ConvaiChatbotComponentLog : Log : Cleanup | Character ID :  | Session ID : -1
[17:48:49] ConvaiChatbotComponentLog : Log : Cleanup | Character ID : ac032e3a-931c-11f0-8bf1-42010a7be01f | Session ID : -1
[17:48:49] ConvaiChatbotComponentLog : Log : Cleanup | Character ID :  | Session ID : -1
[17:48:49] ConvaiChatbotComponentLog : Log : Cleanup | Character ID : ac032e3a-931c-11f0-8bf1-42010a7be01f | Session ID : -1
[17:48:49] ConvaiChatbotComponentLog : Log : Cleanup | Character ID :  | Session ID : -1
[17:48:49] ConvaiChatbotComponentLog : Log : Cleanup | Character ID : ac032e3a-931c-11f0-8bf1-42010a7be01f | Session ID : -1
[17:48:49] ConvaiChatbotComponentLog : Log : Cleanup | Character ID :  | Session ID : -1
[17:48:49] ConvaiChatbotComponentLog : Log : Cleanup | Character ID : ac032e3a-931c-11f0-8bf1-42010a7be01f | Session ID : -1
[17:48:49] ConvaiChatbotComponentLog : Log : Cleanup | Character ID :  | Session ID : -1
[17:48:49] ConvaiChatbotComponentLog : Log : Cleanup | Character ID : ac032e3a-931c-11f0-8bf1-42010a7be01f | Session ID : -1
[17:48:49] ConvaiChatbotComponentLog : Log : Cleanup | Character ID :  | Session ID : -1
[17:48:49] ConvaiChatbotComponentLog : Log : Cleanup | Character ID :  | Session ID : -1
[17:48:49] ConvaiChatbotComponentLog : Log : Cleanup | Character ID : ac032e3a-931c-11f0-8bf1-42010a7be01f | Session ID : -1
[17:48:49] ConvaiChatbotComponentLog : Log : Cleanup | Character ID :  | Session ID : -1
[17:48:49] ConvaiChatbotComponentLog : Log : Cleanup | Character ID : ac032e3a-931c-11f0-8bf1-42010a7be01f | Session ID : -1
[17:48:49] ConvaiChatbotComponentLog : Log : Cleanup | Character ID : ac032e3a-931c-11f0-8bf1-42010a7be01f | Session ID : -1
[17:48:49] ConvaiChatbotComponentLog : Log : Cleanup | Character ID :  | Session ID : -1
[17:48:49] ConvaiChatbotComponentLog : Log : Cleanup | Character ID : ac032e3a-931c-11f0-8bf1-42010a7be01f | Session ID : -1
[17:48:49] ConvaiChatbotComponentLog : Log : Cleanup | Character ID :  | Session ID : -1
[17:48:49] ConvaiChatbotComponentLog : Log : Cleanup | Character ID : ac032e3a-931c-11f0-8bf1-42010a7be01f | Session ID : -1
[17:48:49] ConvaiChatbotComponentLog : Log : Cleanup | Character ID :  | Session ID : -1
[17:48:49] ConvaiChatbotComponentLog : Log : Cleanup | Character ID : ac032e3a-931c-11f0-8bf1-42010a7be01f | Session ID : -1
[17:48:49] ConvaiChatbotComponentLog : Log : Cleanup | Character ID :  | Session ID : -1
[17:48:49] ConvaiChatbotComponentLog : Log : Cleanup | Character ID : ac032e3a-931c-11f0-8bf1-42010a7be01f | Session ID : -1
[17:48:49] ConvaiChatbotComponentLog : Log : Cleanup | Character ID :  | Session ID : -1
[17:48:49] ConvaiChatbotComponentLog : Log : Cleanup | Character ID : ac032e3a-931c-11f0-8bf1-42010a7be01f | Session ID : -1
[17:48:49] ConvaiChatbotComponentLog : Log : Cleanup | Character ID :  | Session ID : -1
[17:48:49] ConvaiChatbotComponentLog : Log : Cleanup | Character ID : ac032e3a-931c-11f0-8bf1-42010a7be01f | Session ID : -1
[17:48:49] ConvaiChatbotComponentLog : Log : Cleanup | Character ID :  | Session ID : -1
[17:48:49] ConvaiChatbotComponentLog : Log : Cleanup | Character ID : ac032e3a-931c-11f0-8bf1-42010a7be01f | Session ID : -1
[17:48:49] ConvaiChatbotComponentLog : Log : Cleanup | Character ID :  | Session ID : -1
[17:48:49] ConvaiChatbotComponentLog : Log : Cleanup | Character ID : ac032e3a-931c-11f0-8bf1-42010a7be01f | Session ID : -1
[17:48:49] ConvaiChatbotComponentLog : Log : Cleanup | Character ID :  | Session ID : -1
[17:48:49] ConvaiChatbotComponentLog : Log : Cleanup | Character ID :  | Session ID : -1
[17:48:49] ConvaiChatbotComponentLog : Log : Cleanup | Character ID : ac032e3a-931c-11f0-8bf1-42010a7be01f | Session ID : -1
[17:48:49] ConvaiChatbotComponentLog : Log : Cleanup | Character ID : ac032e3a-931c-11f0-8bf1-42010a7be01f | Session ID : -1
[17:48:49] ConvaiChatbotComponentLog : Log : Cleanup | Character ID :  | Session ID : -1
[17:48:49] ConvaiChatbotComponentLog : Log : Cleanup | Character ID : ac032e3a-931c-11f0-8bf1-42010a7be01f | Session ID : -1
[17:48:49] ConvaiChatbotComponentLog : Log : Cleanup | Character ID : ac032e3a-931c-11f0-8bf1-42010a7be01f | Session ID : -1
[17:48:49] ConvaiChatbotComponentLog : Log : Cleanup | Character ID :  | Session ID : -1
[17:48:49] ConvaiChatbotComponentLog : Log : Cleanup | Character ID : ac032e3a-931c-11f0-8bf1-42010a7be01f | Session ID : -1
[17:51:27] ConvaiChatbotComponentLog : Log : Cleanup | Character ID :  | Session ID : -1
[17:51:27] ConvaiChatbotComponentLog : Log : Cleanup | Character ID :  | Session ID : -1
[17:51:27] ConvaiChatbotComponentLog : Log : Cleanup | Character ID :  | Session ID : -1
[17:51:27] ConvaiChatbotComponentLog : Log : Cleanup | Character ID : ac032e3a-931c-11f0-8bf1-42010a7be01f | Session ID : -1
[17:51:27] ConvaiChatbotComponentLog : Log : Cleanup | Character ID :  | Session ID : -1
[17:51:27] ConvaiChatbotComponentLog : Log : Cleanup | Character ID :  | Session ID : -1
[17:51:27] ConvaiChatbotComponentLog : Log : Cleanup | Character ID :  | Session ID : -1
[17:51:27] ConvaiChatbotComponentLog : Log : Cleanup | Character ID :  | Session ID : -1
[17:51:27] ConvaiChatbotComponentLog : Log : Cleanup | Character ID :  | Session ID : -1
[17:51:27] ConvaiChatbotComponentLog : Log : Cleanup | Character ID : ac032e3a-931c-11f0-8bf1-42010a7be01f | Session ID : -1
[17:51:27] ConvaiChatbotComponentLog : Log : Cleanup | Character ID :  | Session ID : -1
[17:51:47] ConvaiChatbotComponentLog : Log : Cleanup | Character ID :  | Session ID : -1
[17:51:47] ConvaiChatbotComponentLog : Log : Cleanup | Character ID : ac032e3a-931c-11f0-8bf1-42010a7be01f | Session ID : -1
[17:51:47] ConvaiChatbotComponentLog : Log : Cleanup | Character ID :  | Session ID : -1
[17:51:47] ConvaiChatbotComponentLog : Log : Cleanup | Character ID :  | Session ID : -1
[17:51:47] ConvaiChatbotComponentLog : Log : Cleanup | Character ID :  | Session ID : -1
[17:51:47] ConvaiChatbotComponentLog : Log : Cleanup | Character ID :  | Session ID : -1
[17:51:47] ConvaiChatbotComponentLog : Log : Cleanup | Character ID : ac032e3a-931c-11f0-8bf1-42010a7be01f | Session ID : -1
[17:51:47] ConvaiChatbotComponentLog : Log : Cleanup | Character ID :  | Session ID : -1
[17:51:54] ConvaiChatbotComponentLog : Log : Cleanup | Character ID : ac032e3a-931c-11f0-8bf1-42010a7be01f | Session ID : -1
[17:51:54] ConvaiChatbotComponentLog : Log : Cleanup | Character ID :  | Session ID : -1
[17:51:54] ConvaiChatbotComponentLog : Log : Cleanup | Character ID : ac032e3a-931c-11f0-8bf1-42010a7be01f | Session ID : -1
[17:51:54] ConvaiChatbotComponentLog : Log : Cleanup | Character ID : ac032e3a-931c-11f0-8bf1-42010a7be01f | Session ID : -1
[17:51:54] ConvaiChatbotComponentLog : Log : Cleanup | Character ID :  | Session ID : -1
[17:51:54] ConvaiChatbotComponentLog : Log : Cleanup | Character ID : ac032e3a-931c-11f0-8bf1-42010a7be01f | Session ID : -1
[17:51:54] ConvaiChatbotComponentLog : Log : Cleanup | Character ID : ac032e3a-931c-11f0-8bf1-42010a7be01f | Session ID : -1
[17:51:54] ConvaiChatbotComponentLog : Log : Cleanup | Character ID :  | Session ID : -1
[17:51:54] ConvaiChatbotComponentLog : Log : Cleanup | Character ID : ac032e3a-931c-11f0-8bf1-42010a7be01f | Session ID : -1
[17:51:54] ConvaiChatbotComponentLog : Log : Cleanup | Character ID : ac032e3a-931c-11f0-8bf1-42010a7be01f | Session ID : -1
[17:51:56] ConvaiChatbotComponentLog : Log : Cleanup | Character ID : ac032e3a-931c-11f0-8bf1-42010a7be01f | Session ID : -1
[17:51:56] ConvaiChatbotComponentLog : Log : Cleanup | Character ID : ac032e3a-931c-11f0-8bf1-42010a7be01f | Session ID : -1
[17:51:56] ConvaiChatbotComponentLog : Log : Cleanup | Character ID : ac032e3a-931c-11f0-8bf1-42010a7be01f | Session ID : -1
[17:51:56] ConvaiChatbotComponentLog : Log : Cleanup | Character ID : ac032e3a-931c-11f0-8bf1-42010a7be01f | Session ID : -1
[17:57:19] ConvaiSubsystemLog : Log : gRPC Creating Channel...
[17:57:19] ConvaiSubsystemLog : Log : Start Run
[17:57:19] ConvaiSubsystemLog : Log : UConvaiSubsystem Started
[17:57:19] ConvaiPlayerLog : Log : UConvaiPlayerComponent: Found submix "AudioInput"
[17:57:19] ConvaiSubsystemLog : Verbose : Registered player component: ConvaiPlayer
[17:57:20] ConvaiSubsystemLog : Verbose : Unregistered player component: ConvaiPlayer
[17:57:20] ConvaiSubsystemLog : Log : UConvaiSubsystem Stopped
[17:57:20] ConvaiSubsystemLog : Log : End Run
[17:57:20] ConvaiChatbotComponentLog : Log : Cleanup | Character ID : ac032e3a-931c-11f0-8bf1-42010a7be01f | Session ID : -1
[17:58:01] ConvaiChatbotComponentLog : Log : Cleanup | Character ID : ac032e3a-931c-11f0-8bf1-42010a7be01f | Session ID : -1
[17:58:02] ConvaiSubsystemLog : Log : gRPC Creating Channel...
[17:58:02] ConvaiSubsystemLog : Log : UConvaiSubsystem Started
[17:58:02] ConvaiSubsystemLog : Log : Start Run
[17:58:02] ConvaiPlayerLog : Log : UConvaiPlayerComponent: Found submix "AudioInput"
[17:58:02] ConvaiSubsystemLog : Verbose : Registered player component: ConvaiPlayer
[17:58:06] ConvaiSubsystemLog : Verbose : Unregistered player component: ConvaiPlayer
[17:58:06] ConvaiSubsystemLog : Log : UConvaiSubsystem Stopped
[17:58:06] ConvaiSubsystemLog : Log : End Run
[17:58:06] ConvaiChatbotComponentLog : Log : Cleanup | Character ID : ac032e3a-931c-11f0-8bf1-42010a7be01f | Session ID : -1
[17:58:06] ConvaiChatbotComponentLog : Log : Cleanup | Character ID : ac032e3a-931c-11f0-8bf1-42010a7be01f | Session ID : -1
[17:58:06] ConvaiChatbotComponentLog : Log : Cleanup | Character ID : ac032e3a-931c-11f0-8bf1-42010a7be01f | Session ID : -1
[18:05:27] ConvaiSubsystemLog : Log : gRPC Creating Channel...
[18:05:27] ConvaiSubsystemLog : Log : Start Run
[18:05:27] ConvaiSubsystemLog : Log : UConvaiSubsystem Started
[18:05:27] ConvaiPlayerLog : Log : UConvaiPlayerComponent: Found submix "AudioInput"
[18:05:27] ConvaiSubsystemLog : Verbose : Registered player component: ConvaiPlayer
[18:05:39] ConvaiSubsystemLog : Warning : gRPC channel not ready yet.. Current State: GRPC_CHANNEL_IDLE
[18:05:39] ConvaiGRPCLog : Log : AsyncGetResponse started | Character ID : ac032e3a-931c-11f0-8bf1-42010a7be01f | Session ID : -1
[18:05:39] ConvaiGRPCLog : Log : GRPC GetResponse stream initialized | Character ID : ac032e3a-931c-11f0-8bf1-42010a7be01f | Session ID : -1
[18:05:39] ConvaiGRPCLog : Log : request: character_id: "ac032e3a-931c-11f0-8bf1-42010a7be01f"
api_key: "0d59d0e9911a2f0886cb47a3cf7925ab"
session_id: "-1"
audio_config {
  sample_rate_hertz: 16000
  enable_facial_data: true
  face_model: FACE_MODEL_OVR_MODEL_NAME
}
action_config {
  actions: "Moves To"
  actions: "Follows"
  actions: "None"
  actions: "Stops"
  actions: "Waits for <time in seconds or character>"
  characters {
    name: "Malia"
  }
  characters {
    name: "Guest"
  }
  characters {
    name: "Player"
  }
  classification: "multistep"
}
speaker: "Player"
dynamic_info_config {
}
 | Character ID : ac032e3a-931c-11f0-8bf1-42010a7be01f | Session ID : -1
[18:05:39] ConvaiGRPCLog : Log : Initial Stream Write | Character ID : ac032e3a-931c-11f0-8bf1-42010a7be01f | Session ID : -1
[18:05:39] ConvaiGRPCLog : Log : Initial Stream Read | Character ID : ac032e3a-931c-11f0-8bf1-42010a7be01f | Session ID : -1
[18:05:39] ConvaiGRPCLog : Log : Sent UserQuery HELLO: | Character ID : ac032e3a-931c-11f0-8bf1-42010a7be01f | Session ID : -1
[18:05:39] ConvaiGRPCLog : Log : Calling Stream WriteLast | Character ID : ac032e3a-931c-11f0-8bf1-42010a7be01f | Session ID : -1
[18:05:39] ConvaiGRPCLog : Log : OnStreamWriteDone
[18:05:39] ConvaiGRPCLog : Log : NumberOfAudioBytesSent 0
[18:05:41] ConvaiGRPCLog : Log : GetResponse EmotionResponseDebug: session_id: "c4dfeb5afc1e1130875989afd48c1fa8"
emotion_response: "Serenity"

[18:05:41] ConvaiGRPCLog : Log : Received Audio Chunk: 0.751519 secs | Character ID : ac032e3a-931c-11f0-8bf1-42010a7be01f | Session ID : c4dfeb5afc1e1130875989afd48c1fa8
[18:05:41] ConvaiGRPCLog : Log : EmotionResponse: joy 1
[18:05:41] ConvaiAudioStreamerLog : Log : State transition: Stopped -> WaitingOnLipSync
[18:05:41] ConvaiGRPCLog : Log : Received Text Bonjour ! : | Character ID : ac032e3a-931c-11f0-8bf1-42010a7be01f | Session ID : c4dfeb5afc1e1130875989afd48c1fa8 | ReceivedFinalResponse : False
[18:05:41] ConvaiAudioStreamerLog : Log : New SampleRate: 44100
[18:05:41] ConvaiAudioStreamerLog : Log : New Channels: 1
[18:05:41] ConvaiAudioStreamerLog : Log : State transition: WaitingOnLipSync -> Playing
[18:05:41] ConvaiAudioStreamerLog : Log : State transition: Playing -> WaitingOnAudio
[18:05:41] ConvaiGRPCLog : Log : GetResponse EmotionResponseDebug: session_id: "c4dfeb5afc1e1130875989afd48c1fa8"
emotion_response: "Serenity"

[18:05:42] ConvaiGRPCLog : Log : Received Audio Chunk: 2.208050 secs | Character ID : ac032e3a-931c-11f0-8bf1-42010a7be01f | Session ID : c4dfeb5afc1e1130875989afd48c1fa8
[18:05:42] ConvaiGRPCLog : Log : EmotionResponse: joy 1
[18:05:42] ConvaiAudioStreamerLog : Log : State transition: WaitingOnAudio -> Playing
[18:05:42] ConvaiGRPCLog : Log : Received Text Je suis Malia, ravie de vous rencontrer. : | Character ID : ac032e3a-931c-11f0-8bf1-42010a7be01f | Session ID : c4dfeb5afc1e1130875989afd48c1fa8 | ReceivedFinalResponse : False
[18:05:42] ConvaiAudioStreamerLog : Log : State transition: Playing -> WaitingOnAudio
[18:05:42] ConvaiGRPCLog : Log : GetResponse EmotionResponseDebug: session_id: "c4dfeb5afc1e1130875989afd48c1fa8"
emotion_response: "Serenity"

[18:05:42] ConvaiGRPCLog : Log : Received Audio Chunk: 1.314444 secs | Character ID : ac032e3a-931c-11f0-8bf1-42010a7be01f | Session ID : c4dfeb5afc1e1130875989afd48c1fa8
[18:05:42] ConvaiGRPCLog : Log : EmotionResponse: joy 1
[18:05:42] ConvaiAudioStreamerLog : Log : State transition: WaitingOnAudio -> Playing
[18:05:42] ConvaiGRPCLog : Log : Received Text Comment allez-vous aujourd'hui ?: | Character ID : ac032e3a-931c-11f0-8bf1-42010a7be01f | Session ID : c4dfeb5afc1e1130875989afd48c1fa8 | ReceivedFinalResponse : False
[18:05:42] ConvaiAudioStreamerLog : Log : State transition: Playing -> WaitingOnAudio
[18:05:42] ConvaiGRPCLog : Log : Chatbot Total Received Lipsync Responses: 429 Responses
[18:05:42] ConvaiChatbotComponentLog : Log : Chatbot Total Received Audio: 4.270953 seconds
[18:05:42] ConvaiGRPCLog : Log : Received Text : | Character ID : ac032e3a-931c-11f0-8bf1-42010a7be01f | Session ID : c4dfeb5afc1e1130875989afd48c1fa8 | ReceivedFinalResponse : True
[18:05:42] ConvaiGRPCLog : Log : GetResponse SequenceString: None
[18:05:42] ConvaiGRPCLog : Log : Action: None
[18:05:43] ConvaiGRPCLog : Log : GetResponse EmotionResponseDebug: session_id: "c4dfeb5afc1e1130875989afd48c1fa8"
emotion_response: "Admiration Joy Anticipation"

[18:05:44] ConvaiGRPCLog : Log : No more data to read after 3 attempts. Calling Finish...
[18:05:44] ConvaiGRPCLog : Log : Calling Stream Finish | Character ID : ac032e3a-931c-11f0-8bf1-42010a7be01f | Session ID : c4dfeb5afc1e1130875989afd48c1fa8
[18:05:44] ConvaiGRPCLog : Log : On Stream Finish | Character ID : ac032e3a-931c-11f0-8bf1-42010a7be01f | Session ID : c4dfeb5afc1e1130875989afd48c1fa8
[18:05:44] ConvaiChatbotComponentLog : Log : UConvaiChatbotComponent Request Finished! | Character ID : ac032e3a-931c-11f0-8bf1-42010a7be01f | Session ID : c4dfeb5afc1e1130875989afd48c1fa8
[18:05:45] ConvaiAudioStreamerLog : Log : onAudioFinished
[18:05:45] ConvaiAudioStreamerLog : Log : State transition: WaitingOnAudio -> Playing
[18:05:45] ConvaiAudioStreamerLog : Log : onAudioFinished
[18:05:45] ConvaiAudioStreamerLog : Log : State transition: Playing -> WaitingOnAudio
[18:05:49] ConvaiSubsystemLog : Verbose : Unregistered player component: ConvaiPlayer
[18:05:49] ConvaiSubsystemLog : Log : UConvaiSubsystem Stopped
[18:05:49] ConvaiSubsystemLog : Log : End Run
[18:05:49] ConvaiChatbotComponentLog : Log : Cleanup | Character ID : ac032e3a-931c-11f0-8bf1-42010a7be01f | Session ID : -1
[18:05:49] ConvaiChatbotComponentLog : Log : Cleanup | Character ID : ac032e3a-931c-11f0-8bf1-42010a7be01f | Session ID : -1
[18:05:49] ConvaiChatbotComponentLog : Log : Cleanup | Character ID : ac032e3a-931c-11f0-8bf1-42010a7be01f | Session ID : -1
[18:05:49] ConvaiChatbotComponentLog : Log : Cleanup | Character ID : ac032e3a-931c-11f0-8bf1-42010a7be01f | Session ID : -1
[18:05:49] ConvaiChatbotComponentLog : Log : Cleanup | Character ID : ac032e3a-931c-11f0-8bf1-42010a7be01f | Session ID : -1
[18:05:49] ConvaiChatbotComponentLog : Log : Cleanup | Character ID : ac032e3a-931c-11f0-8bf1-42010a7be01f | Session ID : -1
[18:05:49] ConvaiChatbotComponentLog : Log : Cleanup | Character ID : ac032e3a-931c-11f0-8bf1-42010a7be01f | Session ID : -1
[18:05:49] ConvaiChatbotComponentLog : Log : Cleanup | Character ID : ac032e3a-931c-11f0-8bf1-42010a7be01f | Session ID : -1
[18:05:49] ConvaiChatbotComponentLog : Log : Cleanup | Character ID : ac032e3a-931c-11f0-8bf1-42010a7be01f | Session ID : -1
[18:05:49] ConvaiChatbotComponentLog : Log : Cleanup | Character ID : ac032e3a-931c-11f0-8bf1-42010a7be01f | Session ID : c4dfeb5afc1e1130875989afd48c1fa8
[18:05:49] ConvaiChatbotComponentLog : Log : Cleanup | Character ID : ac032e3a-931c-11f0-8bf1-42010a7be01f | Session ID : -1
[18:05:49] ConvaiChatbotComponentLog : Log : Cleanup | Character ID : ac032e3a-931c-11f0-8bf1-42010a7be01f | Session ID : -1
[18:05:49] ConvaiChatbotComponentLog : Log : Cleanup | Character ID : ac032e3a-931c-11f0-8bf1-42010a7be01f | Session ID : -1
[18:05:49] ConvaiChatbotComponentLog : Log : Cleanup | Character ID : ac032e3a-931c-11f0-8bf1-42010a7be01f | Session ID : -1
[18:05:49] ConvaiChatbotComponentLog : Log : Cleanup | Character ID : ac032e3a-931c-11f0-8bf1-42010a7be01f | Session ID : -1
[18:05:49] ConvaiChatbotComponentLog : Log : Cleanup | Character ID : ac032e3a-931c-11f0-8bf1-42010a7be01f | Session ID : -1
[18:05:49] ConvaiChatbotComponentLog : Log : Cleanup | Character ID : ac032e3a-931c-11f0-8bf1-42010a7be01f | Session ID : -1
[18:05:49] ConvaiChatbotComponentLog : Log : Cleanup | Character ID : ac032e3a-931c-11f0-8bf1-42010a7be01f | Session ID : -1
[18:05:49] ConvaiChatbotComponentLog : Log : Cleanup | Character ID : ac032e3a-931c-11f0-8bf1-42010a7be01f | Session ID : -1
[18:05:49] ConvaiChatbotComponentLog : Log : Cleanup | Character ID : ac032e3a-931c-11f0-8bf1-42010a7be01f | Session ID : -1
[18:05:49] ConvaiChatbotComponentLog : Log : Cleanup | Character ID : ac032e3a-931c-11f0-8bf1-42010a7be01f | Session ID : -1
[18:05:49] ConvaiChatbotComponentLog : Log : Cleanup | Character ID : ac032e3a-931c-11f0-8bf1-42010a7be01f | Session ID : -1
[18:05:49] ConvaiChatbotComponentLog : Log : Cleanup | Character ID : ac032e3a-931c-11f0-8bf1-42010a7be01f | Session ID : -1
[18:05:49] ConvaiChatbotComponentLog : Log : Cleanup | Character ID : ac032e3a-931c-11f0-8bf1-42010a7be01f | Session ID : -1
[18:05:49] ConvaiChatbotComponentLog : Log : Cleanup | Character ID : ac032e3a-931c-11f0-8bf1-42010a7be01f | Session ID : -1
[18:05:49] ConvaiChatbotComponentLog : Log : Cleanup | Character ID : ac032e3a-931c-11f0-8bf1-42010a7be01f | Session ID : -1
[18:05:49] ConvaiChatbotComponentLog : Log : Cleanup | Character ID : ac032e3a-931c-11f0-8bf1-42010a7be01f | Session ID : -1
[18:05:49] ConvaiChatbotComponentLog : Log : Cleanup | Character ID : ac032e3a-931c-11f0-8bf1-42010a7be01f | Session ID : -1
[18:05:49] ConvaiChatbotComponentLog : Log : Cleanup | Character ID : ac032e3a-931c-11f0-8bf1-42010a7be01f | Session ID : -1
[18:05:49] ConvaiChatbotComponentLog : Log : Cleanup | Character ID : ac032e3a-931c-11f0-8bf1-42010a7be01f | Session ID : -1
[18:05:49] ConvaiChatbotComponentLog : Log : Cleanup | Character ID : ac032e3a-931c-11f0-8bf1-42010a7be01f | Session ID : -1
[18:05:49] ConvaiGRPCLog : Log : Destroying UConvaiGRPCGetResponseProxy... | Character ID : ac032e3a-931c-11f0-8bf1-42010a7be01f | Session ID : c4dfeb5afc1e1130875989afd48c1fa8
[18:05:49] ConvaiChatbotComponentLog : Log : Cleanup | Character ID : ac032e3a-931c-11f0-8bf1-42010a7be01f | Session ID : -1
[18:05:49] ConvaiChatbotComponentLog : Log : Cleanup | Character ID : ac032e3a-931c-11f0-8bf1-42010a7be01f | Session ID : -1
[18:05:49] ConvaiChatbotComponentLog : Log : Cleanup | Character ID : ac032e3a-931c-11f0-8bf1-42010a7be01f | Session ID : -1
[18:05:49] ConvaiChatbotComponentLog : Log : Cleanup | Character ID : ac032e3a-931c-11f0-8bf1-42010a7be01f | Session ID : -1
[18:10:54] ConvaiChatbotComponentLog : Log : Cleanup | Character ID : ac032e3a-931c-11f0-8bf1-42010a7be01f | Session ID : -1
[18:10:54] ConvaiChatbotComponentLog : Log : Cleanup | Character ID : ac032e3a-931c-11f0-8bf1-42010a7be01f | Session ID : -1
[18:10:54] ConvaiChatbotComponentLog : Log : Cleanup | Character ID : ac032e3a-931c-11f0-8bf1-42010a7be01f | Session ID : -1
[18:10:54] ConvaiSubsystemLog : Log : gRPC Creating Channel...
[18:10:54] ConvaiSubsystemLog : Log : Start Run
[18:10:54] ConvaiSubsystemLog : Log : UConvaiSubsystem Started
[18:10:54] ConvaiPlayerLog : Log : UConvaiPlayerComponent: Found submix "AudioInput"
[18:10:54] ConvaiSubsystemLog : Verbose : Registered player component: ConvaiPlayer
[18:10:59] ConvaiSubsystemLog : Verbose : Unregistered player component: ConvaiPlayer
[18:10:59] ConvaiSubsystemLog : Log : UConvaiSubsystem Stopped
[18:10:59] ConvaiSubsystemLog : Log : End Run
[18:10:59] ConvaiChatbotComponentLog : Log : Cleanup | Character ID : ac032e3a-931c-11f0-8bf1-42010a7be01f | Session ID : -1
[18:10:59] ConvaiChatbotComponentLog : Log : Cleanup | Character ID : ac032e3a-931c-11f0-8bf1-42010a7be01f | Session ID : -1
[18:10:59] ConvaiChatbotComponentLog : Log : Cleanup | Character ID : ac032e3a-931c-11f0-8bf1-42010a7be01f | Session ID : -1
[18:10:59] ConvaiChatbotComponentLog : Log : Cleanup | Character ID : ac032e3a-931c-11f0-8bf1-42010a7be01f | Session ID : -1
[18:10:59] ConvaiChatbotComponentLog : Log : Cleanup | Character ID : ac032e3a-931c-11f0-8bf1-42010a7be01f | Session ID : -1
[18:10:59] ConvaiChatbotComponentLog : Log : Cleanup | Character ID : ac032e3a-931c-11f0-8bf1-42010a7be01f | Session ID : -1
[18:10:59] ConvaiChatbotComponentLog : Log : Cleanup | Character ID : ac032e3a-931c-11f0-8bf1-42010a7be01f | Session ID : -1
[18:10:59] ConvaiChatbotComponentLog : Log : Cleanup | Character ID : ac032e3a-931c-11f0-8bf1-42010a7be01f | Session ID : -1
[18:10:59] ConvaiChatbotComponentLog : Log : Cleanup | Character ID : ac032e3a-931c-11f0-8bf1-42010a7be01f | Session ID : -1
[18:10:59] ConvaiChatbotComponentLog : Log : Cleanup | Character ID : ac032e3a-931c-11f0-8bf1-42010a7be01f | Session ID : -1
[18:10:59] ConvaiChatbotComponentLog : Log : Cleanup | Character ID : ac032e3a-931c-11f0-8bf1-42010a7be01f | Session ID : -1
[18:10:59] ConvaiChatbotComponentLog : Log : Cleanup | Character ID : ac032e3a-931c-11f0-8bf1-42010a7be01f | Session ID : -1
[18:10:59] ConvaiChatbotComponentLog : Log : Cleanup | Character ID : ac032e3a-931c-11f0-8bf1-42010a7be01f | Session ID : -1
[18:10:59] ConvaiChatbotComponentLog : Log : Cleanup | Character ID : ac032e3a-931c-11f0-8bf1-42010a7be01f | Session ID : -1
[18:10:59] ConvaiChatbotComponentLog : Log : Cleanup | Character ID : ac032e3a-931c-11f0-8bf1-42010a7be01f | Session ID : -1
[18:10:59] ConvaiChatbotComponentLog : Log : Cleanup | Character ID : ac032e3a-931c-11f0-8bf1-42010a7be01f | Session ID : -1
[18:10:59] ConvaiChatbotComponentLog : Log : Cleanup | Character ID : ac032e3a-931c-11f0-8bf1-42010a7be01f | Session ID : -1
[18:10:59] ConvaiChatbotComponentLog : Log : Cleanup | Character ID : ac032e3a-931c-11f0-8bf1-42010a7be01f | Session ID : -1
[18:10:59] ConvaiChatbotComponentLog : Log : Cleanup | Character ID : ac032e3a-931c-11f0-8bf1-42010a7be01f | Session ID : -1
[18:10:59] ConvaiChatbotComponentLog : Log : Cleanup | Character ID : ac032e3a-931c-11f0-8bf1-42010a7be01f | Session ID : -1
[18:10:59] ConvaiChatbotComponentLog : Log : Cleanup | Character ID : ac032e3a-931c-11f0-8bf1-42010a7be01f | Session ID : -1
[18:10:59] ConvaiChatbotComponentLog : Log : Cleanup | Character ID : ac032e3a-931c-11f0-8bf1-42010a7be01f | Session ID : -1
[18:10:59] ConvaiChatbotComponentLog : Log : Cleanup | Character ID : ac032e3a-931c-11f0-8bf1-42010a7be01f | Session ID : -1
[18:10:59] ConvaiChatbotComponentLog : Log : Cleanup | Character ID : ac032e3a-931c-11f0-8bf1-42010a7be01f | Session ID : -1
[18:10:59] ConvaiChatbotComponentLog : Log : Cleanup | Character ID : ac032e3a-931c-11f0-8bf1-42010a7be01f | Session ID : -1
[18:10:59] ConvaiChatbotComponentLog : Log : Cleanup | Character ID : ac032e3a-931c-11f0-8bf1-42010a7be01f | Session ID : -1
[18:10:59] ConvaiChatbotComponentLog : Log : Cleanup | Character ID : ac032e3a-931c-11f0-8bf1-42010a7be01f | Session ID : -1
[18:10:59] ConvaiChatbotComponentLog : Log : Cleanup | Character ID : ac032e3a-931c-11f0-8bf1-42010a7be01f | Session ID : -1
[18:10:59] ConvaiChatbotComponentLog : Log : Cleanup | Character ID : ac032e3a-931c-11f0-8bf1-42010a7be01f | Session ID : -1
[18:10:59] ConvaiChatbotComponentLog : Log : Cleanup | Character ID : ac032e3a-931c-11f0-8bf1-42010a7be01f | Session ID : -1
[18:10:59] ConvaiChatbotComponentLog : Log : Cleanup | Character ID : ac032e3a-931c-11f0-8bf1-42010a7be01f | Session ID : -1
[18:10:59] ConvaiChatbotComponentLog : Log : Cleanup | Character ID : ac032e3a-931c-11f0-8bf1-42010a7be01f | Session ID : -1
[18:10:59] ConvaiChatbotComponentLog : Log : Cleanup | Character ID : ac032e3a-931c-11f0-8bf1-42010a7be01f | Session ID : -1
[18:10:59] ConvaiChatbotComponentLog : Log : Cleanup | Character ID : ac032e3a-931c-11f0-8bf1-42010a7be01f | Session ID : -1
[18:10:59] ConvaiChatbotComponentLog : Log : Cleanup | Character ID : ac032e3a-931c-11f0-8bf1-42010a7be01f | Session ID : -1
[18:10:59] ConvaiChatbotComponentLog : Log : Cleanup | Character ID : ac032e3a-931c-11f0-8bf1-42010a7be01f | Session ID : -1
[18:10:59] ConvaiChatbotComponentLog : Log : Cleanup | Character ID : ac032e3a-931c-11f0-8bf1-42010a7be01f | Session ID : -1
[18:10:59] ConvaiChatbotComponentLog : Log : Cleanup | Character ID : ac032e3a-931c-11f0-8bf1-42010a7be01f | Session ID : -1
[18:10:59] ConvaiChatbotComponentLog : Log : Cleanup | Character ID : ac032e3a-931c-11f0-8bf1-42010a7be01f | Session ID : -1
[18:10:59] ConvaiChatbotComponentLog : Log : Cleanup | Character ID : ac032e3a-931c-11f0-8bf1-42010a7be01f | Session ID : -1
[18:10:59] ConvaiChatbotComponentLog : Log : Cleanup | Character ID : ac032e3a-931c-11f0-8bf1-42010a7be01f | Session ID : -1
[18:10:59] ConvaiChatbotComponentLog : Log : Cleanup | Character ID : ac032e3a-931c-11f0-8bf1-42010a7be01f | Session ID : -1
[18:10:59] ConvaiChatbotComponentLog : Log : Cleanup | Character ID : ac032e3a-931c-11f0-8bf1-42010a7be01f | Session ID : -1
[18:10:59] ConvaiChatbotComponentLog : Log : Cleanup | Character ID : ac032e3a-931c-11f0-8bf1-42010a7be01f | Session ID : -1
[18:10:59] ConvaiChatbotComponentLog : Log : Cleanup | Character ID : ac032e3a-931c-11f0-8bf1-42010a7be01f | Session ID : -1
[18:10:59] ConvaiChatbotComponentLog : Log : Cleanup | Character ID : ac032e3a-931c-11f0-8bf1-42010a7be01f | Session ID : -1
[18:10:59] ConvaiChatbotComponentLog : Log : Cleanup | Character ID : ac032e3a-931c-11f0-8bf1-42010a7be01f | Session ID : -1
[18:10:59] ConvaiChatbotComponentLog : Log : Cleanup | Character ID : ac032e3a-931c-11f0-8bf1-42010a7be01f | Session ID : -1
[18:11:42] ConvaiSubsystemLog : Log : gRPC Creating Channel...
[18:11:42] ConvaiSubsystemLog : Log : UConvaiSubsystem Started
[18:11:42] ConvaiSubsystemLog : Log : Start Run
[18:11:42] ConvaiPlayerLog : Log : UConvaiPlayerComponent: Found submix "AudioInput"
[18:11:42] ConvaiSubsystemLog : Verbose : Registered player component: ConvaiPlayer
[18:11:46] ConvaiSubsystemLog : Verbose : Unregistered player component: ConvaiPlayer
[18:11:46] ConvaiSubsystemLog : Log : UConvaiSubsystem Stopped
[18:11:46] ConvaiSubsystemLog : Log : End Run
[18:11:46] ConvaiChatbotComponentLog : Log : Cleanup | Character ID : ac032e3a-931c-11f0-8bf1-42010a7be01f | Session ID : -1
[18:11:46] ConvaiChatbotComponentLog : Log : Cleanup | Character ID : ac032e3a-931c-11f0-8bf1-42010a7be01f | Session ID : -1
[18:15:27] ConvaiSubsystemLog : Log : gRPC Creating Channel...
[18:15:27] ConvaiSubsystemLog : Log : Start Run
[18:15:27] ConvaiSubsystemLog : Log : UConvaiSubsystem Started
[18:15:27] ConvaiPlayerLog : Log : UConvaiPlayerComponent: Found submix "AudioInput"
[18:15:27] ConvaiSubsystemLog : Verbose : Registered player component: ConvaiPlayer
[18:15:31] ConvaiSubsystemLog : Verbose : Unregistered player component: ConvaiPlayer
[18:15:31] ConvaiSubsystemLog : Log : UConvaiSubsystem Stopped
[18:15:31] ConvaiSubsystemLog : Log : End Run
[18:15:31] ConvaiChatbotComponentLog : Log : Cleanup | Character ID : ac032e3a-931c-11f0-8bf1-42010a7be01f | Session ID : -1
[18:18:51] ConvaiChatbotComponentLog : Log : Cleanup | Character ID : ac032e3a-931c-11f0-8bf1-42010a7be01f | Session ID : -1
[18:29:39] ConvaiSubsystemLog : Log : gRPC Creating Channel...
[18:29:39] ConvaiSubsystemLog : Log : Start Run
[18:29:39] ConvaiSubsystemLog : Log : UConvaiSubsystem Started
[18:29:39] ConvaiPlayerLog : Log : UConvaiPlayerComponent: Found submix "AudioInput"
[18:29:39] ConvaiSubsystemLog : Verbose : Registered player component: ConvaiPlayer
[18:29:42] ConvaiSubsystemLog : Verbose : Unregistered player component: ConvaiPlayer
[18:29:42] ConvaiSubsystemLog : Log : UConvaiSubsystem Stopped
[18:29:42] ConvaiSubsystemLog : Log : End Run
[18:29:42] ConvaiChatbotComponentLog : Log : Cleanup | Character ID : ac032e3a-931c-11f0-8bf1-42010a7be01f | Session ID : -1
[18:31:17] ConvaiChatbotComponentLog : Log : Cleanup | Character ID :  | Session ID : -1
[18:31:18] ConvaiChatbotComponentLog : Log : Cleanup | Character ID :  | Session ID : -1
[18:31:19] ConvaiGRPCLog : Log : Destroying UConvaiGRPCGetResponseProxy... | Character ID :  | Session ID : 
[18:31:19] ConvaiGRPCFeedBackLog : Log : On Stream Finish | Interaction ID :  | Feedback Text :  | ThumbsUp: False
[18:31:19] ConvaiChatbotComponentLog : Log : Cleanup | Character ID :  | Session ID : -1
[18:31:19] ConvaiChatbotComponentLog : Log : Cleanup | Character ID :  | Session ID : -1
[18:31:19] ConvaiChatbotComponentLog : Log : Cleanup | Character ID :  | Session ID : -1
[18:31:19] ConvaiChatbotComponentLog : Log : Cleanup | Character ID :  | Session ID : -1
[18:31:19] ConvaiChatbotComponentLog : Log : Cleanup | Character ID :  | Session ID : -1
[18:31:19] ConvaiChatbotComponentLog : Log : Cleanup | Character ID :  | Session ID : -1
[18:31:19] ConvaiChatbotComponentLog : Log : Cleanup | Character ID : ac032e3a-931c-11f0-8bf1-42010a7be01f | Session ID : -1
