[14:51:07] ConvaiChatbotComponentLog : Log : Cleanup | Character ID : ac032e3a-931c-11f0-8bf1-42010a7be01f | Session ID : -1
[14:54:44] ConvaiChatbotComponentLog : Log : Cleanup | Character ID : ac032e3a-931c-11f0-8bf1-42010a7be01f | Session ID : -1
[15:16:10] ConvaiChatbotComponentLog : Log : Cleanup | Character ID : ac032e3a-931c-11f0-8bf1-42010a7be01f | Session ID : -1
[15:16:10] ConvaiChatbotComponentLog : Log : Cleanup | Character ID : ac032e3a-931c-11f0-8bf1-42010a7be01f | Session ID : -1
[15:16:10] ConvaiChatbotComponentLog : Log : Cleanup | Character ID : ac032e3a-931c-11f0-8bf1-42010a7be01f | Session ID : -1
[15:17:40] ConvaiChatbotComponentLog : Log : Cleanup | Character ID : ac032e3a-931c-11f0-8bf1-42010a7be01f | Session ID : -1
[15:21:01] ConvaiChatbotComponentLog : Log : Cleanup | Character ID : ac032e3a-931c-11f0-8bf1-42010a7be01f | Session ID : -1
[15:21:01] ConvaiChatbotComponentLog : Log : Cleanup | Character ID : ac032e3a-931c-11f0-8bf1-42010a7be01f | Session ID : -1
[15:21:01] ConvaiChatbotComponentLog : Log : Cleanup | Character ID : ac032e3a-931c-11f0-8bf1-42010a7be01f | Session ID : -1
[15:21:50] ConvaiChatbotComponentLog : Log : Cleanup | Character ID : ac032e3a-931c-11f0-8bf1-42010a7be01f | Session ID : -1
[15:23:34] ConvaiChatbotComponentLog : Log : Cleanup | Character ID : ac032e3a-931c-11f0-8bf1-42010a7be01f | Session ID : -1
[15:23:34] ConvaiChatbotComponentLog : Log : Cleanup | Character ID : ac032e3a-931c-11f0-8bf1-42010a7be01f | Session ID : -1
[15:23:34] ConvaiChatbotComponentLog : Log : Cleanup | Character ID : ac032e3a-931c-11f0-8bf1-42010a7be01f | Session ID : -1
[15:24:17] ConvaiChatbotComponentLog : Log : Cleanup | Character ID : ac032e3a-931c-11f0-8bf1-42010a7be01f | Session ID : -1
[15:49:04] ConvaiPlayerLog : Log : UConvaiPlayerComponent: Found submix "AudioInput"
[15:49:06] ConvaiPlayerLog : Log : UConvaiPlayerComponent: Found submix "AudioInput"
[15:49:06] ConvaiPlayerLog : Log : UConvaiPlayerComponent: Found submix "AudioInput"
[15:49:06] ConvaiPlayerLog : Log : UConvaiPlayerComponent: Found submix "AudioInput"
[15:49:06] ConvaiPlayerLog : Log : UConvaiPlayerComponent: Found submix "AudioInput"
[15:49:06] ConvaiPlayerLog : Log : UConvaiPlayerComponent: Found submix "AudioInput"
[15:49:06] ConvaiPlayerLog : Log : UConvaiPlayerComponent: Found submix "AudioInput"
[15:49:06] ConvaiPlayerLog : Log : UConvaiPlayerComponent: Found submix "AudioInput"
[15:49:06] ConvaiPlayerLog : Log : UConvaiPlayerComponent: Found submix "AudioInput"
[15:49:06] ConvaiPlayerLog : Log : UConvaiPlayerComponent: Found submix "AudioInput"
[15:49:06] ConvaiPlayerLog : Log : UConvaiPlayerComponent: Found submix "AudioInput"
[15:49:06] ConvaiPlayerLog : Log : UConvaiPlayerComponent: Found submix "AudioInput"
[15:49:06] ConvaiPlayerLog : Log : UConvaiPlayerComponent: Found submix "AudioInput"
[15:49:06] ConvaiPlayerLog : Log : UConvaiPlayerComponent: Found submix "AudioInput"
[15:49:06] ConvaiPlayerLog : Log : UConvaiPlayerComponent: Found submix "AudioInput"
[15:49:06] ConvaiPlayerLog : Log : UConvaiPlayerComponent: Found submix "AudioInput"
[15:49:06] ConvaiPlayerLog : Log : UConvaiPlayerComponent: Found submix "AudioInput"
[15:49:06] ConvaiPlayerLog : Log : UConvaiPlayerComponent: Found submix "AudioInput"
[15:49:06] ConvaiPlayerLog : Log : UConvaiPlayerComponent: Found submix "AudioInput"
[15:49:06] ConvaiPlayerLog : Log : UConvaiPlayerComponent: Found submix "AudioInput"
[15:49:06] ConvaiPlayerLog : Log : UConvaiPlayerComponent: Found submix "AudioInput"
[15:49:06] ConvaiPlayerLog : Log : UConvaiPlayerComponent: Found submix "AudioInput"
[15:49:06] ConvaiPlayerLog : Log : UConvaiPlayerComponent: Found submix "AudioInput"
[15:49:06] ConvaiPlayerLog : Log : UConvaiPlayerComponent: Found submix "AudioInput"
[15:49:06] ConvaiPlayerLog : Log : UConvaiPlayerComponent: Found submix "AudioInput"
[15:49:06] ConvaiPlayerLog : Log : UConvaiPlayerComponent: Found submix "AudioInput"
[15:49:06] ConvaiPlayerLog : Log : UConvaiPlayerComponent: Found submix "AudioInput"
[15:49:06] ConvaiPlayerLog : Log : UConvaiPlayerComponent: Found submix "AudioInput"
[15:49:06] ConvaiPlayerLog : Log : UConvaiPlayerComponent: Found submix "AudioInput"
[15:49:06] ConvaiPlayerLog : Log : UConvaiPlayerComponent: Found submix "AudioInput"
[15:49:06] ConvaiPlayerLog : Log : UConvaiPlayerComponent: Found submix "AudioInput"
[15:49:06] ConvaiPlayerLog : Log : UConvaiPlayerComponent: Found submix "AudioInput"
[15:49:06] ConvaiPlayerLog : Log : UConvaiPlayerComponent: Found submix "AudioInput"
[15:49:06] ConvaiPlayerLog : Log : UConvaiPlayerComponent: Found submix "AudioInput"
[15:49:06] ConvaiPlayerLog : Log : UConvaiPlayerComponent: Found submix "AudioInput"
[15:49:06] ConvaiPlayerLog : Log : UConvaiPlayerComponent: Found submix "AudioInput"
[15:49:06] ConvaiPlayerLog : Log : UConvaiPlayerComponent: Found submix "AudioInput"
[15:49:06] ConvaiPlayerLog : Log : UConvaiPlayerComponent: Found submix "AudioInput"
[15:49:06] ConvaiPlayerLog : Log : UConvaiPlayerComponent: Found submix "AudioInput"
[15:49:06] ConvaiPlayerLog : Log : UConvaiPlayerComponent: Found submix "AudioInput"
[15:49:06] ConvaiPlayerLog : Log : UConvaiPlayerComponent: Found submix "AudioInput"
[15:49:06] ConvaiPlayerLog : Log : UConvaiPlayerComponent: Found submix "AudioInput"
[15:49:06] ConvaiPlayerLog : Log : UConvaiPlayerComponent: Found submix "AudioInput"
[15:49:06] ConvaiPlayerLog : Log : UConvaiPlayerComponent: Found submix "AudioInput"
[15:49:06] ConvaiPlayerLog : Log : UConvaiPlayerComponent: Found submix "AudioInput"
[15:49:06] ConvaiPlayerLog : Log : UConvaiPlayerComponent: Found submix "AudioInput"
[15:49:06] ConvaiPlayerLog : Log : UConvaiPlayerComponent: Found submix "AudioInput"
[15:49:06] ConvaiPlayerLog : Log : UConvaiPlayerComponent: Found submix "AudioInput"
[15:49:06] ConvaiPlayerLog : Log : UConvaiPlayerComponent: Found submix "AudioInput"
[15:49:06] ConvaiPlayerLog : Log : UConvaiPlayerComponent: Found submix "AudioInput"
[15:49:06] ConvaiPlayerLog : Log : UConvaiPlayerComponent: Found submix "AudioInput"
[15:49:06] ConvaiPlayerLog : Log : UConvaiPlayerComponent: Found submix "AudioInput"
[15:49:06] ConvaiPlayerLog : Log : UConvaiPlayerComponent: Found submix "AudioInput"
[15:49:06] ConvaiPlayerLog : Log : UConvaiPlayerComponent: Found submix "AudioInput"
[15:49:06] ConvaiPlayerLog : Log : UConvaiPlayerComponent: Found submix "AudioInput"
[15:49:06] ConvaiPlayerLog : Log : UConvaiPlayerComponent: Found submix "AudioInput"
[15:49:06] ConvaiPlayerLog : Log : UConvaiPlayerComponent: Found submix "AudioInput"
[15:49:06] ConvaiPlayerLog : Log : UConvaiPlayerComponent: Found submix "AudioInput"
[15:49:06] ConvaiPlayerLog : Log : UConvaiPlayerComponent: Found submix "AudioInput"
[15:49:06] ConvaiPlayerLog : Log : UConvaiPlayerComponent: Found submix "AudioInput"
[15:49:07] ConvaiPlayerLog : Log : UConvaiPlayerComponent: Found submix "AudioInput"
[15:49:07] ConvaiPlayerLog : Log : UConvaiPlayerComponent: Found submix "AudioInput"
[15:49:07] ConvaiPlayerLog : Log : UConvaiPlayerComponent: Found submix "AudioInput"
[15:49:07] ConvaiPlayerLog : Log : UConvaiPlayerComponent: Found submix "AudioInput"
[15:49:07] ConvaiPlayerLog : Log : UConvaiPlayerComponent: Found submix "AudioInput"
[15:49:07] ConvaiPlayerLog : Log : UConvaiPlayerComponent: Found submix "AudioInput"
[15:49:07] ConvaiPlayerLog : Log : UConvaiPlayerComponent: Found submix "AudioInput"
[15:49:07] ConvaiPlayerLog : Log : UConvaiPlayerComponent: Found submix "AudioInput"
[15:49:07] ConvaiPlayerLog : Log : UConvaiPlayerComponent: Found submix "AudioInput"
[15:49:07] ConvaiPlayerLog : Log : UConvaiPlayerComponent: Found submix "AudioInput"
[15:49:07] ConvaiPlayerLog : Log : UConvaiPlayerComponent: Found submix "AudioInput"
[15:49:07] ConvaiPlayerLog : Log : UConvaiPlayerComponent: Found submix "AudioInput"
[15:49:07] ConvaiPlayerLog : Log : UConvaiPlayerComponent: Found submix "AudioInput"
[15:49:07] ConvaiPlayerLog : Log : UConvaiPlayerComponent: Found submix "AudioInput"
[15:49:07] ConvaiPlayerLog : Log : UConvaiPlayerComponent: Found submix "AudioInput"
[15:49:07] ConvaiPlayerLog : Log : UConvaiPlayerComponent: Found submix "AudioInput"
[15:49:07] ConvaiPlayerLog : Log : UConvaiPlayerComponent: Found submix "AudioInput"
[15:49:07] ConvaiPlayerLog : Log : UConvaiPlayerComponent: Found submix "AudioInput"
[15:49:07] ConvaiPlayerLog : Log : UConvaiPlayerComponent: Found submix "AudioInput"
[15:49:07] ConvaiPlayerLog : Log : UConvaiPlayerComponent: Found submix "AudioInput"
[15:49:07] ConvaiPlayerLog : Log : UConvaiPlayerComponent: Found submix "AudioInput"
[15:49:07] ConvaiPlayerLog : Log : UConvaiPlayerComponent: Found submix "AudioInput"
[15:49:07] ConvaiPlayerLog : Log : UConvaiPlayerComponent: Found submix "AudioInput"
[15:49:07] ConvaiPlayerLog : Log : UConvaiPlayerComponent: Found submix "AudioInput"
[15:49:07] ConvaiPlayerLog : Log : UConvaiPlayerComponent: Found submix "AudioInput"
[15:49:07] ConvaiPlayerLog : Log : UConvaiPlayerComponent: Found submix "AudioInput"
[15:49:07] ConvaiPlayerLog : Log : UConvaiPlayerComponent: Found submix "AudioInput"
[15:49:07] ConvaiPlayerLog : Log : UConvaiPlayerComponent: Found submix "AudioInput"
[15:49:07] ConvaiPlayerLog : Log : UConvaiPlayerComponent: Found submix "AudioInput"
[15:49:07] ConvaiPlayerLog : Log : UConvaiPlayerComponent: Found submix "AudioInput"
[15:49:07] ConvaiPlayerLog : Log : UConvaiPlayerComponent: Found submix "AudioInput"
[15:49:07] ConvaiPlayerLog : Log : UConvaiPlayerComponent: Found submix "AudioInput"
[15:49:07] ConvaiPlayerLog : Log : UConvaiPlayerComponent: Found submix "AudioInput"
[15:49:07] ConvaiPlayerLog : Log : UConvaiPlayerComponent: Found submix "AudioInput"
[15:49:08] ConvaiPlayerLog : Log : UConvaiPlayerComponent: Found submix "AudioInput"
[15:49:08] ConvaiPlayerLog : Log : UConvaiPlayerComponent: Found submix "AudioInput"
[15:49:08] ConvaiPlayerLog : Log : UConvaiPlayerComponent: Found submix "AudioInput"
[15:49:08] ConvaiPlayerLog : Log : UConvaiPlayerComponent: Found submix "AudioInput"
[15:49:08] ConvaiPlayerLog : Log : UConvaiPlayerComponent: Found submix "AudioInput"
[15:49:08] ConvaiPlayerLog : Log : UConvaiPlayerComponent: Found submix "AudioInput"
[15:49:08] ConvaiPlayerLog : Log : UConvaiPlayerComponent: Found submix "AudioInput"
[15:49:08] ConvaiPlayerLog : Log : UConvaiPlayerComponent: Found submix "AudioInput"
[15:49:08] ConvaiPlayerLog : Log : UConvaiPlayerComponent: Found submix "AudioInput"
[15:49:08] ConvaiPlayerLog : Log : UConvaiPlayerComponent: Found submix "AudioInput"
[15:49:08] ConvaiPlayerLog : Log : UConvaiPlayerComponent: Found submix "AudioInput"
[15:49:08] ConvaiPlayerLog : Log : UConvaiPlayerComponent: Found submix "AudioInput"
[15:49:08] ConvaiPlayerLog : Log : UConvaiPlayerComponent: Found submix "AudioInput"
[15:49:08] ConvaiPlayerLog : Log : UConvaiPlayerComponent: Found submix "AudioInput"
[15:49:08] ConvaiPlayerLog : Log : UConvaiPlayerComponent: Found submix "AudioInput"
[15:49:08] ConvaiPlayerLog : Log : UConvaiPlayerComponent: Found submix "AudioInput"
[15:49:08] ConvaiPlayerLog : Log : UConvaiPlayerComponent: Found submix "AudioInput"
[15:49:08] ConvaiPlayerLog : Log : UConvaiPlayerComponent: Found submix "AudioInput"
[15:49:08] ConvaiPlayerLog : Log : UConvaiPlayerComponent: Found submix "AudioInput"
[15:49:08] ConvaiPlayerLog : Log : UConvaiPlayerComponent: Found submix "AudioInput"
[15:49:08] ConvaiPlayerLog : Log : UConvaiPlayerComponent: Found submix "AudioInput"
[15:49:08] ConvaiPlayerLog : Log : UConvaiPlayerComponent: Found submix "AudioInput"
[15:49:09] ConvaiPlayerLog : Log : UConvaiPlayerComponent: Found submix "AudioInput"
[15:49:09] ConvaiPlayerLog : Log : UConvaiPlayerComponent: Found submix "AudioInput"
[15:49:09] ConvaiPlayerLog : Log : UConvaiPlayerComponent: Found submix "AudioInput"
[15:49:09] ConvaiPlayerLog : Log : UConvaiPlayerComponent: Found submix "AudioInput"
[15:49:09] ConvaiPlayerLog : Log : UConvaiPlayerComponent: Found submix "AudioInput"
[15:49:09] ConvaiPlayerLog : Log : UConvaiPlayerComponent: Found submix "AudioInput"
[15:49:09] ConvaiPlayerLog : Log : UConvaiPlayerComponent: Found submix "AudioInput"
[15:49:09] ConvaiPlayerLog : Log : UConvaiPlayerComponent: Found submix "AudioInput"
[15:49:09] ConvaiPlayerLog : Log : UConvaiPlayerComponent: Found submix "AudioInput"
[15:49:09] ConvaiPlayerLog : Log : UConvaiPlayerComponent: Found submix "AudioInput"
[15:49:09] ConvaiPlayerLog : Log : UConvaiPlayerComponent: Found submix "AudioInput"
[15:49:09] ConvaiPlayerLog : Log : UConvaiPlayerComponent: Found submix "AudioInput"
[15:49:09] ConvaiPlayerLog : Log : UConvaiPlayerComponent: Found submix "AudioInput"
[15:49:09] ConvaiPlayerLog : Log : UConvaiPlayerComponent: Found submix "AudioInput"
[15:49:09] ConvaiPlayerLog : Log : UConvaiPlayerComponent: Found submix "AudioInput"
[15:49:09] ConvaiPlayerLog : Log : UConvaiPlayerComponent: Found submix "AudioInput"
[15:49:09] ConvaiPlayerLog : Log : UConvaiPlayerComponent: Found submix "AudioInput"
[15:49:09] ConvaiPlayerLog : Log : UConvaiPlayerComponent: Found submix "AudioInput"
[15:49:09] ConvaiPlayerLog : Log : UConvaiPlayerComponent: Found submix "AudioInput"
[15:49:09] ConvaiPlayerLog : Log : UConvaiPlayerComponent: Found submix "AudioInput"
[15:49:09] ConvaiPlayerLog : Log : UConvaiPlayerComponent: Found submix "AudioInput"
[15:49:09] ConvaiPlayerLog : Log : UConvaiPlayerComponent: Found submix "AudioInput"
[15:49:09] ConvaiPlayerLog : Log : UConvaiPlayerComponent: Found submix "AudioInput"
[15:49:09] ConvaiPlayerLog : Log : UConvaiPlayerComponent: Found submix "AudioInput"
[15:49:09] ConvaiPlayerLog : Log : UConvaiPlayerComponent: Found submix "AudioInput"
[15:49:09] ConvaiPlayerLog : Log : UConvaiPlayerComponent: Found submix "AudioInput"
[15:49:09] ConvaiPlayerLog : Log : UConvaiPlayerComponent: Found submix "AudioInput"
[15:49:09] ConvaiPlayerLog : Log : UConvaiPlayerComponent: Found submix "AudioInput"
[15:49:09] ConvaiPlayerLog : Log : UConvaiPlayerComponent: Found submix "AudioInput"
[15:49:09] ConvaiPlayerLog : Log : UConvaiPlayerComponent: Found submix "AudioInput"
[15:49:09] ConvaiPlayerLog : Log : UConvaiPlayerComponent: Found submix "AudioInput"
[15:49:09] ConvaiPlayerLog : Log : UConvaiPlayerComponent: Found submix "AudioInput"
[15:49:09] ConvaiPlayerLog : Log : UConvaiPlayerComponent: Found submix "AudioInput"
[15:49:09] ConvaiPlayerLog : Log : UConvaiPlayerComponent: Found submix "AudioInput"
[15:49:10] ConvaiPlayerLog : Log : UConvaiPlayerComponent: Found submix "AudioInput"
[15:49:10] ConvaiPlayerLog : Log : UConvaiPlayerComponent: Found submix "AudioInput"
[15:49:10] ConvaiPlayerLog : Log : UConvaiPlayerComponent: Found submix "AudioInput"
[15:49:10] ConvaiPlayerLog : Log : UConvaiPlayerComponent: Found submix "AudioInput"
[15:49:10] ConvaiPlayerLog : Log : UConvaiPlayerComponent: Found submix "AudioInput"
[15:49:10] ConvaiPlayerLog : Log : UConvaiPlayerComponent: Found submix "AudioInput"
[15:49:10] ConvaiPlayerLog : Log : UConvaiPlayerComponent: Found submix "AudioInput"
[15:49:10] ConvaiPlayerLog : Log : UConvaiPlayerComponent: Found submix "AudioInput"
[15:49:10] ConvaiPlayerLog : Log : UConvaiPlayerComponent: Found submix "AudioInput"
[15:49:10] ConvaiPlayerLog : Log : UConvaiPlayerComponent: Found submix "AudioInput"
[15:49:13] ConvaiPlayerLog : Log : UConvaiPlayerComponent: Found submix "AudioInput"
[15:49:14] ConvaiPlayerLog : Log : UConvaiPlayerComponent: Found submix "AudioInput"
[15:49:14] ConvaiPlayerLog : Log : UConvaiPlayerComponent: Found submix "AudioInput"
[15:49:14] ConvaiPlayerLog : Log : UConvaiPlayerComponent: Found submix "AudioInput"
[15:49:14] ConvaiPlayerLog : Log : UConvaiPlayerComponent: Found submix "AudioInput"
[15:49:14] ConvaiPlayerLog : Log : UConvaiPlayerComponent: Found submix "AudioInput"
[15:49:14] ConvaiPlayerLog : Log : UConvaiPlayerComponent: Found submix "AudioInput"
[15:49:14] ConvaiPlayerLog : Log : UConvaiPlayerComponent: Found submix "AudioInput"
[15:49:14] ConvaiPlayerLog : Log : UConvaiPlayerComponent: Found submix "AudioInput"
[15:49:14] ConvaiPlayerLog : Log : UConvaiPlayerComponent: Found submix "AudioInput"
[15:49:14] ConvaiPlayerLog : Log : UConvaiPlayerComponent: Found submix "AudioInput"
[15:49:14] ConvaiPlayerLog : Log : UConvaiPlayerComponent: Found submix "AudioInput"
[15:49:14] ConvaiPlayerLog : Log : UConvaiPlayerComponent: Found submix "AudioInput"
[15:49:14] ConvaiPlayerLog : Log : UConvaiPlayerComponent: Found submix "AudioInput"
[15:49:15] ConvaiPlayerLog : Log : UConvaiPlayerComponent: Found submix "AudioInput"
[15:49:15] ConvaiPlayerLog : Log : UConvaiPlayerComponent: Found submix "AudioInput"
[15:49:15] ConvaiPlayerLog : Log : UConvaiPlayerComponent: Found submix "AudioInput"
[15:49:15] ConvaiPlayerLog : Log : UConvaiPlayerComponent: Found submix "AudioInput"
[15:49:15] ConvaiPlayerLog : Log : UConvaiPlayerComponent: Found submix "AudioInput"
[15:49:15] ConvaiPlayerLog : Log : UConvaiPlayerComponent: Found submix "AudioInput"
[15:49:15] ConvaiPlayerLog : Log : UConvaiPlayerComponent: Found submix "AudioInput"
[15:49:15] ConvaiPlayerLog : Log : UConvaiPlayerComponent: Found submix "AudioInput"
[15:49:15] ConvaiPlayerLog : Log : UConvaiPlayerComponent: Found submix "AudioInput"
[15:49:16] ConvaiPlayerLog : Log : UConvaiPlayerComponent: Found submix "AudioInput"
[15:49:16] ConvaiPlayerLog : Log : UConvaiPlayerComponent: Found submix "AudioInput"
[15:49:16] ConvaiPlayerLog : Log : UConvaiPlayerComponent: Found submix "AudioInput"
[15:49:39] ConvaiSubsystemLog : Log : gRPC Creating Channel...
[15:49:39] ConvaiSubsystemLog : Log : UConvaiSubsystem Started
[15:49:39] ConvaiSubsystemLog : Log : Start Run
[15:49:39] ConvaiPlayerLog : Log : UConvaiPlayerComponent: Found submix "AudioInput"
[15:49:39] ConvaiSubsystemLog : Verbose : Registered player component: ConvaiPlayer
[15:49:39] ConvaiSubsystemLog : Verbose : Registered player component: ConvaiPlayer
[15:49:46] ConvaiSubsystemLog : Verbose : Unregistered player component: ConvaiPlayer
[15:49:46] ConvaiSubsystemLog : Verbose : Unregistered player component: ConvaiPlayer
[15:49:46] ConvaiSubsystemLog : Log : UConvaiSubsystem Stopped
[15:49:46] ConvaiSubsystemLog : Log : End Run
[15:51:49] ConvaiChatbotComponentLog : Log : Cleanup | Character ID : ac032e3a-931c-11f0-8bf1-42010a7be01f | Session ID : -1
[15:51:49] ConvaiChatbotComponentLog : Log : Cleanup | Character ID : ac032e3a-931c-11f0-8bf1-42010a7be01f | Session ID : -1
[15:51:49] ConvaiChatbotComponentLog : Log : Cleanup | Character ID : ac032e3a-931c-11f0-8bf1-42010a7be01f | Session ID : -1
[15:51:55] ConvaiChatbotComponentLog : Log : Cleanup | Character ID : ac032e3a-931c-11f0-8bf1-42010a7be01f | Session ID : -1
[15:52:10] ConvaiChatbotComponentLog : Log : Cleanup | Character ID : ac032e3a-931c-11f0-8bf1-42010a7be01f | Session ID : -1
[15:52:10] ConvaiChatbotComponentLog : Log : Cleanup | Character ID : ac032e3a-931c-11f0-8bf1-42010a7be01f | Session ID : -1
[15:52:10] ConvaiChatbotComponentLog : Log : Cleanup | Character ID : ac032e3a-931c-11f0-8bf1-42010a7be01f | Session ID : -1
[15:52:42] ConvaiChatbotComponentLog : Log : Cleanup | Character ID : ac032e3a-931c-11f0-8bf1-42010a7be01f | Session ID : -1
[15:55:46] ConvaiSubsystemLog : Log : gRPC Creating Channel...
[15:55:46] ConvaiSubsystemLog : Log : Start Run
[15:55:46] ConvaiSubsystemLog : Log : UConvaiSubsystem Started
[15:55:49] ConvaiSubsystemLog : Log : UConvaiSubsystem Stopped
[15:55:49] ConvaiSubsystemLog : Log : End Run
[16:02:44] ConvaiSubsystemLog : Log : gRPC Creating Channel...
[16:02:44] ConvaiSubsystemLog : Log : UConvaiSubsystem Started
[16:02:44] ConvaiSubsystemLog : Log : Start Run
[16:02:47] ConvaiSubsystemLog : Log : UConvaiSubsystem Stopped
[16:02:47] ConvaiSubsystemLog : Log : End Run
[16:04:10] ConvaiSubsystemLog : Log : gRPC Creating Channel...
[16:04:10] ConvaiSubsystemLog : Log : Start Run
[16:04:10] ConvaiSubsystemLog : Log : UConvaiSubsystem Started
[16:04:14] ConvaiSubsystemLog : Log : UConvaiSubsystem Stopped
[16:04:14] ConvaiSubsystemLog : Log : End Run
[16:04:23] ConvaiSubsystemLog : Log : gRPC Creating Channel...
[16:04:23] ConvaiSubsystemLog : Log : Start Run
[16:04:23] ConvaiSubsystemLog : Log : UConvaiSubsystem Started
[16:04:39] ConvaiSubsystemLog : Log : UConvaiSubsystem Stopped
[16:04:39] ConvaiSubsystemLog : Log : End Run
[16:05:03] ConvaiChatbotComponentLog : Log : Cleanup | Character ID :  | Session ID : -1
[16:05:04] ConvaiGRPCLog : Log : Destroying UConvaiGRPCGetResponseProxy... | Character ID :  | Session ID : 
[16:05:04] ConvaiGRPCFeedBackLog : Log : On Stream Finish | Interaction ID :  | Feedback Text :  | ThumbsUp: False
[16:05:04] ConvaiChatbotComponentLog : Log : Cleanup | Character ID :  | Session ID : -1
[16:05:04] ConvaiChatbotComponentLog : Log : Cleanup | Character ID :  | Session ID : -1
[16:05:04] ConvaiChatbotComponentLog : Log : Cleanup | Character ID :  | Session ID : -1
