[14:35:58] ConvaiChatbotComponentLog : Log : Cleanup | Character ID : ac032e3a-931c-11f0-8bf1-42010a7be01f | Session ID : -1
[14:35:58] ConvaiChatbotComponentLog : Log : Cleanup | Character ID : ac032e3a-931c-11f0-8bf1-42010a7be01f | Session ID : -1
[14:36:01] ConvaiChatbotComponentLog : Log : Cleanup | Character ID : ac032e3a-931c-11f0-8bf1-42010a7be01f | Session ID : -1
[14:36:01] ConvaiChatbotComponentLog : Log : Cleanup | Character ID : ac032e3a-931c-11f0-8bf1-42010a7be01f | Session ID : -1
[14:36:02] ConvaiChatbotComponentLog : Log : Cleanup | Character ID : ac032e3a-931c-11f0-8bf1-42010a7be01f | Session ID : -1
[14:36:02] ConvaiChatbotComponentLog : Log : Cleanup | Character ID : ac032e3a-931c-11f0-8bf1-42010a7be01f | Session ID : -1
[14:36:02] ConvaiChatbotComponentLog : Log : Cleanup | Character ID : ac032e3a-931c-11f0-8bf1-42010a7be01f | Session ID : -1
[14:36:02] ConvaiChatbotComponentLog : Log : Cleanup | Character ID : ac032e3a-931c-11f0-8bf1-42010a7be01f | Session ID : -1
[14:36:04] ConvaiSubsystemLog : Log : gRPC Creating Channel...
[14:36:04] ConvaiSubsystemLog : Log : UConvaiSubsystem Started
[14:36:04] ConvaiSubsystemLog : Log : Start Run
[14:36:05] ConvaiPlayerLog : Log : UConvaiPlayerComponent: Found submix "AudioInput"
[14:36:05] ConvaiSubsystemLog : Verbose : Registered player component: ConvaiPlayer
[14:36:14] ConvaiPlayerLog : Log : Started Talking
[14:36:14] ConvaiAudioLog : Log : Using SteelSeries Sonar - Microphone (SteelSeries Sonar Virtual Audio Device) as Audio capture device with NumChannels:2 and SampleRate:48000
[14:36:14] ConvaiSubsystemLog : Warning : gRPC channel not ready yet.. Current State: GRPC_CHANNEL_IDLE
[14:36:14] ConvaiGRPCLog : Log : AsyncGetResponse started | Character ID : ac032e3a-931c-11f0-8bf1-42010a7be01f | Session ID : -1
[14:36:15] ConvaiPlayerLog : Log : FinishTalking calling FinishGetResponseStream
[14:36:15] ConvaiGRPCLog : Log : Finish Writing to audio data buffer
[14:36:15] ConvaiPlayerLog : Log : Finished Talking
[14:36:23] ConvaiBotHttpLog : Warning : HTTP request failed - Response pointer is invalid
[14:36:23] ConvaiBotHttpLog : Warning : HTTP request failed - Response pointer is invalid
[14:36:23] ConvaiSubsystemLog : Verbose : Unregistered player component: ConvaiPlayer
[14:36:23] ConvaiSubsystemLog : Log : UConvaiSubsystem Stopped
[14:36:23] ConvaiGRPCLog : Log : Destroying UConvaiGRPCGetResponseProxy... | Character ID : ac032e3a-931c-11f0-8bf1-42010a7be01f | Session ID : -1
[14:36:23] ConvaiSubsystemLog : Log : Could not run gRPC delegate due to thread closing down
[14:36:23] ConvaiSubsystemLog : Log : End Run
[14:36:23] ConvaiChatbotComponentLog : Log : Cleanup | Character ID : ac032e3a-931c-11f0-8bf1-42010a7be01f | Session ID : -1
[14:36:23] ConvaiChatbotComponentLog : Log : Cleanup | Character ID : ac032e3a-931c-11f0-8bf1-42010a7be01f | Session ID : -1
[14:39:27] ConvaiSubsystemLog : Log : gRPC Creating Channel...
[14:39:27] ConvaiSubsystemLog : Log : Start Run
[14:39:27] ConvaiSubsystemLog : Log : UConvaiSubsystem Started
[14:39:28] ConvaiPlayerLog : Log : UConvaiPlayerComponent: Found submix "AudioInput"
[14:39:28] ConvaiSubsystemLog : Verbose : Registered player component: ConvaiPlayer
[14:39:31] ConvaiSubsystemLog : Verbose : Unregistered player component: ConvaiPlayer
[14:39:31] ConvaiSubsystemLog : Log : UConvaiSubsystem Stopped
[14:39:31] ConvaiSubsystemLog : Log : End Run
[14:39:31] ConvaiChatbotComponentLog : Log : Cleanup | Character ID : ac032e3a-931c-11f0-8bf1-42010a7be01f | Session ID : -1
[14:39:31] ConvaiChatbotComponentLog : Log : Cleanup | Character ID : ac032e3a-931c-11f0-8bf1-42010a7be01f | Session ID : -1
