[17:29:43] ConvaiChatbotComponentLog : Log : Cleanup | Character ID : ac032e3a-931c-11f0-8bf1-42010a7be01f | Session ID : -1
[17:29:46] ConvaiChatbotComponentLog : Log : Cleanup | Character ID : ac032e3a-931c-11f0-8bf1-42010a7be01f | Session ID : -1
[17:29:46] ConvaiChatbotComponentLog : Log : Cleanup | Character ID : ac032e3a-931c-11f0-8bf1-42010a7be01f | Session ID : -1
[17:29:46] ConvaiChatbotComponentLog : Log : Cleanup | Character ID : ac032e3a-931c-11f0-8bf1-42010a7be01f | Session ID : -1
[17:32:23] ConvaiChatbotComponentLog : Log : Cleanup | Character ID :  | Session ID : -1
[17:32:35] ConvaiChatbotComponentLog : Log : Cleanup | Character ID :  | Session ID : -1
[17:32:35] ConvaiChatbotComponentLog : Log : Cleanup | Character ID :  | Session ID : -1
[17:37:41] ConvaiPlayerLog : Log : UConvaiPlayerComponent: Found submix "AudioInput"
[17:37:43] ConvaiPlayerLog : Log : UConvaiPlayerComponent: Found submix "AudioInput"
[17:37:47] ConvaiPlayerLog : Log : UConvaiPlayerComponent: Found submix "AudioInput"
[17:38:41] ConvaiPlayerLog : Log : UConvaiPlayerComponent: Found submix "AudioInput"
[17:38:41] ConvaiPlayerLog : Log : UConvaiPlayerComponent: Found submix "AudioInput"
[17:38:41] ConvaiPlayerLog : Log : UConvaiPlayerComponent: Found submix "AudioInput"
[17:38:41] ConvaiPlayerLog : Log : UConvaiPlayerComponent: Found submix "AudioInput"
[17:38:41] ConvaiPlayerLog : Log : UConvaiPlayerComponent: Found submix "AudioInput"
[17:38:41] ConvaiPlayerLog : Log : UConvaiPlayerComponent: Found submix "AudioInput"
[17:38:41] ConvaiPlayerLog : Log : UConvaiPlayerComponent: Found submix "AudioInput"
[17:38:41] ConvaiPlayerLog : Log : UConvaiPlayerComponent: Found submix "AudioInput"
[17:38:41] ConvaiPlayerLog : Log : UConvaiPlayerComponent: Found submix "AudioInput"
[17:38:41] ConvaiPlayerLog : Log : UConvaiPlayerComponent: Found submix "AudioInput"
[17:38:41] ConvaiPlayerLog : Log : UConvaiPlayerComponent: Found submix "AudioInput"
[17:38:41] ConvaiPlayerLog : Log : UConvaiPlayerComponent: Found submix "AudioInput"
[17:38:41] ConvaiPlayerLog : Log : UConvaiPlayerComponent: Found submix "AudioInput"
[17:38:41] ConvaiPlayerLog : Log : UConvaiPlayerComponent: Found submix "AudioInput"
[17:38:41] ConvaiPlayerLog : Log : UConvaiPlayerComponent: Found submix "AudioInput"
[17:38:41] ConvaiPlayerLog : Log : UConvaiPlayerComponent: Found submix "AudioInput"
[17:38:41] ConvaiPlayerLog : Log : UConvaiPlayerComponent: Found submix "AudioInput"
[17:38:41] ConvaiPlayerLog : Log : UConvaiPlayerComponent: Found submix "AudioInput"
[17:38:41] ConvaiPlayerLog : Log : UConvaiPlayerComponent: Found submix "AudioInput"
[17:38:41] ConvaiPlayerLog : Log : UConvaiPlayerComponent: Found submix "AudioInput"
[17:38:41] ConvaiPlayerLog : Log : UConvaiPlayerComponent: Found submix "AudioInput"
[17:38:41] ConvaiPlayerLog : Log : UConvaiPlayerComponent: Found submix "AudioInput"
[17:38:41] ConvaiPlayerLog : Log : UConvaiPlayerComponent: Found submix "AudioInput"
[17:38:41] ConvaiPlayerLog : Log : UConvaiPlayerComponent: Found submix "AudioInput"
[17:38:41] ConvaiPlayerLog : Log : UConvaiPlayerComponent: Found submix "AudioInput"
[17:38:41] ConvaiPlayerLog : Log : UConvaiPlayerComponent: Found submix "AudioInput"
[17:38:42] ConvaiPlayerLog : Log : UConvaiPlayerComponent: Found submix "AudioInput"
[17:38:42] ConvaiPlayerLog : Log : UConvaiPlayerComponent: Found submix "AudioInput"
[17:38:46] ConvaiPlayerLog : Log : UConvaiPlayerComponent: Found submix "AudioInput"
[17:38:46] ConvaiPlayerLog : Log : UConvaiPlayerComponent: Found submix "AudioInput"
[17:38:47] ConvaiPlayerLog : Log : UConvaiPlayerComponent: Found submix "AudioInput"
[17:38:48] ConvaiPlayerLog : Log : UConvaiPlayerComponent: Found submix "AudioInput"
[17:38:48] ConvaiPlayerLog : Log : UConvaiPlayerComponent: Found submix "AudioInput"
[17:38:48] ConvaiChatbotComponentLog : Log : Cleanup | Character ID : ac032e3a-931c-11f0-8bf1-42010a7be01f | Session ID : -1
[17:38:48] ConvaiChatbotComponentLog : Log : Cleanup | Character ID : ac032e3a-931c-11f0-8bf1-42010a7be01f | Session ID : -1
[17:38:48] ConvaiChatbotComponentLog : Log : Cleanup | Character ID : ac032e3a-931c-11f0-8bf1-42010a7be01f | Session ID : -1
[17:38:48] ConvaiChatbotComponentLog : Log : Cleanup | Character ID :  | Session ID : -1
[17:38:49] ConvaiPlayerLog : Log : UConvaiPlayerComponent: Found submix "AudioInput"
[17:38:49] ConvaiPlayerLog : Log : UConvaiPlayerComponent: Found submix "AudioInput"
[17:38:49] ConvaiPlayerLog : Log : UConvaiPlayerComponent: Found submix "AudioInput"
[17:38:49] ConvaiPlayerLog : Log : UConvaiPlayerComponent: Found submix "AudioInput"
[17:38:49] ConvaiPlayerLog : Log : UConvaiPlayerComponent: Found submix "AudioInput"
[17:38:49] ConvaiPlayerLog : Log : UConvaiPlayerComponent: Found submix "AudioInput"
[17:39:40] ConvaiPlayerLog : Log : UConvaiPlayerComponent: Found submix "AudioInput"
[17:39:40] ConvaiPlayerLog : Log : UConvaiPlayerComponent: Found submix "AudioInput"
[17:39:40] ConvaiPlayerLog : Log : UConvaiPlayerComponent: Found submix "AudioInput"
[17:39:40] ConvaiPlayerLog : Log : UConvaiPlayerComponent: Found submix "AudioInput"
[17:39:40] ConvaiPlayerLog : Log : UConvaiPlayerComponent: Found submix "AudioInput"
[17:39:40] ConvaiPlayerLog : Log : UConvaiPlayerComponent: Found submix "AudioInput"
[17:39:40] ConvaiPlayerLog : Log : UConvaiPlayerComponent: Found submix "AudioInput"
[17:39:40] ConvaiPlayerLog : Log : UConvaiPlayerComponent: Found submix "AudioInput"
[17:39:40] ConvaiPlayerLog : Log : UConvaiPlayerComponent: Found submix "AudioInput"
[17:39:40] ConvaiPlayerLog : Log : UConvaiPlayerComponent: Found submix "AudioInput"
[17:39:40] ConvaiPlayerLog : Log : UConvaiPlayerComponent: Found submix "AudioInput"
[17:39:40] ConvaiPlayerLog : Log : UConvaiPlayerComponent: Found submix "AudioInput"
[17:39:40] ConvaiPlayerLog : Log : UConvaiPlayerComponent: Found submix "AudioInput"
[17:39:40] ConvaiPlayerLog : Log : UConvaiPlayerComponent: Found submix "AudioInput"
[17:39:40] ConvaiPlayerLog : Log : UConvaiPlayerComponent: Found submix "AudioInput"
[17:39:40] ConvaiPlayerLog : Log : UConvaiPlayerComponent: Found submix "AudioInput"
[17:39:40] ConvaiPlayerLog : Log : UConvaiPlayerComponent: Found submix "AudioInput"
[17:39:40] ConvaiPlayerLog : Log : UConvaiPlayerComponent: Found submix "AudioInput"
[17:39:41] ConvaiPlayerLog : Log : UConvaiPlayerComponent: Found submix "AudioInput"
[17:39:41] ConvaiPlayerLog : Log : UConvaiPlayerComponent: Found submix "AudioInput"
[17:39:41] ConvaiPlayerLog : Log : UConvaiPlayerComponent: Found submix "AudioInput"
[17:39:41] ConvaiPlayerLog : Log : UConvaiPlayerComponent: Found submix "AudioInput"
[17:39:41] ConvaiPlayerLog : Log : UConvaiPlayerComponent: Found submix "AudioInput"
[17:39:41] ConvaiPlayerLog : Log : UConvaiPlayerComponent: Found submix "AudioInput"
[17:39:41] ConvaiPlayerLog : Log : UConvaiPlayerComponent: Found submix "AudioInput"
[17:39:41] ConvaiPlayerLog : Log : UConvaiPlayerComponent: Found submix "AudioInput"
[17:39:41] ConvaiPlayerLog : Log : UConvaiPlayerComponent: Found submix "AudioInput"
[17:39:41] ConvaiPlayerLog : Log : UConvaiPlayerComponent: Found submix "AudioInput"
[17:39:41] ConvaiPlayerLog : Log : UConvaiPlayerComponent: Found submix "AudioInput"
[17:39:41] ConvaiPlayerLog : Log : UConvaiPlayerComponent: Found submix "AudioInput"
[17:39:41] ConvaiPlayerLog : Log : UConvaiPlayerComponent: Found submix "AudioInput"
[17:39:41] ConvaiPlayerLog : Log : UConvaiPlayerComponent: Found submix "AudioInput"
[17:39:41] ConvaiPlayerLog : Log : UConvaiPlayerComponent: Found submix "AudioInput"
[17:39:41] ConvaiPlayerLog : Log : UConvaiPlayerComponent: Found submix "AudioInput"
[17:39:41] ConvaiPlayerLog : Log : UConvaiPlayerComponent: Found submix "AudioInput"
[17:39:41] ConvaiPlayerLog : Log : UConvaiPlayerComponent: Found submix "AudioInput"
[17:39:41] ConvaiPlayerLog : Log : UConvaiPlayerComponent: Found submix "AudioInput"
[17:39:41] ConvaiPlayerLog : Log : UConvaiPlayerComponent: Found submix "AudioInput"
[17:39:41] ConvaiPlayerLog : Log : UConvaiPlayerComponent: Found submix "AudioInput"
[17:39:41] ConvaiPlayerLog : Log : UConvaiPlayerComponent: Found submix "AudioInput"
[17:39:41] ConvaiPlayerLog : Log : UConvaiPlayerComponent: Found submix "AudioInput"
[17:39:41] ConvaiPlayerLog : Log : UConvaiPlayerComponent: Found submix "AudioInput"
[17:39:44] ConvaiPlayerLog : Log : UConvaiPlayerComponent: Found submix "AudioInput"
[17:39:44] ConvaiPlayerLog : Log : UConvaiPlayerComponent: Found submix "AudioInput"
[17:39:44] ConvaiPlayerLog : Log : UConvaiPlayerComponent: Found submix "AudioInput"
[17:39:44] ConvaiPlayerLog : Log : UConvaiPlayerComponent: Found submix "AudioInput"
[17:39:44] ConvaiPlayerLog : Log : UConvaiPlayerComponent: Found submix "AudioInput"
[17:39:44] ConvaiPlayerLog : Log : UConvaiPlayerComponent: Found submix "AudioInput"
[17:39:44] ConvaiPlayerLog : Log : UConvaiPlayerComponent: Found submix "AudioInput"
[17:39:44] ConvaiPlayerLog : Log : UConvaiPlayerComponent: Found submix "AudioInput"
[17:39:44] ConvaiPlayerLog : Log : UConvaiPlayerComponent: Found submix "AudioInput"
[17:39:44] ConvaiPlayerLog : Log : UConvaiPlayerComponent: Found submix "AudioInput"
[17:39:44] ConvaiPlayerLog : Log : UConvaiPlayerComponent: Found submix "AudioInput"
[17:39:44] ConvaiPlayerLog : Log : UConvaiPlayerComponent: Found submix "AudioInput"
[17:39:44] ConvaiPlayerLog : Log : UConvaiPlayerComponent: Found submix "AudioInput"
[17:39:44] ConvaiPlayerLog : Log : UConvaiPlayerComponent: Found submix "AudioInput"
[17:39:44] ConvaiPlayerLog : Log : UConvaiPlayerComponent: Found submix "AudioInput"
[17:39:44] ConvaiPlayerLog : Log : UConvaiPlayerComponent: Found submix "AudioInput"
[17:39:46] ConvaiPlayerLog : Log : UConvaiPlayerComponent: Found submix "AudioInput"
[17:39:46] ConvaiPlayerLog : Log : UConvaiPlayerComponent: Found submix "AudioInput"
[17:39:46] ConvaiPlayerLog : Log : UConvaiPlayerComponent: Found submix "AudioInput"
[17:39:46] ConvaiPlayerLog : Log : UConvaiPlayerComponent: Found submix "AudioInput"
[17:39:46] ConvaiPlayerLog : Log : UConvaiPlayerComponent: Found submix "AudioInput"
[17:39:46] ConvaiPlayerLog : Log : UConvaiPlayerComponent: Found submix "AudioInput"
[17:39:46] ConvaiPlayerLog : Log : UConvaiPlayerComponent: Found submix "AudioInput"
[17:39:46] ConvaiPlayerLog : Log : UConvaiPlayerComponent: Found submix "AudioInput"
[17:39:46] ConvaiPlayerLog : Log : UConvaiPlayerComponent: Found submix "AudioInput"
[17:39:47] ConvaiPlayerLog : Log : UConvaiPlayerComponent: Found submix "AudioInput"
[17:39:47] ConvaiPlayerLog : Log : UConvaiPlayerComponent: Found submix "AudioInput"
[17:39:47] ConvaiPlayerLog : Log : UConvaiPlayerComponent: Found submix "AudioInput"
[17:39:47] ConvaiPlayerLog : Log : UConvaiPlayerComponent: Found submix "AudioInput"
[17:39:52] ConvaiPlayerLog : Log : UConvaiPlayerComponent: Found submix "AudioInput"
[17:39:52] ConvaiPlayerLog : Log : UConvaiPlayerComponent: Found submix "AudioInput"
[17:39:53] ConvaiPlayerLog : Log : UConvaiPlayerComponent: Found submix "AudioInput"
[17:39:53] ConvaiPlayerLog : Log : UConvaiPlayerComponent: Found submix "AudioInput"
[17:39:53] ConvaiPlayerLog : Log : UConvaiPlayerComponent: Found submix "AudioInput"
[17:39:53] ConvaiPlayerLog : Log : UConvaiPlayerComponent: Found submix "AudioInput"
[17:39:53] ConvaiPlayerLog : Log : UConvaiPlayerComponent: Found submix "AudioInput"
[17:39:53] ConvaiPlayerLog : Log : UConvaiPlayerComponent: Found submix "AudioInput"
[17:39:53] ConvaiPlayerLog : Log : UConvaiPlayerComponent: Found submix "AudioInput"
[17:39:59] ConvaiPlayerLog : Log : UConvaiPlayerComponent: Found submix "AudioInput"
[17:39:59] ConvaiPlayerLog : Log : UConvaiPlayerComponent: Found submix "AudioInput"
[17:39:59] ConvaiChatbotComponentLog : Log : Cleanup | Character ID : ac032e3a-931c-11f0-8bf1-42010a7be01f | Session ID : -1
[17:39:59] ConvaiPlayerLog : Log : UConvaiPlayerComponent: Found submix "AudioInput"
[17:39:59] ConvaiPlayerLog : Log : UConvaiPlayerComponent: Found submix "AudioInput"
[17:39:59] ConvaiPlayerLog : Log : UConvaiPlayerComponent: Found submix "AudioInput"
[17:39:59] ConvaiPlayerLog : Log : UConvaiPlayerComponent: Found submix "AudioInput"
[17:39:59] ConvaiPlayerLog : Log : UConvaiPlayerComponent: Found submix "AudioInput"
[17:39:59] ConvaiPlayerLog : Log : UConvaiPlayerComponent: Found submix "AudioInput"
[17:45:25] ConvaiSubsystemLog : Log : gRPC Creating Channel...
[17:45:25] ConvaiSubsystemLog : Log : Start Run
[17:45:25] ConvaiSubsystemLog : Log : UConvaiSubsystem Started
[17:45:25] ConvaiPlayerLog : Log : UConvaiPlayerComponent: Found submix "AudioInput"
[17:45:25] ConvaiSubsystemLog : Verbose : Registered player component: ConvaiPlayer
[17:45:34] ConvaiSubsystemLog : Warning : gRPC channel not ready yet.. Current State: GRPC_CHANNEL_IDLE
[17:45:34] ConvaiGRPCLog : Log : AsyncGetResponse started | Character ID : ac032e3a-931c-11f0-8bf1-42010a7be01f | Session ID : -1
[17:45:34] ConvaiGRPCLog : Log : GRPC GetResponse stream initialized | Character ID : ac032e3a-931c-11f0-8bf1-42010a7be01f | Session ID : -1
[17:45:34] ConvaiGRPCLog : Log : request: character_id: "ac032e3a-931c-11f0-8bf1-42010a7be01f"
api_key: "0d59d0e9911a2f0886cb47a3cf7925ab"
session_id: "-1"
audio_config {
  sample_rate_hertz: 16000
  enable_facial_data: true
  face_model: FACE_MODEL_OVR_MODEL_NAME
}
action_config {
  actions: "Moves To"
  actions: "Follows"
  actions: "None"
  actions: "Stops"
  actions: "Waits for <time in seconds or character>"
  characters {
    name: "Malia"
  }
  characters {
    name: "Guest"
  }
  characters {
    name: "Player"
  }
  classification: "multistep"
}
speaker: "Player"
dynamic_info_config {
}
 | Character ID : ac032e3a-931c-11f0-8bf1-42010a7be01f | Session ID : -1
[17:45:34] ConvaiGRPCLog : Log : Initial Stream Write | Character ID : ac032e3a-931c-11f0-8bf1-42010a7be01f | Session ID : -1
[17:45:34] ConvaiGRPCLog : Log : Initial Stream Read | Character ID : ac032e3a-931c-11f0-8bf1-42010a7be01f | Session ID : -1
[17:45:34] ConvaiGRPCLog : Log : Sent UserQuery hey: | Character ID : ac032e3a-931c-11f0-8bf1-42010a7be01f | Session ID : -1
[17:45:34] ConvaiGRPCLog : Log : Calling Stream WriteLast | Character ID : ac032e3a-931c-11f0-8bf1-42010a7be01f | Session ID : -1
[17:45:34] ConvaiGRPCLog : Log : OnStreamWriteDone
[17:45:34] ConvaiGRPCLog : Log : NumberOfAudioBytesSent 0
[17:45:38] ConvaiGRPCLog : Log : Received Audio Chunk: 0.872063 secs | Character ID : ac032e3a-931c-11f0-8bf1-42010a7be01f | Session ID : dc38bad23a7da8019bc54ea870d2c61f
[17:45:38] ConvaiGRPCLog : Log : EmotionResponse: neutral 1
[17:45:38] ConvaiAudioStreamerLog : Log : State transition: Stopped -> WaitingOnLipSync
[17:45:38] ConvaiGRPCLog : Log : Received Text Hello there! : | Character ID : ac032e3a-931c-11f0-8bf1-42010a7be01f | Session ID : dc38bad23a7da8019bc54ea870d2c61f | ReceivedFinalResponse : False
[17:45:38] ConvaiAudioStreamerLog : Log : New SampleRate: 44100
[17:45:38] ConvaiAudioStreamerLog : Log : New Channels: 1
[17:45:38] ConvaiAudioStreamerLog : Log : State transition: WaitingOnLipSync -> Playing
[17:45:38] ConvaiAudioStreamerLog : Log : State transition: Playing -> WaitingOnAudio
[17:45:38] ConvaiGRPCLog : Log : Received Audio Chunk: 0.925510 secs | Character ID : ac032e3a-931c-11f0-8bf1-42010a7be01f | Session ID : dc38bad23a7da8019bc54ea870d2c61f
[17:45:38] ConvaiGRPCLog : Log : EmotionResponse: neutral 1
[17:45:38] ConvaiAudioStreamerLog : Log : State transition: WaitingOnAudio -> Playing
[17:45:38] ConvaiGRPCLog : Log : Received Text I'm Malia. : | Character ID : ac032e3a-931c-11f0-8bf1-42010a7be01f | Session ID : dc38bad23a7da8019bc54ea870d2c61f | ReceivedFinalResponse : False
[17:45:38] ConvaiAudioStreamerLog : Log : State transition: Playing -> WaitingOnAudio
[17:45:39] ConvaiGRPCLog : Log : Received Audio Chunk: 9.046961 secs | Character ID : ac032e3a-931c-11f0-8bf1-42010a7be01f | Session ID : dc38bad23a7da8019bc54ea870d2c61f
[17:45:39] ConvaiGRPCLog : Log : EmotionResponse: neutral 1
[17:45:39] ConvaiAudioStreamerLog : Log : State transition: WaitingOnAudio -> Playing
[17:45:39] ConvaiGRPCLog : Log : Received Text We're going to discuss a statement today: "Right-handed people breathe more oxygen than left-handed people." I'm curious, what's your initial thought on that? : | Character ID : ac032e3a-931c-11f0-8bf1-42010a7be01f | Session ID : dc38bad23a7da8019bc54ea870d2c61f | ReceivedFinalResponse : False
[17:45:39] ConvaiAudioStreamerLog : Log : State transition: Playing -> WaitingOnAudio
[17:45:39] ConvaiGRPCLog : Log : Received Audio Chunk: 1.222902 secs | Character ID : ac032e3a-931c-11f0-8bf1-42010a7be01f | Session ID : dc38bad23a7da8019bc54ea870d2c61f
[17:45:39] ConvaiGRPCLog : Log : EmotionResponse: neutral 1
[17:45:39] ConvaiAudioStreamerLog : Log : State transition: WaitingOnAudio -> Playing
[17:45:39] ConvaiGRPCLog : Log : Received Text True or False?: | Character ID : ac032e3a-931c-11f0-8bf1-42010a7be01f | Session ID : dc38bad23a7da8019bc54ea870d2c61f | ReceivedFinalResponse : False
[17:45:39] ConvaiAudioStreamerLog : Log : State transition: Playing -> WaitingOnAudio
[17:45:39] ConvaiGRPCLog : Log : Chatbot Total Received Lipsync Responses: 1209 Responses
[17:45:39] ConvaiChatbotComponentLog : Log : Chatbot Total Received Audio: 12.063356 seconds
[17:45:39] ConvaiGRPCLog : Log : Received Text : | Character ID : ac032e3a-931c-11f0-8bf1-42010a7be01f | Session ID : dc38bad23a7da8019bc54ea870d2c61f | ReceivedFinalResponse : True
[17:45:39] ConvaiGRPCLog : Log : GetResponse SequenceString: None
[17:45:39] ConvaiGRPCLog : Log : Action: None
[17:45:40] ConvaiGRPCLog : Log : No more data to read after 3 attempts. Calling Finish...
[17:45:40] ConvaiGRPCLog : Log : Calling Stream Finish | Character ID : ac032e3a-931c-11f0-8bf1-42010a7be01f | Session ID : dc38bad23a7da8019bc54ea870d2c61f
[17:45:40] ConvaiGRPCLog : Log : On Stream Finish | Character ID : ac032e3a-931c-11f0-8bf1-42010a7be01f | Session ID : dc38bad23a7da8019bc54ea870d2c61f
[17:45:40] ConvaiChatbotComponentLog : Log : UConvaiChatbotComponent Request Finished! | Character ID : ac032e3a-931c-11f0-8bf1-42010a7be01f | Session ID : dc38bad23a7da8019bc54ea870d2c61f
[17:45:50] ConvaiAudioStreamerLog : Log : onAudioFinished
[17:45:50] ConvaiAudioStreamerLog : Log : State transition: WaitingOnAudio -> Playing
[17:45:50] ConvaiAudioStreamerLog : Log : onAudioFinished
[17:45:50] ConvaiAudioStreamerLog : Log : State transition: Playing -> WaitingOnAudio
[17:45:56] ConvaiPlayerLog : Log : Started Talking
[17:45:56] ConvaiAudioLog : Log : Using Headset Microphone (Oculus Virtual Audio Device) as Audio capture device with NumChannels:1 and SampleRate:48000
[17:45:57] ConvaiAudioStreamerLog : Log : State transition: WaitingOnAudio -> Stopped
[17:45:57] ConvaiGRPCLog : Log : AsyncGetResponse started | Character ID : ac032e3a-931c-11f0-8bf1-42010a7be01f | Session ID : dc38bad23a7da8019bc54ea870d2c61f
[17:45:57] ConvaiGRPCLog : Log : GRPC GetResponse stream initialized | Character ID : ac032e3a-931c-11f0-8bf1-42010a7be01f | Session ID : dc38bad23a7da8019bc54ea870d2c61f
[17:45:57] ConvaiGRPCLog : Log : request: character_id: "ac032e3a-931c-11f0-8bf1-42010a7be01f"
api_key: "0d59d0e9911a2f0886cb47a3cf7925ab"
session_id: "dc38bad23a7da8019bc54ea870d2c61f"
audio_config {
  sample_rate_hertz: 16000
  enable_facial_data: true
  face_model: FACE_MODEL_OVR_MODEL_NAME
}
action_config {
  actions: "Moves To"
  actions: "Follows"
  actions: "None"
  actions: "Stops"
  actions: "Waits for <time in seconds or character>"
  characters {
    name: "Malia"
  }
  characters {
    name: "Guest"
  }
  characters {
    name: "Player"
  }
  classification: "multistep"
}
speaker: "Player"
dynamic_info_config {
}
 | Character ID : ac032e3a-931c-11f0-8bf1-42010a7be01f | Session ID : dc38bad23a7da8019bc54ea870d2c61f
[17:45:57] ConvaiGRPCLog : Log : Initial Stream Write | Character ID : ac032e3a-931c-11f0-8bf1-42010a7be01f | Session ID : dc38bad23a7da8019bc54ea870d2c61f
[17:45:57] ConvaiGRPCLog : Log : Initial Stream Read | Character ID : ac032e3a-931c-11f0-8bf1-42010a7be01f | Session ID : dc38bad23a7da8019bc54ea870d2c61f
[17:45:57] ConvaiPlayerLog : Log : FinishTalking calling FinishGetResponseStream
[17:45:57] ConvaiGRPCLog : Log : Finish Writing to audio data buffer
[17:45:57] ConvaiGRPCLog : Log : FinishWriting:: Informing On Data Received
[17:45:57] ConvaiGRPCLog : Log : Calling Stream WritesDone | LastWriteReceived : True | AudioBuffer.Num() : 0 | Character ID : ac032e3a-931c-11f0-8bf1-42010a7be01f | Session ID : dc38bad23a7da8019bc54ea870d2c61f
[17:45:57] ConvaiGRPCLog : Log : On Stream Write Done Writing
[17:45:57] ConvaiPlayerLog : Log : Finished Talking
[17:45:57] ConvaiGRPCLog : Log : OnStreamWriteDone
[17:45:57] ConvaiGRPCLog : Log : NumberOfAudioBytesSent 0
[17:45:57] ConvaiPlayerLog : Warning : SendText: Text is empty
[17:46:01] ConvaiChatbotComponentLog : Log : InterruptSpeech: Interrupting character | Character ID : ac032e3a-931c-11f0-8bf1-42010a7be01f | Session ID : dc38bad23a7da8019bc54ea870d2c61f
[17:46:01] ConvaiChatbotComponentLog : Log : UConvaiChatbotComponent Request Finished! | Character ID : ac032e3a-931c-11f0-8bf1-42010a7be01f | Session ID : dc38bad23a7da8019bc54ea870d2c61f
[17:46:01] ConvaiChatbotComponentLog : Log : Chatbot Total Received Audio: 0.000000 seconds
[17:46:01] ConvaiGRPCLog : Log : AsyncGetResponse started | Character ID : ac032e3a-931c-11f0-8bf1-42010a7be01f | Session ID : dc38bad23a7da8019bc54ea870d2c61f
[17:46:01] ConvaiGRPCLog : Log : GRPC GetResponse stream initialized | Character ID : ac032e3a-931c-11f0-8bf1-42010a7be01f | Session ID : dc38bad23a7da8019bc54ea870d2c61f
[17:46:01] ConvaiGRPCLog : Log : request: character_id: "ac032e3a-931c-11f0-8bf1-42010a7be01f"
api_key: "0d59d0e9911a2f0886cb47a3cf7925ab"
session_id: "dc38bad23a7da8019bc54ea870d2c61f"
audio_config {
  sample_rate_hertz: 16000
  enable_facial_data: true
  face_model: FACE_MODEL_OVR_MODEL_NAME
}
action_config {
  actions: "Moves To"
  actions: "Follows"
  actions: "None"
  actions: "Stops"
  actions: "Waits for <time in seconds or character>"
  characters {
    name: "Malia"
  }
  characters {
    name: "Guest"
  }
  characters {
    name: "Player"
  }
  classification: "multistep"
}
speaker: "Player"
dynamic_info_config {
}
 | Character ID : ac032e3a-931c-11f0-8bf1-42010a7be01f | Session ID : dc38bad23a7da8019bc54ea870d2c61f
[17:46:01] ConvaiGRPCLog : Log : Initial Stream Write | Character ID : ac032e3a-931c-11f0-8bf1-42010a7be01f | Session ID : dc38bad23a7da8019bc54ea870d2c61f
[17:46:01] ConvaiGRPCLog : Log : Initial Stream Read | Character ID : ac032e3a-931c-11f0-8bf1-42010a7be01f | Session ID : dc38bad23a7da8019bc54ea870d2c61f
[17:46:01] ConvaiGRPCLog : Log : Sent UserQuery smile: | Character ID : ac032e3a-931c-11f0-8bf1-42010a7be01f | Session ID : dc38bad23a7da8019bc54ea870d2c61f
[17:46:01] ConvaiGRPCLog : Log : Calling Stream WriteLast | Character ID : ac032e3a-931c-11f0-8bf1-42010a7be01f | Session ID : dc38bad23a7da8019bc54ea870d2c61f
[17:46:01] ConvaiGRPCLog : Log : OnStreamWriteDone
[17:46:01] ConvaiGRPCLog : Log : NumberOfAudioBytesSent 0
[17:46:03] ConvaiGRPCLog : Log : Received Audio Chunk: 0.905782 secs | Character ID : ac032e3a-931c-11f0-8bf1-42010a7be01f | Session ID : dc38bad23a7da8019bc54ea870d2c61f
[17:46:03] ConvaiGRPCLog : Log : EmotionResponse: neutral 1
[17:46:03] ConvaiGRPCLog : Log : Received Text Interesting. : | Character ID : ac032e3a-931c-11f0-8bf1-42010a7be01f | Session ID : dc38bad23a7da8019bc54ea870d2c61f | ReceivedFinalResponse : False
[17:46:04] ConvaiGRPCLog : Log : Received Audio Chunk: 1.792834 secs | Character ID : ac032e3a-931c-11f0-8bf1-42010a7be01f | Session ID : dc38bad23a7da8019bc54ea870d2c61f
[17:46:04] ConvaiGRPCLog : Log : EmotionResponse: neutral 1
[17:46:04] ConvaiGRPCLog : Log : Received Text You're leaning towards false. : | Character ID : ac032e3a-931c-11f0-8bf1-42010a7be01f | Session ID : dc38bad23a7da8019bc54ea870d2c61f | ReceivedFinalResponse : False
[17:46:05] ConvaiGRPCLog : Log : Received Audio Chunk: 7.805578 secs | Character ID : ac032e3a-931c-11f0-8bf1-42010a7be01f | Session ID : dc38bad23a7da8019bc54ea870d2c61f
[17:46:05] ConvaiGRPCLog : Log : EmotionResponse: neutral 1
[17:46:05] ConvaiGRPCLog : Log : Received Text I see why you might think that—it does sound a bit counterintuitive at first glance.

But let's consider something for a moment. : | Character ID : ac032e3a-931c-11f0-8bf1-42010a7be01f | Session ID : dc38bad23a7da8019bc54ea870d2c61f | ReceivedFinalResponse : False
[17:46:05] ConvaiGRPCLog : Log : Received Audio Chunk: 4.124717 secs | Character ID : ac032e3a-931c-11f0-8bf1-42010a7be01f | Session ID : dc38bad23a7da8019bc54ea870d2c61f
[17:46:05] ConvaiGRPCLog : Log : EmotionResponse: neutral 1
[17:46:05] ConvaiGRPCLog : Log : Received Text Have you ever thought about how our bodies adapt to our dominant side? : | Character ID : ac032e3a-931c-11f0-8bf1-42010a7be01f | Session ID : dc38bad23a7da8019bc54ea870d2c61f | ReceivedFinalResponse : False
[17:46:06] ConvaiGRPCLog : Log : Received Audio Chunk: 9.161111 secs | Character ID : ac032e3a-931c-11f0-8bf1-42010a7be01f | Session ID : dc38bad23a7da8019bc54ea870d2c61f
[17:46:06] ConvaiGRPCLog : Log : EmotionResponse: neutral 1
[17:46:06] ConvaiGRPCLog : Log : Received Text Studies have actually shown subtle differences in the musculoskeletal structure of right-handed individuals, particularly around the rib cage and diaphragm. : | Character ID : ac032e3a-931c-11f0-8bf1-42010a7be01f | Session ID : dc38bad23a7da8019bc54ea870d2c61f | ReceivedFinalResponse : False
[17:46:07] ConvaiGRPCLog : Log : Received Audio Chunk: 20.545488 secs | Character ID : ac032e3a-931c-11f0-8bf1-42010a7be01f | Session ID : dc38bad23a7da8019bc54ea870d2c61f
[17:46:07] ConvaiGRPCLog : Log : EmotionResponse: neutral 1
[17:46:07] ConvaiGRPCLog : Log : Received Text These minor structural variations, even if only a few millimeters, could potentially allow for a slightly larger lung expansion on average.

What if these small, almost imperceptible differences in body mechanics, developed over years of favoring one side, actually contribute to a slightly more efficient oxygen intake for right-handers? : | Character ID : ac032e3a-931c-11f0-8bf1-42010a7be01f | Session ID : dc38bad23a7da8019bc54ea870d2c61f | ReceivedFinalResponse : False
[17:46:08] ConvaiGRPCLog : Log : Received Audio Chunk: 1.529660 secs | Character ID : ac032e3a-931c-11f0-8bf1-42010a7be01f | Session ID : dc38bad23a7da8019bc54ea870d2c61f
[17:46:08] ConvaiGRPCLog : Log : EmotionResponse: neutral 1
[17:46:08] ConvaiGRPCLog : Log : Received Text Does that make you wonder?: | Character ID : ac032e3a-931c-11f0-8bf1-42010a7be01f | Session ID : dc38bad23a7da8019bc54ea870d2c61f | ReceivedFinalResponse : False
[17:46:08] ConvaiGRPCLog : Log : Chatbot Total Received Lipsync Responses: 4590 Responses
[17:46:08] ConvaiGRPCLog : Log : Received Text : | Character ID : ac032e3a-931c-11f0-8bf1-42010a7be01f | Session ID : dc38bad23a7da8019bc54ea870d2c61f | ReceivedFinalResponse : True
[17:46:08] ConvaiGRPCLog : Log : GetResponse SequenceString: None
[17:46:08] ConvaiGRPCLog : Log : Action: None
[17:46:09] ConvaiGRPCLog : Log : No more data to read after 3 attempts. Calling Finish...
[17:46:09] ConvaiGRPCLog : Log : Calling Stream Finish | Character ID : ac032e3a-931c-11f0-8bf1-42010a7be01f | Session ID : dc38bad23a7da8019bc54ea870d2c61f
[17:46:09] ConvaiGRPCLog : Log : On Stream Finish | Character ID : ac032e3a-931c-11f0-8bf1-42010a7be01f | Session ID : dc38bad23a7da8019bc54ea870d2c61f
[17:46:10] ConvaiGRPCLog : Log : Received Audio Chunk: 1.353379 secs | Character ID : ac032e3a-931c-11f0-8bf1-42010a7be01f | Session ID : dc38bad23a7da8019bc54ea870d2c61f
[17:46:10] ConvaiGRPCLog : Log : EmotionResponse: neutral 1
[17:46:10] ConvaiAudioStreamerLog : Log : State transition: Stopped -> WaitingOnLipSync
[17:46:10] ConvaiGRPCLog : Log : Received Text That's a nice thought! : | Character ID : ac032e3a-931c-11f0-8bf1-42010a7be01f | Session ID : dc38bad23a7da8019bc54ea870d2c61f | ReceivedFinalResponse : False
[17:46:10] ConvaiAudioStreamerLog : Log : State transition: WaitingOnLipSync -> Playing
[17:46:10] ConvaiAudioStreamerLog : Log : State transition: Playing -> WaitingOnAudio
[17:46:11] ConvaiGRPCLog : Log : Received Audio Chunk: 7.079002 secs | Character ID : ac032e3a-931c-11f0-8bf1-42010a7be01f | Session ID : dc38bad23a7da8019bc54ea870d2c61f
[17:46:11] ConvaiGRPCLog : Log : EmotionResponse: neutral 1
[17:46:11] ConvaiAudioStreamerLog : Log : State transition: WaitingOnAudio -> Playing
[17:46:11] ConvaiGRPCLog : Log : Received Text So, do you think the statement—"Right-handed people breathe more oxygen than left-handed people"—is true or false?: | Character ID : ac032e3a-931c-11f0-8bf1-42010a7be01f | Session ID : dc38bad23a7da8019bc54ea870d2c61f | ReceivedFinalResponse : False
[17:46:11] ConvaiAudioStreamerLog : Log : State transition: Playing -> WaitingOnAudio
[17:46:11] ConvaiGRPCLog : Log : Chatbot Total Received Lipsync Responses: 844 Responses
[17:46:11] ConvaiChatbotComponentLog : Log : Chatbot Total Received Audio: 8.430340 seconds
[17:46:11] ConvaiGRPCLog : Log : Received Text : | Character ID : ac032e3a-931c-11f0-8bf1-42010a7be01f | Session ID : dc38bad23a7da8019bc54ea870d2c61f | ReceivedFinalResponse : True
[17:46:11] ConvaiGRPCLog : Log : GetResponse SequenceString: None
[17:46:11] ConvaiGRPCLog : Log : Action: None
[17:46:12] ConvaiGRPCLog : Log : No more data to read after 3 attempts. Calling Finish...
[17:46:12] ConvaiGRPCLog : Log : Calling Stream Finish | Character ID : ac032e3a-931c-11f0-8bf1-42010a7be01f | Session ID : dc38bad23a7da8019bc54ea870d2c61f
[17:46:12] ConvaiGRPCLog : Log : On Stream Finish | Character ID : ac032e3a-931c-11f0-8bf1-42010a7be01f | Session ID : dc38bad23a7da8019bc54ea870d2c61f
[17:46:12] ConvaiChatbotComponentLog : Log : UConvaiChatbotComponent Request Finished! | Character ID : ac032e3a-931c-11f0-8bf1-42010a7be01f | Session ID : dc38bad23a7da8019bc54ea870d2c61f
[17:46:19] ConvaiAudioStreamerLog : Log : onAudioFinished
[17:46:19] ConvaiAudioStreamerLog : Log : State transition: WaitingOnAudio -> Playing
[17:46:19] ConvaiAudioStreamerLog : Log : onAudioFinished
[17:46:19] ConvaiAudioStreamerLog : Log : State transition: Playing -> WaitingOnAudio
[17:46:26] ConvaiGRPCLog : Log : Destroying UConvaiGRPCGetResponseProxy... | Character ID : ac032e3a-931c-11f0-8bf1-42010a7be01f | Session ID : dc38bad23a7da8019bc54ea870d2c61f
[17:46:26] ConvaiGRPCLog : Log : Destroying UConvaiGRPCGetResponseProxy... | Character ID : ac032e3a-931c-11f0-8bf1-42010a7be01f | Session ID : dc38bad23a7da8019bc54ea870d2c61f
[17:46:26] ConvaiGRPCLog : Log : Destroying UConvaiGRPCGetResponseProxy... | Character ID : ac032e3a-931c-11f0-8bf1-42010a7be01f | Session ID : dc38bad23a7da8019bc54ea870d2c61f
[17:46:35] ConvaiSubsystemLog : Verbose : Unregistered player component: ConvaiPlayer
[17:46:35] ConvaiSubsystemLog : Log : UConvaiSubsystem Stopped
[17:46:35] ConvaiSubsystemLog : Log : End Run
[17:46:35] ConvaiChatbotComponentLog : Log : Cleanup | Character ID : ac032e3a-931c-11f0-8bf1-42010a7be01f | Session ID : dc38bad23a7da8019bc54ea870d2c61f
[18:57:18] ConvaiChatbotComponentLog : Log : Cleanup | Character ID :  | Session ID : -1
[18:57:18] ConvaiChatbotComponentLog : Log : Cleanup | Character ID :  | Session ID : -1
[18:57:19] ConvaiChatbotComponentLog : Log : Cleanup | Character ID :  | Session ID : -1
[18:57:19] ConvaiGRPCLog : Log : Destroying UConvaiGRPCGetResponseProxy... | Character ID :  | Session ID : 
[18:57:19] ConvaiGRPCFeedBackLog : Log : On Stream Finish | Interaction ID :  | Feedback Text :  | ThumbsUp: False
[18:57:19] ConvaiChatbotComponentLog : Log : Cleanup | Character ID :  | Session ID : -1
[18:57:19] ConvaiChatbotComponentLog : Log : Cleanup | Character ID :  | Session ID : -1
[18:57:19] ConvaiChatbotComponentLog : Log : Cleanup | Character ID :  | Session ID : -1
[18:57:19] ConvaiChatbotComponentLog : Log : Cleanup | Character ID : ac032e3a-931c-11f0-8bf1-42010a7be01f | Session ID : -1
[18:57:19] ConvaiChatbotComponentLog : Log : Cleanup | Character ID :  | Session ID : -1
[18:57:19] ConvaiChatbotComponentLog : Log : Cleanup | Character ID :  | Session ID : -1
