[17:20:18] ConvaiChatbotComponentLog : Log : Cleanup | Character ID : ac032e3a-931c-11f0-8bf1-42010a7be01f | Session ID : -1
[17:20:18] ConvaiChatbotComponentLog : Log : Cleanup | Character ID : ac032e3a-931c-11f0-8bf1-42010a7be01f | Session ID : -1
[17:20:21] ConvaiChatbotComponentLog : Log : Cleanup | Character ID : ac032e3a-931c-11f0-8bf1-42010a7be01f | Session ID : -1
[17:20:21] ConvaiChatbotComponentLog : Log : Cleanup | Character ID : ac032e3a-931c-11f0-8bf1-42010a7be01f | Session ID : -1
[17:20:21] ConvaiChatbotComponentLog : Log : Cleanup | Character ID : ac032e3a-931c-11f0-8bf1-42010a7be01f | Session ID : -1
[17:20:21] ConvaiChatbotComponentLog : Log : Cleanup | Character ID : ac032e3a-931c-11f0-8bf1-42010a7be01f | Session ID : -1
[17:20:22] ConvaiChatbotComponentLog : Log : Cleanup | Character ID : ac032e3a-931c-11f0-8bf1-42010a7be01f | Session ID : -1
[17:20:22] ConvaiChatbotComponentLog : Log : Cleanup | Character ID : ac032e3a-931c-11f0-8bf1-42010a7be01f | Session ID : -1
[17:30:07] ConvaiSubsystemLog : Log : gRPC Creating Channel...
[17:30:07] ConvaiSubsystemLog : Log : UConvaiSubsystem Started
[17:30:07] ConvaiSubsystemLog : Log : Start Run
[17:30:08] ConvaiPlayerLog : Log : UConvaiPlayerComponent: Found submix "AudioInput"
[17:30:08] ConvaiSubsystemLog : Verbose : Registered player component: ConvaiPlayer
[17:30:11] ConvaiPlayerLog : Log : Started Talking
[17:30:11] ConvaiAudioLog : Log : Using SteelSeries Sonar - Microphone (SteelSeries Sonar Virtual Audio Device) as Audio capture device with NumChannels:2 and SampleRate:48000
[17:30:11] ConvaiSubsystemLog : Warning : gRPC channel not ready yet.. Current State: GRPC_CHANNEL_IDLE
[17:30:11] ConvaiGRPCLog : Log : AsyncGetResponse started | Character ID : ac032e3a-931c-11f0-8bf1-42010a7be01f | Session ID : -1
[17:30:11] ConvaiGRPCLog : Log : GRPC GetResponse stream initialized | Character ID : ac032e3a-931c-11f0-8bf1-42010a7be01f | Session ID : -1
[17:30:11] ConvaiGRPCLog : Log : request: character_id: "ac032e3a-931c-11f0-8bf1-42010a7be01f"
api_key: "0d59d0e9911a2f0886cb47a3cf7925ab"
session_id: "-1"
audio_config {
  sample_rate_hertz: 16000
  enable_facial_data: true
  face_model: FACE_MODEL_OVR_MODEL_NAME
}
action_config {
  characters {
    name: "Player"
  }
  classification: "multistep"
}
speaker: "Player"
dynamic_info_config {
}
 | Character ID : ac032e3a-931c-11f0-8bf1-42010a7be01f | Session ID : -1
[17:30:11] ConvaiGRPCLog : Log : Initial Stream Write | Character ID : ac032e3a-931c-11f0-8bf1-42010a7be01f | Session ID : -1
[17:30:11] ConvaiGRPCLog : Log : Initial Stream Read | Character ID : ac032e3a-931c-11f0-8bf1-42010a7be01f | Session ID : -1
[17:30:12] ConvaiPlayerLog : Log : FinishTalking calling FinishGetResponseStream
[17:30:12] ConvaiGRPCLog : Log : Finish Writing to audio data buffer
[17:30:12] ConvaiGRPCLog : Log : FinishWriting:: Informing On Data Received
[17:30:12] ConvaiGRPCLog : Log : Calling Stream WritesDone | LastWriteReceived : True | AudioBuffer.Num() : 0 | Character ID : ac032e3a-931c-11f0-8bf1-42010a7be01f | Session ID : -1
[17:30:12] ConvaiGRPCLog : Log : On Stream Write Done Writing
[17:30:12] ConvaiPlayerLog : Log : Finished Talking
[17:30:12] ConvaiGRPCLog : Log : OnStreamWriteDone
[17:30:12] ConvaiGRPCLog : Log : NumberOfAudioBytesSent 36838
[17:30:13] ConvaiGRPCLog : Log : Received UserQuery Bonjour.: | Character ID : ac032e3a-931c-11f0-8bf1-42010a7be01f | Session ID : cec9dbb5c340ee336e4400fd40cb3db1 | IsFinalTranscription : False
[17:30:13] ConvaiGRPCLog : Log : Received UserQuery Bonjour.: | Character ID : ac032e3a-931c-11f0-8bf1-42010a7be01f | Session ID : cec9dbb5c340ee336e4400fd40cb3db1 | IsFinalTranscription : True
[17:30:15] ConvaiGRPCLog : Log : Received Audio Chunk: 0.680726 secs | Character ID : ac032e3a-931c-11f0-8bf1-42010a7be01f | Session ID : cec9dbb5c340ee336e4400fd40cb3db1
[17:30:15] ConvaiGRPCLog : Log : EmotionResponse: neutral 1
[17:30:15] ConvaiAudioStreamerLog : Log : State transition: Stopped -> WaitingOnLipSync
[17:30:15] ConvaiGRPCLog : Log : Received Text Bonjour ! : | Character ID : ac032e3a-931c-11f0-8bf1-42010a7be01f | Session ID : cec9dbb5c340ee336e4400fd40cb3db1 | ReceivedFinalResponse : False
[17:30:15] ConvaiAudioStreamerLog : Log : New SampleRate: 44100
[17:30:15] ConvaiAudioStreamerLog : Log : New Channels: 1
[17:30:15] ConvaiAudioStreamerLog : Log : State transition: WaitingOnLipSync -> Playing
[17:30:15] ConvaiAudioStreamerLog : Log : State transition: Playing -> WaitingOnAudio
[17:30:15] ConvaiGRPCLog : Log : Received Audio Chunk: 1.640726 secs | Character ID : ac032e3a-931c-11f0-8bf1-42010a7be01f | Session ID : cec9dbb5c340ee336e4400fd40cb3db1
[17:30:15] ConvaiGRPCLog : Log : EmotionResponse: neutral 1
[17:30:15] ConvaiAudioStreamerLog : Log : State transition: WaitingOnAudio -> Playing
[17:30:15] ConvaiGRPCLog : Log : Received Text Je suis David. : | Character ID : ac032e3a-931c-11f0-8bf1-42010a7be01f | Session ID : cec9dbb5c340ee336e4400fd40cb3db1 | ReceivedFinalResponse : False
[17:30:15] ConvaiAudioStreamerLog : Log : State transition: Playing -> WaitingOnAudio
[17:30:17] ConvaiAudioStreamerLog : Log : onAudioFinished
[17:30:17] ConvaiAudioStreamerLog : Log : State transition: WaitingOnAudio -> Playing
[17:30:17] ConvaiAudioStreamerLog : Log : onAudioFinished
[17:30:17] ConvaiAudioStreamerLog : Log : State transition: Playing -> WaitingOnAudio
[17:30:18] ConvaiGRPCLog : Log : Received Audio Chunk: 11.600726 secs | Character ID : ac032e3a-931c-11f0-8bf1-42010a7be01f | Session ID : cec9dbb5c340ee336e4400fd40cb3db1
[17:30:18] ConvaiGRPCLog : Log : EmotionResponse: neutral 1
[17:30:18] ConvaiAudioStreamerLog : Log : State transition: WaitingOnAudio -> Playing
[17:30:18] ConvaiGRPCLog : Log : Received Text Ravi de vous rencontrer dans cet espace virtuel.

Je suis là pour discuter d'une affirmation intéressante : "Les personnes droitières respirent plus d'oxygène que les personnes gauchères."

Pour commencer, quelle est votre première réaction à cette affirmation ? : | Character ID : ac032e3a-931c-11f0-8bf1-42010a7be01f | Session ID : cec9dbb5c340ee336e4400fd40cb3db1 | ReceivedFinalResponse : False
[17:30:18] ConvaiAudioStreamerLog : Log : State transition: Playing -> WaitingOnAudio
[17:30:18] ConvaiGRPCLog : Log : Received Audio Chunk: 2.480726 secs | Character ID : ac032e3a-931c-11f0-8bf1-42010a7be01f | Session ID : cec9dbb5c340ee336e4400fd40cb3db1
[17:30:18] ConvaiGRPCLog : Log : EmotionResponse: neutral 1
[17:30:18] ConvaiAudioStreamerLog : Log : State transition: WaitingOnAudio -> Playing
[17:30:18] ConvaiGRPCLog : Log : Received Text La considérez-vous comme Vraie ou Fausse ?: | Character ID : ac032e3a-931c-11f0-8bf1-42010a7be01f | Session ID : cec9dbb5c340ee336e4400fd40cb3db1 | ReceivedFinalResponse : False
[17:30:18] ConvaiAudioStreamerLog : Log : State transition: Playing -> WaitingOnAudio
[17:30:18] ConvaiGRPCLog : Log : Chatbot Total Received Lipsync Responses: 1644 Responses
[17:30:18] ConvaiChatbotComponentLog : Log : Chatbot Total Received Audio: 16.398821 seconds
[17:30:18] ConvaiGRPCLog : Log : Received Text : | Character ID : ac032e3a-931c-11f0-8bf1-42010a7be01f | Session ID : cec9dbb5c340ee336e4400fd40cb3db1 | ReceivedFinalResponse : True
[17:30:18] ConvaiGRPCLog : Log : GetResponse SequenceString: 
[17:30:19] ConvaiGRPCLog : Log : GetResponse EmotionResponseDebug: session_id: "cec9dbb5c340ee336e4400fd40cb3db1"
emotion_response: "Trust Interest Serenity"

[17:30:20] ConvaiSubsystemLog : Verbose : Unregistered player component: ConvaiPlayer
[17:30:20] ConvaiSubsystemLog : Log : UConvaiSubsystem Stopped
[17:30:20] ConvaiChatbotComponentLog : Log : Cleanup | Character ID : ac032e3a-931c-11f0-8bf1-42010a7be01f | Session ID : -1
[17:30:20] ConvaiChatbotComponentLog : Log : Cleanup | Character ID : ac032e3a-931c-11f0-8bf1-42010a7be01f | Session ID : cec9dbb5c340ee336e4400fd40cb3db1
