[21:34:04] ConvaiPlayerLog : Log : UConvaiPlayerComponent: Found submix "AudioInput"
[21:34:09] ConvaiChatbotComponentLog : Log : Cleanup | Character ID : ac032e3a-931c-11f0-8bf1-42010a7be01f | Session ID : -1
[21:34:13] ConvaiChatbotComponentLog : Log : Cleanup | Character ID : ac032e3a-931c-11f0-8bf1-42010a7be01f | Session ID : -1
[21:34:13] ConvaiChatbotComponentLog : Log : Cleanup | Character ID : ac032e3a-931c-11f0-8bf1-42010a7be01f | Session ID : -1
[21:34:13] ConvaiChatbotComponentLog : Log : Cleanup | Character ID : ac032e3a-931c-11f0-8bf1-42010a7be01f | Session ID : -1
[21:35:54] ConvaiSubsystemLog : Log : gRPC Creating Channel...
[21:35:54] ConvaiSubsystemLog : Log : UConvaiSubsystem Started
[21:35:54] ConvaiSubsystemLog : Log : Start Run
[21:35:55] ConvaiPlayerLog : Log : UConvaiPlayerComponent: Found submix "AudioInput"
[21:35:55] ConvaiSubsystemLog : Verbose : Registered player component: ConvaiPlayer
[21:36:00] ConvaiSubsystemLog : Warning : gRPC channel not ready yet.. Current State: GRPC_CHANNEL_IDLE
[21:36:00] ConvaiGRPCLog : Log : AsyncGetResponse started | Character ID : ac032e3a-931c-11f0-8bf1-42010a7be01f | Session ID : -1
[21:36:00] ConvaiGRPCLog : Log : GRPC GetResponse stream initialized | Character ID : ac032e3a-931c-11f0-8bf1-42010a7be01f | Session ID : -1
[21:36:00] ConvaiGRPCLog : Log : request: character_id: "ac032e3a-931c-11f0-8bf1-42010a7be01f"
api_key: "0d59d0e9911a2f0886cb47a3cf7925ab"
session_id: "-1"
audio_config {
  sample_rate_hertz: 16000
  enable_facial_data: true
  face_model: FACE_MODEL_OVR_MODEL_NAME
}
action_config {
  actions: "Moves To"
  actions: "Follows"
  actions: "None"
  actions: "Stops"
  actions: "Waits for <time in seconds or character>"
  characters {
    name: "Malia"
  }
  characters {
    name: "Guest"
  }
  characters {
    name: "Player"
  }
  classification: "multistep"
}
speaker: "Player"
dynamic_info_config {
}
 | Character ID : ac032e3a-931c-11f0-8bf1-42010a7be01f | Session ID : -1
[21:36:00] ConvaiGRPCLog : Log : Initial Stream Write | Character ID : ac032e3a-931c-11f0-8bf1-42010a7be01f | Session ID : -1
[21:36:00] ConvaiGRPCLog : Log : Initial Stream Read | Character ID : ac032e3a-931c-11f0-8bf1-42010a7be01f | Session ID : -1
[21:36:00] ConvaiGRPCLog : Log : Sent UserQuery hello: | Character ID : ac032e3a-931c-11f0-8bf1-42010a7be01f | Session ID : -1
[21:36:00] ConvaiGRPCLog : Log : Calling Stream WriteLast | Character ID : ac032e3a-931c-11f0-8bf1-42010a7be01f | Session ID : -1
[21:36:00] ConvaiGRPCLog : Log : OnStreamWriteDone
[21:36:00] ConvaiGRPCLog : Log : NumberOfAudioBytesSent 0
[21:36:02] ConvaiGRPCLog : Log : Received Audio Chunk: 0.872063 secs | Character ID : ac032e3a-931c-11f0-8bf1-42010a7be01f | Session ID : 313771461f6f99e0b98a6313a9de2dc3
[21:36:02] ConvaiGRPCLog : Log : EmotionResponse: neutral 1
[21:36:02] ConvaiAudioStreamerLog : Log : State transition: Stopped -> WaitingOnLipSync
[21:36:02] ConvaiGRPCLog : Log : Received Text Hello there! : | Character ID : ac032e3a-931c-11f0-8bf1-42010a7be01f | Session ID : 313771461f6f99e0b98a6313a9de2dc3 | ReceivedFinalResponse : False
[21:36:02] ConvaiAudioStreamerLog : Log : New SampleRate: 44100
[21:36:02] ConvaiAudioStreamerLog : Log : New Channels: 1
[21:36:02] ConvaiAudioStreamerLog : Log : State transition: WaitingOnLipSync -> Playing
[21:36:02] ConvaiAudioStreamerLog : Log : State transition: Playing -> WaitingOnAudio
[21:36:03] ConvaiGRPCLog : Log : Received Audio Chunk: 0.925510 secs | Character ID : ac032e3a-931c-11f0-8bf1-42010a7be01f | Session ID : 313771461f6f99e0b98a6313a9de2dc3
[21:36:03] ConvaiGRPCLog : Log : EmotionResponse: neutral 1
[21:36:03] ConvaiAudioStreamerLog : Log : State transition: WaitingOnAudio -> Playing
[21:36:03] ConvaiGRPCLog : Log : Received Text I'm Malia. : | Character ID : ac032e3a-931c-11f0-8bf1-42010a7be01f | Session ID : 313771461f6f99e0b98a6313a9de2dc3 | ReceivedFinalResponse : False
