[15:45:33] ConvaiChatbotComponentLog : Log : Cleanup | Character ID : ac032e3a-931c-11f0-8bf1-42010a7be01f | Session ID : -1
[15:45:33] ConvaiChatbotComponentLog : Log : Cleanup | Character ID : ac032e3a-931c-11f0-8bf1-42010a7be01f | Session ID : -1
[15:46:06] ConvaiChatbotComponentLog : Log : Cleanup | Character ID : ac032e3a-931c-11f0-8bf1-42010a7be01f | Session ID : -1
[15:46:07] ConvaiChatbotComponentLog : Log : Cleanup | Character ID : ac032e3a-931c-11f0-8bf1-42010a7be01f | Session ID : -1
[15:46:33] ConvaiChatbotComponentLog : Log : Cleanup | Character ID : ac032e3a-931c-11f0-8bf1-42010a7be01f | Session ID : -1
[15:46:43] ConvaiChatbotComponentLog : Log : Cleanup | Character ID : ac032e3a-931c-11f0-8bf1-42010a7be01f | Session ID : -1
[15:46:43] ConvaiChatbotComponentLog : Log : Cleanup | Character ID : ac032e3a-931c-11f0-8bf1-42010a7be01f | Session ID : -1
[15:46:43] ConvaiChatbotComponentLog : Log : Cleanup | Character ID : ac032e3a-931c-11f0-8bf1-42010a7be01f | Session ID : -1
[15:46:43] ConvaiChatbotComponentLog : Log : Cleanup | Character ID : ac032e3a-931c-11f0-8bf1-42010a7be01f | Session ID : -1
[15:46:43] ConvaiChatbotComponentLog : Log : Cleanup | Character ID : ac032e3a-931c-11f0-8bf1-42010a7be01f | Session ID : -1
[15:46:43] ConvaiChatbotComponentLog : Log : Cleanup | Character ID : ac032e3a-931c-11f0-8bf1-42010a7be01f | Session ID : -1
[15:46:43] ConvaiChatbotComponentLog : Log : Cleanup | Character ID : ac032e3a-931c-11f0-8bf1-42010a7be01f | Session ID : -1
[15:47:04] ConvaiChatbotComponentLog : Log : Cleanup | Character ID : ac032e3a-931c-11f0-8bf1-42010a7be01f | Session ID : -1
[15:47:17] ConvaiChatbotComponentLog : Log : Cleanup | Character ID : ac032e3a-931c-11f0-8bf1-42010a7be01f | Session ID : -1
[15:47:17] ConvaiChatbotComponentLog : Log : Cleanup | Character ID : ac032e3a-931c-11f0-8bf1-42010a7be01f | Session ID : -1
[15:47:17] ConvaiChatbotComponentLog : Log : Cleanup | Character ID : ac032e3a-931c-11f0-8bf1-42010a7be01f | Session ID : -1
[15:47:18] ConvaiChatbotComponentLog : Log : Cleanup | Character ID : ac032e3a-931c-11f0-8bf1-42010a7be01f | Session ID : -1
[15:47:18] ConvaiChatbotComponentLog : Log : Cleanup | Character ID : ac032e3a-931c-11f0-8bf1-42010a7be01f | Session ID : -1
[15:47:18] ConvaiChatbotComponentLog : Log : Cleanup | Character ID : ac032e3a-931c-11f0-8bf1-42010a7be01f | Session ID : -1
[15:47:18] ConvaiChatbotComponentLog : Log : Cleanup | Character ID : ac032e3a-931c-11f0-8bf1-42010a7be01f | Session ID : -1
[15:47:40] ConvaiChatbotComponentLog : Log : Cleanup | Character ID : ac032e3a-931c-11f0-8bf1-42010a7be01f | Session ID : -1
[15:48:50] ConvaiChatbotComponentLog : Log : Cleanup | Character ID : ac032e3a-931c-11f0-8bf1-42010a7be01f | Session ID : -1
[15:48:50] ConvaiChatbotComponentLog : Log : Cleanup | Character ID : ac032e3a-931c-11f0-8bf1-42010a7be01f | Session ID : -1
[15:48:50] ConvaiChatbotComponentLog : Log : Cleanup | Character ID : ac032e3a-931c-11f0-8bf1-42010a7be01f | Session ID : -1
[15:48:50] ConvaiSubsystemLog : Log : gRPC Creating Channel...
[15:48:50] ConvaiSubsystemLog : Log : UConvaiSubsystem Started
[15:48:50] ConvaiSubsystemLog : Log : Start Run
[15:48:50] ConvaiPlayerLog : Log : UConvaiPlayerComponent: Found submix "AudioInput"
[15:48:50] ConvaiSubsystemLog : Verbose : Registered player component: ConvaiPlayer
[15:48:51] ConvaiSubsystemLog : Verbose : Unregistered player component: ConvaiPlayer
[15:48:51] ConvaiSubsystemLog : Log : UConvaiSubsystem Stopped
[15:48:51] ConvaiSubsystemLog : Log : End Run
[15:48:51] ConvaiChatbotComponentLog : Log : Cleanup | Character ID : ac032e3a-931c-11f0-8bf1-42010a7be01f | Session ID : -1
[15:49:01] ConvaiChatbotComponentLog : Log : Cleanup | Character ID : ac032e3a-931c-11f0-8bf1-42010a7be01f | Session ID : -1
[15:49:01] ConvaiChatbotComponentLog : Log : Cleanup | Character ID : ac032e3a-931c-11f0-8bf1-42010a7be01f | Session ID : -1
[15:49:01] ConvaiChatbotComponentLog : Log : Cleanup | Character ID : ac032e3a-931c-11f0-8bf1-42010a7be01f | Session ID : -1
[15:49:01] ConvaiChatbotComponentLog : Log : Cleanup | Character ID : ac032e3a-931c-11f0-8bf1-42010a7be01f | Session ID : -1
[15:49:16] ConvaiChatbotComponentLog : Log : Cleanup | Character ID : ac032e3a-931c-11f0-8bf1-42010a7be01f | Session ID : -1
[15:49:16] ConvaiChatbotComponentLog : Log : Cleanup | Character ID : ac032e3a-931c-11f0-8bf1-42010a7be01f | Session ID : -1
[15:49:16] ConvaiChatbotComponentLog : Log : Cleanup | Character ID : ac032e3a-931c-11f0-8bf1-42010a7be01f | Session ID : -1
[15:49:16] ConvaiChatbotComponentLog : Log : Cleanup | Character ID : ac032e3a-931c-11f0-8bf1-42010a7be01f | Session ID : -1
[15:50:15] ConvaiChatbotComponentLog : Log : Cleanup | Character ID : ac032e3a-931c-11f0-8bf1-42010a7be01f | Session ID : -1
[15:50:15] ConvaiChatbotComponentLog : Log : Cleanup | Character ID : ac032e3a-931c-11f0-8bf1-42010a7be01f | Session ID : -1
[15:50:15] ConvaiChatbotComponentLog : Log : Cleanup | Character ID : ac032e3a-931c-11f0-8bf1-42010a7be01f | Session ID : -1
[15:50:16] ConvaiChatbotComponentLog : Log : Cleanup | Character ID : ac032e3a-931c-11f0-8bf1-42010a7be01f | Session ID : -1
[15:50:37] ConvaiChatbotComponentLog : Log : Cleanup | Character ID : ac032e3a-931c-11f0-8bf1-42010a7be01f | Session ID : -1
[15:50:37] ConvaiChatbotComponentLog : Log : Cleanup | Character ID : ac032e3a-931c-11f0-8bf1-42010a7be01f | Session ID : -1
[15:50:37] ConvaiChatbotComponentLog : Log : Cleanup | Character ID : ac032e3a-931c-11f0-8bf1-42010a7be01f | Session ID : -1
[15:50:37] ConvaiChatbotComponentLog : Log : Cleanup | Character ID : ac032e3a-931c-11f0-8bf1-42010a7be01f | Session ID : -1
[16:07:54] ConvaiChatbotComponentLog : Log : Cleanup | Character ID : ac032e3a-931c-11f0-8bf1-42010a7be01f | Session ID : -1
[16:07:54] ConvaiChatbotComponentLog : Log : Cleanup | Character ID : ac032e3a-931c-11f0-8bf1-42010a7be01f | Session ID : -1
[16:07:54] ConvaiChatbotComponentLog : Log : Cleanup | Character ID : ac032e3a-931c-11f0-8bf1-42010a7be01f | Session ID : -1
[16:07:54] ConvaiChatbotComponentLog : Log : Cleanup | Character ID : ac032e3a-931c-11f0-8bf1-42010a7be01f | Session ID : -1
[16:08:04] ConvaiChatbotComponentLog : Log : Cleanup | Character ID : ac032e3a-931c-11f0-8bf1-42010a7be01f | Session ID : -1
[16:08:04] ConvaiChatbotComponentLog : Log : Cleanup | Character ID : ac032e3a-931c-11f0-8bf1-42010a7be01f | Session ID : -1
[16:08:04] ConvaiChatbotComponentLog : Log : Cleanup | Character ID : ac032e3a-931c-11f0-8bf1-42010a7be01f | Session ID : -1
[16:08:05] ConvaiChatbotComponentLog : Log : Cleanup | Character ID : ac032e3a-931c-11f0-8bf1-42010a7be01f | Session ID : -1
[16:11:31] ConvaiSubsystemLog : Log : gRPC Creating Channel...
[16:11:31] ConvaiSubsystemLog : Log : Start Run
[16:11:31] ConvaiSubsystemLog : Log : UConvaiSubsystem Started
[16:11:31] ConvaiPlayerLog : Log : UConvaiPlayerComponent: Found submix "AudioInput"
[16:11:31] ConvaiSubsystemLog : Verbose : Registered player component: ConvaiPlayer
[16:11:34] ConvaiSubsystemLog : Verbose : Unregistered player component: ConvaiPlayer
[16:11:34] ConvaiSubsystemLog : Log : UConvaiSubsystem Stopped
[16:11:34] ConvaiSubsystemLog : Log : End Run
[16:11:34] ConvaiChatbotComponentLog : Log : Cleanup | Character ID : ac032e3a-931c-11f0-8bf1-42010a7be01f | Session ID : -1
[16:15:09] ConvaiChatbotComponentLog : Log : Cleanup | Character ID : ac032e3a-931c-11f0-8bf1-42010a7be01f | Session ID : -1
[16:15:09] ConvaiChatbotComponentLog : Log : Cleanup | Character ID : ac032e3a-931c-11f0-8bf1-42010a7be01f | Session ID : -1
[16:15:09] ConvaiChatbotComponentLog : Log : Cleanup | Character ID : ac032e3a-931c-11f0-8bf1-42010a7be01f | Session ID : -1
[16:15:10] ConvaiChatbotComponentLog : Log : Cleanup | Character ID : ac032e3a-931c-11f0-8bf1-42010a7be01f | Session ID : -1
[16:18:19] ConvaiChatbotComponentLog : Log : Cleanup | Character ID : ac032e3a-931c-11f0-8bf1-42010a7be01f | Session ID : -1
[16:18:19] ConvaiChatbotComponentLog : Log : Cleanup | Character ID : ac032e3a-931c-11f0-8bf1-42010a7be01f | Session ID : -1
[16:18:19] ConvaiChatbotComponentLog : Log : Cleanup | Character ID : ac032e3a-931c-11f0-8bf1-42010a7be01f | Session ID : -1
[16:18:19] ConvaiChatbotComponentLog : Log : Cleanup | Character ID : ac032e3a-931c-11f0-8bf1-42010a7be01f | Session ID : -1
[16:31:14] ConvaiSubsystemLog : Log : gRPC Creating Channel...
[16:31:14] ConvaiSubsystemLog : Log : Start Run
[16:31:14] ConvaiSubsystemLog : Log : UConvaiSubsystem Started
[16:31:14] ConvaiPlayerLog : Log : UConvaiPlayerComponent: Found submix "AudioInput"
[16:31:14] ConvaiSubsystemLog : Verbose : Registered player component: ConvaiPlayer
[16:31:20] ConvaiSubsystemLog : Verbose : Unregistered player component: ConvaiPlayer
[16:31:20] ConvaiSubsystemLog : Log : UConvaiSubsystem Stopped
[16:31:20] ConvaiSubsystemLog : Log : End Run
[16:31:20] ConvaiChatbotComponentLog : Log : Cleanup | Character ID : ac032e3a-931c-11f0-8bf1-42010a7be01f | Session ID : -1
[16:31:54] ConvaiPlayerLog : Log : UConvaiPlayerComponent: Found submix "AudioInput"
[16:31:57] ConvaiPlayerLog : Log : UConvaiPlayerComponent: Found submix "AudioInput"
[16:32:00] ConvaiPlayerLog : Log : UConvaiPlayerComponent: Found submix "AudioInput"
[16:32:43] ConvaiPlayerLog : Log : UConvaiPlayerComponent: Found submix "AudioInput"
[16:32:43] ConvaiPlayerLog : Log : UConvaiPlayerComponent: Found submix "AudioInput"
[16:32:53] ConvaiPlayerLog : Log : UConvaiPlayerComponent: Found submix "AudioInput"
[16:32:53] ConvaiPlayerLog : Log : UConvaiPlayerComponent: Found submix "AudioInput"
[16:32:53] ConvaiPlayerLog : Log : UConvaiPlayerComponent: Found submix "AudioInput"
[16:32:53] ConvaiPlayerLog : Log : UConvaiPlayerComponent: Found submix "AudioInput"
[16:32:53] ConvaiPlayerLog : Log : UConvaiPlayerComponent: Found submix "AudioInput"
[16:32:53] ConvaiPlayerLog : Log : UConvaiPlayerComponent: Found submix "AudioInput"
[16:32:53] ConvaiPlayerLog : Log : UConvaiPlayerComponent: Found submix "AudioInput"
[17:02:43] ConvaiSubsystemLog : Log : gRPC Creating Channel...
[17:02:43] ConvaiSubsystemLog : Log : Start Run
[17:02:43] ConvaiSubsystemLog : Log : UConvaiSubsystem Started
[17:02:43] ConvaiPlayerLog : Log : UConvaiPlayerComponent: Found submix "AudioInput"
[17:02:43] ConvaiSubsystemLog : Verbose : Registered player component: ConvaiPlayer
[17:02:51] ConvaiSubsystemLog : Verbose : Unregistered player component: ConvaiPlayer
[17:02:51] ConvaiSubsystemLog : Log : UConvaiSubsystem Stopped
[17:02:51] ConvaiSubsystemLog : Log : End Run
[17:02:51] ConvaiChatbotComponentLog : Log : Cleanup | Character ID : ac032e3a-931c-11f0-8bf1-42010a7be01f | Session ID : -1
[17:04:52] ConvaiChatbotComponentLog : Log : Cleanup | Character ID : ac032e3a-931c-11f0-8bf1-42010a7be01f | Session ID : -1
[17:04:52] ConvaiChatbotComponentLog : Log : Cleanup | Character ID : ac032e3a-931c-11f0-8bf1-42010a7be01f | Session ID : -1
[17:04:52] ConvaiChatbotComponentLog : Log : Cleanup | Character ID : ac032e3a-931c-11f0-8bf1-42010a7be01f | Session ID : -1
[17:51:22] ConvaiPlayerLog : Log : UConvaiPlayerComponent: Found submix "AudioInput"
[17:51:22] ConvaiChatbotComponentLog : Log : Cleanup | Character ID : ac032e3a-931c-11f0-8bf1-42010a7be01f | Session ID : -1
[17:51:22] ConvaiPlayerLog : Log : UConvaiPlayerComponent: Found submix "AudioInput"
[17:51:40] ConvaiChatbotComponentLog : Log : Cleanup | Character ID : ac032e3a-931c-11f0-8bf1-42010a7be01f | Session ID : -1
[17:51:40] ConvaiChatbotComponentLog : Log : Cleanup | Character ID : ac032e3a-931c-11f0-8bf1-42010a7be01f | Session ID : -1
[17:51:41] ConvaiChatbotComponentLog : Log : Cleanup | Character ID : ac032e3a-931c-11f0-8bf1-42010a7be01f | Session ID : -1
[17:51:47] ConvaiPlayerLog : Log : UConvaiPlayerComponent: Found submix "AudioInput"
[18:20:06] ConvaiSubsystemLog : Log : gRPC Creating Channel...
[18:20:06] ConvaiSubsystemLog : Log : Start Run
[18:20:06] ConvaiSubsystemLog : Log : UConvaiSubsystem Started
[18:20:06] ConvaiPlayerLog : Log : UConvaiPlayerComponent: Found submix "AudioInput"
[18:20:06] ConvaiSubsystemLog : Verbose : Registered player component: ConvaiPlayer
[18:20:08] ConvaiSubsystemLog : Verbose : Unregistered player component: ConvaiPlayer
[18:20:08] ConvaiSubsystemLog : Log : UConvaiSubsystem Stopped
[18:20:08] ConvaiSubsystemLog : Log : End Run
[18:20:08] ConvaiChatbotComponentLog : Log : Cleanup | Character ID : ac032e3a-931c-11f0-8bf1-42010a7be01f | Session ID : -1
[18:30:38] ConvaiSubsystemLog : Log : gRPC Creating Channel...
[18:30:38] ConvaiSubsystemLog : Log : Start Run
[18:30:38] ConvaiSubsystemLog : Log : UConvaiSubsystem Started
[18:30:38] ConvaiPlayerLog : Log : UConvaiPlayerComponent: Found submix "AudioInput"
[18:30:38] ConvaiSubsystemLog : Verbose : Registered player component: ConvaiPlayer
[18:30:42] ConvaiSubsystemLog : Verbose : Unregistered player component: ConvaiPlayer
[18:30:42] ConvaiSubsystemLog : Log : UConvaiSubsystem Stopped
[18:30:42] ConvaiSubsystemLog : Log : End Run
[18:30:43] ConvaiChatbotComponentLog : Log : Cleanup | Character ID : ac032e3a-931c-11f0-8bf1-42010a7be01f | Session ID : -1
[18:36:03] ConvaiGRPCLog : Log : Destroying UConvaiGRPCGetResponseProxy... | Character ID :  | Session ID : 
[18:36:03] ConvaiGRPCFeedBackLog : Log : On Stream Finish | Interaction ID :  | Feedback Text :  | ThumbsUp: False
[18:36:03] ConvaiChatbotComponentLog : Log : Cleanup | Character ID :  | Session ID : -1
[18:36:03] ConvaiChatbotComponentLog : Log : Cleanup | Character ID :  | Session ID : -1
[18:36:03] ConvaiChatbotComponentLog : Log : Cleanup | Character ID : ac032e3a-931c-11f0-8bf1-42010a7be01f | Session ID : -1
[18:36:03] ConvaiChatbotComponentLog : Log : Cleanup | Character ID :  | Session ID : -1
